---
- council_reference: PLN001/2025
  address: Carmody Road MUSKERRY VIC 3557
  description: Use and development of the land for a dwelling in the Farming Zone
    Schedule 1
  info_url: https://campaspe-web.t1cloud.com/T1PRDefault/WebApps/eProperty/P1/eTrack/eTrackApplicationDetails.aspx?ApplicationId=PLN001%2F2025&f=%24P1.ETR.APPDET.VIW&r=SOC.WEBGUEST
  date_scraped: '2019-05-15'
  date_received: '2025-02-13'
- council_reference: PLN002/2025
  address: 216 Nine Mile Road RUSHWORTH VIC 3612
  description: Development of the land for an agricultural shed in the Farming Zone
    Schedule 1 and Bushfire Management Overlay
  info_url: https://campaspe-web.t1cloud.com/T1PRDefault/WebApps/eProperty/P1/eTrack/eTrackApplicationDetails.aspx?ApplicationId=PLN002%2F2025&f=%24P1.ETR.APPDET.VIW&r=SOC.WEBGUEST
  date_scraped: '2019-05-15'
  date_received: '2025-02-13'
- council_reference: PLN003/2025
  address: 170 Wharparilla Drive ECHUCA VIC 3564
  description: Dwelling extension
  info_url: https://campaspe-web.t1cloud.com/T1PRDefault/WebApps/eProperty/P1/eTrack/eTrackApplicationDetails.aspx?ApplicationId=PLN003%2F2025&f=%24P1.ETR.APPDET.VIW&r=SOC.WEBGUEST
  date_scraped: '2019-05-15'
  date_received: '2025-02-14'
- council_reference: PLN005/2025
  address: 2601 Heathcote-Rochester Road COLBINABBIN VIC 3559
  description: VICSMART - Buildings and works (verandah and alfresco) in the Farming
    Zone Schedule 1
  info_url: https://campaspe-web.t1cloud.com/T1PRDefault/WebApps/eProperty/P1/eTrack/eTrackApplicationDetails.aspx?ApplicationId=PLN005%2F2025&f=%24P1.ETR.APPDET.VIW&r=SOC.WEBGUEST
  date_scraped: '2019-05-15'
  date_received: '2025-02-14'
- council_reference: PLN006/2025
  address: 6525 Northern Highway ROCHESTER VIC 3561
  description: Buildings and works (greenhouse) in the Farming Zone Schedule 1 and
    the Land Subject to Inundation Overlay
  info_url: https://campaspe-web.t1cloud.com/T1PRDefault/WebApps/eProperty/P1/eTrack/eTrackApplicationDetails.aspx?ApplicationId=PLN006%2F2025&f=%24P1.ETR.APPDET.VIW&r=SOC.WEBGUEST
  date_scraped: '2019-05-15'
  date_received: '2025-02-14'
- council_reference: PLN008/2025
  address: 15 Rosemount Way KYABRAM VIC 3620
  description: Dwelling
  info_url: https://campaspe-web.t1cloud.com/T1PRDefault/WebApps/eProperty/P1/eTrack/eTrackApplicationDetails.aspx?ApplicationId=PLN008%2F2025&f=%24P1.ETR.APPDET.VIW&r=SOC.WEBGUEST
  date_scraped: '2019-05-15'
  date_received: '2025-02-17'
- council_reference: PLN089/2024.A
  address: 51 River Avenue ECHUCA VILLAGE VIC 3564
  description: AMENDMENT Buildings and works (Swimming pool and barrier and filtration
    equipment shed) in association with an existing Section 2 Use (caravan park) and
    vegetation removal in the Farming Zone Schedule 1, Floodway Overlay, Environmental
    Significant Overlay-Schedule 1 and Restructure Overlay
  info_url: https://campaspe-web.t1cloud.com/T1PRDefault/WebApps/eProperty/P1/eTrack/eTrackApplicationDetails.aspx?ApplicationId=PLN089%2F2024.A&f=%24P1.ETR.APPDET.VIW&r=SOC.WEBGUEST
  date_scraped: '2019-05-15'
  date_received: '2025-02-17'
- council_reference: PLN152/2022.B
  address: 21 Baynes Street ROCHESTER VIC 3561
  description: AMENDMENT - Subdivision of land into two (2) lots in the General Residential
    Zone and Land Subject to Inundation Overlay
  info_url: https://campaspe-web.t1cloud.com/T1PRDefault/WebApps/eProperty/P1/eTrack/eTrackApplicationDetails.aspx?ApplicationId=PLN152%2F2022.B&f=%24P1.ETR.APPDET.VIW&r=SOC.WEBGUEST
  date_scraped: '2019-05-15'
  date_received: '2025-02-04'
- council_reference: PLN174/2024.A
  address: 46 Francis Street ECHUCA VIC 3564
  description: AMENDMENT Buildings & works (external alterations and outbuilding)
    in the Heritage Overlay Schedule 3
  info_url: https://campaspe-web.t1cloud.com/T1PRDefault/WebApps/eProperty/P1/eTrack/eTrackApplicationDetails.aspx?ApplicationId=PLN174%2F2024.A&f=%24P1.ETR.APPDET.VIW&r=SOC.WEBGUEST
  date_scraped: '2019-05-15'
  date_received: '2025-01-31'
- council_reference: PLN257/2024
  address: Echuca West School Road ECHUCA WEST VIC 3564
  description: Use and development of a dwelling in the Farming Zone Schedule 1 and
    Land Subject to Inundation Overlay
  info_url: https://campaspe-web.t1cloud.com/T1PRDefault/WebApps/eProperty/P1/eTrack/eTrackApplicationDetails.aspx?ApplicationId=PLN257%2F2024&f=%24P1.ETR.APPDET.VIW&r=SOC.WEBGUEST
  date_scraped: '2019-05-15'
  date_received: '2025-02-05'
- council_reference: PLN282/2024.A
  address: 574-576 High Street ECHUCA VIC 3564
  description: Amendment - VICSMART - Buildings and works (external painting) and
    Business Identification Signage in the Heritage Overlay Schedule 1
  info_url: https://campaspe-web.t1cloud.com/T1PRDefault/WebApps/eProperty/P1/eTrack/eTrackApplicationDetails.aspx?ApplicationId=PLN282%2F2024.A&f=%24P1.ETR.APPDET.VIW&r=SOC.WEBGUEST
  date_scraped: '2019-05-15'
  date_received: '2025-01-24'
- council_reference: PLN293/2024
  address: Unit 1/8 Lancaster Street KYABRAM VIC 3620
  description: Use and development of the land for six (6) dwellings in the General
    Residential Zone
  info_url: https://campaspe-web.t1cloud.com/T1PRDefault/WebApps/eProperty/P1/eTrack/eTrackApplicationDetails.aspx?ApplicationId=PLN293%2F2024&f=%24P1.ETR.APPDET.VIW&r=SOC.WEBGUEST
  date_scraped: '2019-05-15'
  date_received: '2025-02-13'
- council_reference: PLN329/2024
  address: Goddard Road KYABRAM VIC 3620
  description: Use and development of the land for a dwelling and an outbuilding in
    the Farming Zone 2
  info_url: https://campaspe-web.t1cloud.com/T1PRDefault/WebApps/eProperty/P1/eTrack/eTrackApplicationDetails.aspx?ApplicationId=PLN329%2F2024&f=%24P1.ETR.APPDET.VIW&r=SOC.WEBGUEST
  date_scraped: '2019-05-15'
  date_received: '2025-01-28'
- council_reference: PLN335/2024
  address: Northern Highway BALLENDELLA VIC 3561
  description: Underbore an irrigation pipe under the Campaspe River
  info_url: https://campaspe-web.t1cloud.com/T1PRDefault/WebApps/eProperty/P1/eTrack/eTrackApplicationDetails.aspx?ApplicationId=PLN335%2F2024&f=%24P1.ETR.APPDET.VIW&r=SOC.WEBGUEST
  date_scraped: '2019-05-15'
  date_received: '2025-02-05'
- council_reference: PLN336/2024
  address: 183-187 Hare Street ECHUCA VIC 3564
  description: Remove existing sign, replace with new sign
  info_url: https://campaspe-web.t1cloud.com/T1PRDefault/WebApps/eProperty/P1/eTrack/eTrackApplicationDetails.aspx?ApplicationId=PLN336%2F2024&f=%24P1.ETR.APPDET.VIW&r=SOC.WEBGUEST
  date_scraped: '2019-05-15'
  date_received: '2025-01-30'
- council_reference: PLN337/2024
  address: 7 Riverland Close ECHUCA VIC 3564
  description: Buildings and Works (single dwelling) in the Floodway Overlay
  info_url: https://campaspe-web.t1cloud.com/T1PRDefault/WebApps/eProperty/P1/eTrack/eTrackApplicationDetails.aspx?ApplicationId=PLN337%2F2024&f=%24P1.ETR.APPDET.VIW&r=SOC.WEBGUEST
  date_scraped: '2019-05-15'
  date_received: '2025-01-31'
- council_reference: PLN338/2024
  address: 1367 Peppertree Lane KYABRAM VIC 3620
  description: Boundary realignment (dwelling excision) in the Farming Zone Schedule
    1 and Land Subject to Inundation Overlay
  info_url: https://campaspe-web.t1cloud.com/T1PRDefault/WebApps/eProperty/P1/eTrack/eTrackApplicationDetails.aspx?ApplicationId=PLN338%2F2024&f=%24P1.ETR.APPDET.VIW&r=SOC.WEBGUEST
  date_scraped: '2019-05-15'
  date_received: '2025-02-07'
- council_reference: PLN339/2024
  address: 153 Bangerang Road ECHUCA VILLAGE VIC 3564
  description: Buildings and works (verandah and alfresco) in the Farming Zone Schedule
    2 and Restructure Overlay
  info_url: https://campaspe-web.t1cloud.com/T1PRDefault/WebApps/eProperty/P1/eTrack/eTrackApplicationDetails.aspx?ApplicationId=PLN339%2F2024&f=%24P1.ETR.APPDET.VIW&r=SOC.WEBGUEST
  date_scraped: '2019-05-15'
  date_received: '2025-02-03'
- council_reference: PLN340/2024
  address: 10 Phillips Street RUSHWORTH VIC 3612
  description: VICSMART â€“ Subdivision of the land into two lots under the Township
    Zone and Heritage Overlay Schedule 301
  info_url: https://campaspe-web.t1cloud.com/T1PRDefault/WebApps/eProperty/P1/eTrack/eTrackApplicationDetails.aspx?ApplicationId=PLN340%2F2024&f=%24P1.ETR.APPDET.VIW&r=SOC.WEBGUEST
  date_scraped: '2019-05-15'
  date_received: '2025-02-05'
- council_reference: PLN341/2024
  address: 126 Bedwell Road RUSHWORTH VIC 3612
  description: VICSMART - Shed
  info_url: https://campaspe-web.t1cloud.com/T1PRDefault/WebApps/eProperty/P1/eTrack/eTrackApplicationDetails.aspx?ApplicationId=PLN341%2F2024&f=%24P1.ETR.APPDET.VIW&r=SOC.WEBGUEST
  date_scraped: '2019-05-15'
  date_received: '2025-02-10'
- council_reference: PLN342/2024
  address: Heygarth Street ECHUCA VIC 3564
  description: Removal of native vegetation
  info_url: https://campaspe-web.t1cloud.com/T1PRDefault/WebApps/eProperty/P1/eTrack/eTrackApplicationDetails.aspx?ApplicationId=PLN342%2F2024&f=%24P1.ETR.APPDET.VIW&r=SOC.WEBGUEST
  date_scraped: '2019-05-15'
  date_received: '2025-02-17'
- council_reference: PLN343/2024
  address: 64 Hopwood Street ECHUCA VIC 3564
  description: Removal of vegetation in the Heritage Overlay Schedule 3
  info_url: https://campaspe-web.t1cloud.com/T1PRDefault/WebApps/eProperty/P1/eTrack/eTrackApplicationDetails.aspx?ApplicationId=PLN343%2F2024&f=%24P1.ETR.APPDET.VIW&r=SOC.WEBGUEST
  date_scraped: '2019-05-15'
  date_received: '2025-02-11'
- council_reference: PLN344/2024
  address: 221 Dunbar Road LANCASTER VIC 3620
  description: VICSMART - Buildings and works (shed) in the Farming Zone Schedule
    2
  info_url: https://campaspe-web.t1cloud.com/T1PRDefault/WebApps/eProperty/P1/eTrack/eTrackApplicationDetails.aspx?ApplicationId=PLN344%2F2024&f=%24P1.ETR.APPDET.VIW&r=SOC.WEBGUEST
  date_scraped: '2019-05-15'
  date_received: '2025-02-11'
