---
- council_reference: PA25-0016
  address: 18 Liquidamber Street DOVETON VIC 3177
  description: Development of Two Dwellings
  info_url: https://casey-web.t1cloud.com/T1PRDefault/WebApps/eProperty/P1/eTrack/eTrackApplicationDetails.aspx?ApplicationId=PA25-0016&f=%24P1.ETR.APPDET.VIW&r=P1.WEBGUEST
  date_scraped: '2019-05-15'
  date_received: '2025-02-13'
- council_reference: PA25-0017
  address: 23 Riverview Crescent EUMEMMERRING VIC 3177
  description: Development of Four Dwellings
  info_url: https://casey-web.t1cloud.com/T1PRDefault/WebApps/eProperty/P1/eTrack/eTrackApplicationDetails.aspx?ApplicationId=PA25-0017&f=%24P1.ETR.APPDET.VIW&r=P1.WEBGUEST
  date_scraped: '2019-05-15'
  date_received: '2025-02-10'
- council_reference: PA25-0025
  address: 7 Lesdon Avenue CRANBOURNE VIC 3977
  description: Display of Business Identification Signage
  info_url: https://casey-web.t1cloud.com/T1PRDefault/WebApps/eProperty/P1/eTrack/eTrackApplicationDetails.aspx?ApplicationId=PA25-0025&f=%24P1.ETR.APPDET.VIW&r=P1.WEBGUEST
  date_scraped: '2019-05-15'
  date_received: '2025-02-04'
- council_reference: PA25-0026
  address: 150S Ernstbrook Drive CLYDE VIC 3978
  description: Use and Development of a Childcare Centre
  info_url: https://casey-web.t1cloud.com/T1PRDefault/WebApps/eProperty/P1/eTrack/eTrackApplicationDetails.aspx?ApplicationId=PA25-0026&f=%24P1.ETR.APPDET.VIW&r=P1.WEBGUEST
  date_scraped: '2019-05-15'
  date_received: '2025-02-06'
- council_reference: PA25-0028
  address: 55 Cannons Creek Road CANNONS CREEK VIC 3977
  description: Alterations to an Existing Dwelling and Development of a Shed
  info_url: https://casey-web.t1cloud.com/T1PRDefault/WebApps/eProperty/P1/eTrack/eTrackApplicationDetails.aspx?ApplicationId=PA25-0028&f=%24P1.ETR.APPDET.VIW&r=P1.WEBGUEST
  date_scraped: '2019-05-15'
  date_received: '2025-01-28'
- council_reference: PA25-0030
  address: 22 Somerford Drive CLYDE NORTH VIC 3978
  description: Development of a Garage exceeding the 40% Garage Opening Restriction
  info_url: https://casey-web.t1cloud.com/T1PRDefault/WebApps/eProperty/P1/eTrack/eTrackApplicationDetails.aspx?ApplicationId=PA25-0030&f=%24P1.ETR.APPDET.VIW&r=P1.WEBGUEST
  date_scraped: '2019-05-15'
  date_received: '2025-01-28'
- council_reference: PA25-0031
  address: 315-329 Belgrave-Hallam Road NARRE WARREN NORTH VIC 3804
  description: Development of a Second Dwelling (Retrospective)
  info_url: https://casey-web.t1cloud.com/T1PRDefault/WebApps/eProperty/P1/eTrack/eTrackApplicationDetails.aspx?ApplicationId=PA25-0031&f=%24P1.ETR.APPDET.VIW&r=P1.WEBGUEST
  date_scraped: '2019-05-15'
  date_received: '2025-01-28'
- council_reference: PA25-0032
  address: 40-42 King Road HARKAWAY VIC 3806
  description: Development of Outbuilding (Studio), Pergola, Decking and Retaining
    Wall and Removal of Vegetation (non-native) - (Retrospective)
  info_url: https://casey-web.t1cloud.com/T1PRDefault/WebApps/eProperty/P1/eTrack/eTrackApplicationDetails.aspx?ApplicationId=PA25-0032&f=%24P1.ETR.APPDET.VIW&r=P1.WEBGUEST
  date_scraped: '2019-05-15'
  date_received: '2025-01-28'
- council_reference: PA25-0033
  address: 18 Margaret Street BERWICK VIC 3806
  description: Development of Alterations and Additions to Existing Dwelling for a
    Rooming House (NDIS)
  info_url: https://casey-web.t1cloud.com/T1PRDefault/WebApps/eProperty/P1/eTrack/eTrackApplicationDetails.aspx?ApplicationId=PA25-0033&f=%24P1.ETR.APPDET.VIW&r=P1.WEBGUEST
  date_scraped: '2019-05-15'
  date_received: '2025-01-28'
- council_reference: PA25-0034
  address: 4-10I McMahon Avenue CRANBOURNE NORTH VIC 3977
  description: Removal of Native Vegetation
  info_url: https://casey-web.t1cloud.com/T1PRDefault/WebApps/eProperty/P1/eTrack/eTrackApplicationDetails.aspx?ApplicationId=PA25-0034&f=%24P1.ETR.APPDET.VIW&r=P1.WEBGUEST
  date_scraped: '2019-05-15'
  date_received: '2025-01-29'
- council_reference: PA25-0036
  address: 100 Anchorage Drive BLIND BIGHT VIC 3980
  description: Removal of Native Vegetation
  info_url: https://casey-web.t1cloud.com/T1PRDefault/WebApps/eProperty/P1/eTrack/eTrackApplicationDetails.aspx?ApplicationId=PA25-0036&f=%24P1.ETR.APPDET.VIW&r=P1.WEBGUEST
  date_scraped: '2019-05-15'
  date_received: '2025-01-29'
- council_reference: PA25-0038
  address: 7 Albatross Court CANNONS CREEK VIC 3977
  description: Development of a Dwelling
  info_url: https://casey-web.t1cloud.com/T1PRDefault/WebApps/eProperty/P1/eTrack/eTrackApplicationDetails.aspx?ApplicationId=PA25-0038&f=%24P1.ETR.APPDET.VIW&r=P1.WEBGUEST
  date_scraped: '2019-05-15'
  date_received: '2025-02-03'
- council_reference: PA25-0040
  address: 51 William Road BERWICK VIC 3806
  description: Five Lot Subdivision
  info_url: https://casey-web.t1cloud.com/T1PRDefault/WebApps/eProperty/P1/eTrack/eTrackApplicationDetails.aspx?ApplicationId=PA25-0040&f=%24P1.ETR.APPDET.VIW&r=P1.WEBGUEST
  date_scraped: '2019-05-15'
  date_received: '2025-01-23'
- council_reference: PA25-0041
  address: 5 Pittosporum Grove DOVETON VIC 3177
  description: Three Lot Subdivision
  info_url: https://casey-web.t1cloud.com/T1PRDefault/WebApps/eProperty/P1/eTrack/eTrackApplicationDetails.aspx?ApplicationId=PA25-0041&f=%24P1.ETR.APPDET.VIW&r=P1.WEBGUEST
  date_scraped: '2019-05-15'
  date_received: '2025-01-29'
- council_reference: PA25-0042
  address: 13 Hudson Street CRANBOURNE VIC 3977
  description: Three Lot Subdivision
  info_url: https://casey-web.t1cloud.com/T1PRDefault/WebApps/eProperty/P1/eTrack/eTrackApplicationDetails.aspx?ApplicationId=PA25-0042&f=%24P1.ETR.APPDET.VIW&r=P1.WEBGUEST
  date_scraped: '2019-05-15'
  date_received: '2025-01-30'
- council_reference: PA25-0044
  address: 283 Belgrave-Hallam Road NARRE WARREN NORTH VIC 3804
  description: Removal of a Restriction (Section 173 Agreement P168643B)
  info_url: https://casey-web.t1cloud.com/T1PRDefault/WebApps/eProperty/P1/eTrack/eTrackApplicationDetails.aspx?ApplicationId=PA25-0044&f=%24P1.ETR.APPDET.VIW&r=P1.WEBGUEST
  date_scraped: '2019-05-15'
  date_received: '2025-02-10'
- council_reference: PA25-0045
  address: 11 Pearce Court PEARCEDALE VIC 3912
  description: Three Lot Subdivision
  info_url: https://casey-web.t1cloud.com/T1PRDefault/WebApps/eProperty/P1/eTrack/eTrackApplicationDetails.aspx?ApplicationId=PA25-0045&f=%24P1.ETR.APPDET.VIW&r=P1.WEBGUEST
  date_scraped: '2019-05-15'
  date_received: '2025-01-31'
- council_reference: PA25-0046
  address: 10 Autumn Place DOVETON VIC 3177
  description: Additions and Alterations to an Existing Shop
  info_url: https://casey-web.t1cloud.com/T1PRDefault/WebApps/eProperty/P1/eTrack/eTrackApplicationDetails.aspx?ApplicationId=PA25-0046&f=%24P1.ETR.APPDET.VIW&r=P1.WEBGUEST
  date_scraped: '2019-05-15'
  date_received: '2025-02-06'
- council_reference: PA25-0048
  address: Unit 1/29 Camino Crescent CRANBOURNE WEST VIC 3977
  description: Use of Premises for a Supermarket, Display of Business Identification
    Signage and Reduction in Carparking Requirements
  info_url: https://casey-web.t1cloud.com/T1PRDefault/WebApps/eProperty/P1/eTrack/eTrackApplicationDetails.aspx?ApplicationId=PA25-0048&f=%24P1.ETR.APPDET.VIW&r=P1.WEBGUEST
  date_scraped: '2019-05-15'
  date_received: '2025-02-10'
- council_reference: PA25-0049
  address: 17 Wally Place LYNBROOK VIC 3975
  description: Development of a Mezzanine
  info_url: https://casey-web.t1cloud.com/T1PRDefault/WebApps/eProperty/P1/eTrack/eTrackApplicationDetails.aspx?ApplicationId=PA25-0049&f=%24P1.ETR.APPDET.VIW&r=P1.WEBGUEST
  date_scraped: '2019-05-15'
  date_received: '2025-02-07'
- council_reference: PA25-0050
  address: 10 Liquidamber Street DOVETON VIC 3177
  description: Development of Two Dwellings
  info_url: https://casey-web.t1cloud.com/T1PRDefault/WebApps/eProperty/P1/eTrack/eTrackApplicationDetails.aspx?ApplicationId=PA25-0050&f=%24P1.ETR.APPDET.VIW&r=P1.WEBGUEST
  date_scraped: '2019-05-15'
  date_received: '2025-02-07'
- council_reference: PA25-0052
  address: 26 Fugosia Street DOVETON VIC 3177
  description: Six Lot Subdivision
  info_url: https://casey-web.t1cloud.com/T1PRDefault/WebApps/eProperty/P1/eTrack/eTrackApplicationDetails.aspx?ApplicationId=PA25-0052&f=%24P1.ETR.APPDET.VIW&r=P1.WEBGUEST
  date_scraped: '2019-05-15'
  date_received: '2025-02-06'
- council_reference: PA25-0053
  address: 1 Flamingo Court NARRE WARREN SOUTH VIC 3805
  description: Two Lot Subdivision
  info_url: https://casey-web.t1cloud.com/T1PRDefault/WebApps/eProperty/P1/eTrack/eTrackApplicationDetails.aspx?ApplicationId=PA25-0053&f=%24P1.ETR.APPDET.VIW&r=P1.WEBGUEST
  date_scraped: '2019-05-15'
  date_received: '2025-02-10'
- council_reference: PA25-0054
  address: 34 Industrial Circuit CRANBOURNE WEST VIC 3977
  description: Use of the land for a Liquor License (on-premises)
  info_url: https://casey-web.t1cloud.com/T1PRDefault/WebApps/eProperty/P1/eTrack/eTrackApplicationDetails.aspx?ApplicationId=PA25-0054&f=%24P1.ETR.APPDET.VIW&r=P1.WEBGUEST
  date_scraped: '2019-05-15'
  date_received: '2025-02-11'
- council_reference: PA25-0056
  address: 1455 Thompsons Road CRANBOURNE NORTH VIC 3977
  description: Use of Premises for Domestic Animal Business (Training/Rehabilitation)
    including Retail
  info_url: https://casey-web.t1cloud.com/T1PRDefault/WebApps/eProperty/P1/eTrack/eTrackApplicationDetails.aspx?ApplicationId=PA25-0056&f=%24P1.ETR.APPDET.VIW&r=P1.WEBGUEST
  date_scraped: '2019-05-15'
  date_received: '2025-02-12'
- council_reference: PA25-0057
  address: 17 Bottlebrush Drive DOVETON VIC 3177
  description: Development of Three Dwellings
  info_url: https://casey-web.t1cloud.com/T1PRDefault/WebApps/eProperty/P1/eTrack/eTrackApplicationDetails.aspx?ApplicationId=PA25-0057&f=%24P1.ETR.APPDET.VIW&r=P1.WEBGUEST
  date_scraped: '2019-05-15'
  date_received: '2025-02-12'
- council_reference: PA25-0058
  address: 54 Albert Road HALLAM VIC 3803
  description: Development of Two Dwellings
  info_url: https://casey-web.t1cloud.com/T1PRDefault/WebApps/eProperty/P1/eTrack/eTrackApplicationDetails.aspx?ApplicationId=PA25-0058&f=%24P1.ETR.APPDET.VIW&r=P1.WEBGUEST
  date_scraped: '2019-05-15'
  date_received: '2025-02-13'
- council_reference: PA25-0060
  address: 34 Rebecca Street DOVETON VIC 3177
  description: Development of a Second Dwelling
  info_url: https://casey-web.t1cloud.com/T1PRDefault/WebApps/eProperty/P1/eTrack/eTrackApplicationDetails.aspx?ApplicationId=PA25-0060&f=%24P1.ETR.APPDET.VIW&r=P1.WEBGUEST
  date_scraped: '2019-05-15'
  date_received: '2025-02-14'
- council_reference: PA25-0062
  address: 11 Hermitage Rise NARRE WARREN VIC 3805
  description: Five Lot Subdivision
  info_url: https://casey-web.t1cloud.com/T1PRDefault/WebApps/eProperty/P1/eTrack/eTrackApplicationDetails.aspx?ApplicationId=PA25-0062&f=%24P1.ETR.APPDET.VIW&r=P1.WEBGUEST
  date_scraped: '2019-05-15'
  date_received: '2025-02-11'
- council_reference: PA25-0064
  address: 93 Fountain Drive NARRE WARREN VIC 3805
  description: Three Lot Subdivision
  info_url: https://casey-web.t1cloud.com/T1PRDefault/WebApps/eProperty/P1/eTrack/eTrackApplicationDetails.aspx?ApplicationId=PA25-0064&f=%24P1.ETR.APPDET.VIW&r=P1.WEBGUEST
  date_scraped: '2019-05-15'
  date_received: '2025-02-14'
- council_reference: PA25-0065
  address: 2 Ayr Court BERWICK VIC 3806
  description: Two Lot Subdivision
  info_url: https://casey-web.t1cloud.com/T1PRDefault/WebApps/eProperty/P1/eTrack/eTrackApplicationDetails.aspx?ApplicationId=PA25-0065&f=%24P1.ETR.APPDET.VIW&r=P1.WEBGUEST
  date_scraped: '2019-05-15'
  date_received: '2025-02-17'
- council_reference: PPA25-0004
  address: 8 Western Way NARRE WARREN VIC 3805
  description: Amendment to Planning Permit PA20-0761 (Use and Development of a Child
    Care Centre and Internally Illuminated Signage)
  info_url: https://casey-web.t1cloud.com/T1PRDefault/WebApps/eProperty/P1/eTrack/eTrackApplicationDetails.aspx?ApplicationId=PPA25-0004&f=%24P1.ETR.APPDET.VIW&r=P1.WEBGUEST
  date_scraped: '2019-05-15'
  date_received: '2025-02-04'
- council_reference: PPA25-0006
  address: Unit 1/14 Adamson Road BEACONSFIELD VIC 3807
  description: Amendment to Planning Permit PlnA00147/19 (Development of Two Additional
    Dwellings and Alterations and Additions to an existing Dwelling)
  info_url: https://casey-web.t1cloud.com/T1PRDefault/WebApps/eProperty/P1/eTrack/eTrackApplicationDetails.aspx?ApplicationId=PPA25-0006&f=%24P1.ETR.APPDET.VIW&r=P1.WEBGUEST
  date_scraped: '2019-05-15'
  date_received: '2025-01-29'
- council_reference: PPA25-0008
  address: 50S Ramlegh Boulevard CLYDE NORTH VIC 3978
  description: Amendment to Amended Planning Permit PPA24-0070 (PA22-0849 - Development
    of Supermarkets, Shops, Food and Drink Premises, Medical Centre; Use of the land
    to exceed 5000m2 of combine floor area of shops; Use and Development of a Restricted
    Recreation Facility (Gymnasium); and Use of Land to Sell Packaged Liquor (Bottle
    Shop))
  info_url: https://casey-web.t1cloud.com/T1PRDefault/WebApps/eProperty/P1/eTrack/eTrackApplicationDetails.aspx?ApplicationId=PPA25-0008&f=%24P1.ETR.APPDET.VIW&r=P1.WEBGUEST
  date_scraped: '2019-05-15'
  date_received: '2025-01-28'
- council_reference: PPA25-0010
  address: 12-16 Fox Road NARRE WARREN NORTH VIC 3804
  description: Amendment to Planning Permit PA22-0619 (Two Lot Subdivision)
  info_url: https://casey-web.t1cloud.com/T1PRDefault/WebApps/eProperty/P1/eTrack/eTrackApplicationDetails.aspx?ApplicationId=PPA25-0010&f=%24P1.ETR.APPDET.VIW&r=P1.WEBGUEST
  date_scraped: '2019-05-15'
  date_received: '2025-01-23'
- council_reference: SubA00010/25
  address: 46 Rebecca Street DOVETON VIC 3177
  description: VICSMART - Two Lot Subdivision
  info_url: https://casey-web.t1cloud.com/T1PRDefault/WebApps/eProperty/P1/eTrack/eTrackApplicationDetails.aspx?ApplicationId=SubA00010%2F25&f=%24P1.ETR.APPDET.VIW&r=P1.WEBGUEST
  date_scraped: '2019-05-15'
  date_received: '2025-01-23'
- council_reference: SubA00011/25
  address: 30 Box Street DOVETON VIC 3177
  description: VICSMART - Two Lot Subdivision
  info_url: https://casey-web.t1cloud.com/T1PRDefault/WebApps/eProperty/P1/eTrack/eTrackApplicationDetails.aspx?ApplicationId=SubA00011%2F25&f=%24P1.ETR.APPDET.VIW&r=P1.WEBGUEST
  date_scraped: '2019-05-15'
  date_received: '2025-01-23'
- council_reference: SubA00012/25
  address: 1525 Pound Road CLYDE NORTH VIC 3978
  description: 26 Lot Subdivision - Meridian Green
  info_url: https://casey-web.t1cloud.com/T1PRDefault/WebApps/eProperty/P1/eTrack/eTrackApplicationDetails.aspx?ApplicationId=SubA00012%2F25&f=%24P1.ETR.APPDET.VIW&r=P1.WEBGUEST
  date_scraped: '2019-05-15'
  date_received: '2025-01-24'
- council_reference: SubA00015/25
  address: 1675S Ballarto Road CLYDE VIC 3978
  description: 35 Lot Subdivision - Riverfield Square Stage 32
  info_url: https://casey-web.t1cloud.com/T1PRDefault/WebApps/eProperty/P1/eTrack/eTrackApplicationDetails.aspx?ApplicationId=SubA00015%2F25&f=%24P1.ETR.APPDET.VIW&r=P1.WEBGUEST
  date_scraped: '2019-05-15'
  date_received: '2025-01-29'
- council_reference: SubA00016/25
  address: 10A Keira Street CLYDE NORTH VIC 3978
  description: VICSMART - Two Lot Subdivision
  info_url: https://casey-web.t1cloud.com/T1PRDefault/WebApps/eProperty/P1/eTrack/eTrackApplicationDetails.aspx?ApplicationId=SubA00016%2F25&f=%24P1.ETR.APPDET.VIW&r=P1.WEBGUEST
  date_scraped: '2019-05-15'
  date_received: '2025-01-28'
- council_reference: SubA00017/25
  address: 51 William Road BERWICK VIC 3806
  description: Five Lot Subdivision
  info_url: https://casey-web.t1cloud.com/T1PRDefault/WebApps/eProperty/P1/eTrack/eTrackApplicationDetails.aspx?ApplicationId=SubA00017%2F25&f=%24P1.ETR.APPDET.VIW&r=P1.WEBGUEST
  date_scraped: '2019-05-15'
  date_received: '2025-01-23'
- council_reference: SubA00018/25
  address: 129 Narre Warren Road CRANBOURNE VIC 3977
  description: Three Lot Subdivision
  info_url: https://casey-web.t1cloud.com/T1PRDefault/WebApps/eProperty/P1/eTrack/eTrackApplicationDetails.aspx?ApplicationId=SubA00018%2F25&f=%24P1.ETR.APPDET.VIW&r=P1.WEBGUEST
  date_scraped: '2019-05-15'
  date_received: '2025-01-23'
- council_reference: SubA00019/25
  address: 750 Glasscocks Road CRANBOURNE NORTH VIC 3977
  description: Two Lot Subdivision - Woodhaven CH
  info_url: https://casey-web.t1cloud.com/T1PRDefault/WebApps/eProperty/P1/eTrack/eTrackApplicationDetails.aspx?ApplicationId=SubA00019%2F25&f=%24P1.ETR.APPDET.VIW&r=P1.WEBGUEST
  date_scraped: '2019-05-15'
  date_received: '2025-01-30'
- council_reference: SubA00020/25
  address: 5 Pittosporum Grove DOVETON VIC 3177
  description: Three Lot Subdivision
  info_url: https://casey-web.t1cloud.com/T1PRDefault/WebApps/eProperty/P1/eTrack/eTrackApplicationDetails.aspx?ApplicationId=SubA00020%2F25&f=%24P1.ETR.APPDET.VIW&r=P1.WEBGUEST
  date_scraped: '2019-05-15'
  date_received: '2025-01-29'
- council_reference: SubA00021/25
  address: 13 Hudson Street CRANBOURNE VIC 3977
  description: Three Lot Subdivision
  info_url: https://casey-web.t1cloud.com/T1PRDefault/WebApps/eProperty/P1/eTrack/eTrackApplicationDetails.aspx?ApplicationId=SubA00021%2F25&f=%24P1.ETR.APPDET.VIW&r=P1.WEBGUEST
  date_scraped: '2019-05-15'
  date_received: '2025-01-30'
- council_reference: SubA00022/25
  address: 11 Pearce Court PEARCEDALE VIC 3912
  description: Three Lot Subdivision
  info_url: https://casey-web.t1cloud.com/T1PRDefault/WebApps/eProperty/P1/eTrack/eTrackApplicationDetails.aspx?ApplicationId=SubA00022%2F25&f=%24P1.ETR.APPDET.VIW&r=P1.WEBGUEST
  date_scraped: '2019-05-15'
  date_received: '2025-01-31'
- council_reference: SubA00023/25
  address: 400 Clyde-Five Ways Road CLYDE VIC 3978
  description: Eight Lot Subdivision
  info_url: https://casey-web.t1cloud.com/T1PRDefault/WebApps/eProperty/P1/eTrack/eTrackApplicationDetails.aspx?ApplicationId=SubA00023%2F25&f=%24P1.ETR.APPDET.VIW&r=P1.WEBGUEST
  date_scraped: '2019-05-15'
  date_received: '2025-02-04'
- council_reference: SubA00024/25
  address: 1955S Ballarto Road CLYDE VIC 3978
  description: Three Lot Subdivision - Evergreen 19B Superlot
  info_url: https://casey-web.t1cloud.com/T1PRDefault/WebApps/eProperty/P1/eTrack/eTrackApplicationDetails.aspx?ApplicationId=SubA00024%2F25&f=%24P1.ETR.APPDET.VIW&r=P1.WEBGUEST
  date_scraped: '2019-05-15'
  date_received: '2025-02-06'
- council_reference: SubA00025/25
  address: 470S Pattersons Road CLYDE VIC 3978
  description: Three Lot Subdivision - Evergreen 3B Superlot
  info_url: https://casey-web.t1cloud.com/T1PRDefault/WebApps/eProperty/P1/eTrack/eTrackApplicationDetails.aspx?ApplicationId=SubA00025%2F25&f=%24P1.ETR.APPDET.VIW&r=P1.WEBGUEST
  date_scraped: '2019-05-15'
  date_received: '2025-02-06'
- council_reference: SubA00026/25
  address: 146 Kidds Road DOVETON VIC 3177
  description: Section 22 (Consolidation) - Eight Lots to Two
  info_url: https://casey-web.t1cloud.com/T1PRDefault/WebApps/eProperty/P1/eTrack/eTrackApplicationDetails.aspx?ApplicationId=SubA00026%2F25&f=%24P1.ETR.APPDET.VIW&r=P1.WEBGUEST
  date_scraped: '2019-05-15'
  date_received: '2025-02-05'
- council_reference: SubA00027/25
  address: 26 Fugosia Street DOVETON VIC 3177
  description: Six Lot Subdivision
  info_url: https://casey-web.t1cloud.com/T1PRDefault/WebApps/eProperty/P1/eTrack/eTrackApplicationDetails.aspx?ApplicationId=SubA00027%2F25&f=%24P1.ETR.APPDET.VIW&r=P1.WEBGUEST
  date_scraped: '2019-05-15'
  date_received: '2025-02-06'
- council_reference: SubA00028/25
  address: 465-475 Pattersons Road CLYDE NORTH VIC 3978
  description: 60 Lot Subdivision - Alma Stage 1
  info_url: https://casey-web.t1cloud.com/T1PRDefault/WebApps/eProperty/P1/eTrack/eTrackApplicationDetails.aspx?ApplicationId=SubA00028%2F25&f=%24P1.ETR.APPDET.VIW&r=P1.WEBGUEST
  date_scraped: '2019-05-15'
  date_received: '2025-02-07'
- council_reference: SubA00029/25
  address: 1 Flamingo Court NARRE WARREN SOUTH VIC 3805
  description: Two Lot Subdivision
  info_url: https://casey-web.t1cloud.com/T1PRDefault/WebApps/eProperty/P1/eTrack/eTrackApplicationDetails.aspx?ApplicationId=SubA00029%2F25&f=%24P1.ETR.APPDET.VIW&r=P1.WEBGUEST
  date_scraped: '2019-05-15'
  date_received: '2025-02-06'
- council_reference: SubA00030/25
  address: 4 Photinia Street DOVETON VIC 3177
  description: VICSMART - Two Lot Subdivision
  info_url: https://casey-web.t1cloud.com/T1PRDefault/WebApps/eProperty/P1/eTrack/eTrackApplicationDetails.aspx?ApplicationId=SubA00030%2F25&f=%24P1.ETR.APPDET.VIW&r=P1.WEBGUEST
  date_scraped: '2019-05-15'
  date_received: '2025-02-10'
- council_reference: SubA00031/25
  address: 1575 Pound Road CLYDE NORTH VIC 3978
  description: Section 35 (Acq by acquiring auth) - Orana Estate - Permit D - Section
    35 Reserve
  info_url: https://casey-web.t1cloud.com/T1PRDefault/WebApps/eProperty/P1/eTrack/eTrackApplicationDetails.aspx?ApplicationId=SubA00031%2F25&f=%24P1.ETR.APPDET.VIW&r=P1.WEBGUEST
  date_scraped: '2019-05-15'
  date_received: '2025-02-12'
- council_reference: SubA00032/25
  address: 39 Bakewell Street CRANBOURNE VIC 3977
  description: Section 22 (Consolidation) - 2 to 1 lots
  info_url: https://casey-web.t1cloud.com/T1PRDefault/WebApps/eProperty/P1/eTrack/eTrackApplicationDetails.aspx?ApplicationId=SubA00032%2F25&f=%24P1.ETR.APPDET.VIW&r=P1.WEBGUEST
  date_scraped: '2019-05-15'
  date_received: '2025-02-12'
- council_reference: SubA00033/25
  address: Unit 1/1 Summerlea Road NARRE WARREN VIC 3805
  description: VICSMART - Two Lot Subdivision
  info_url: https://casey-web.t1cloud.com/T1PRDefault/WebApps/eProperty/P1/eTrack/eTrackApplicationDetails.aspx?ApplicationId=SubA00033%2F25&f=%24P1.ETR.APPDET.VIW&r=P1.WEBGUEST
  date_scraped: '2019-05-15'
  date_received: '2025-02-13'
- council_reference: SubA00034/25
  address: 11 Hermitage Rise NARRE WARREN VIC 3805
  description: Five Lot Subdivision
  info_url: https://casey-web.t1cloud.com/T1PRDefault/WebApps/eProperty/P1/eTrack/eTrackApplicationDetails.aspx?ApplicationId=SubA00034%2F25&f=%24P1.ETR.APPDET.VIW&r=P1.WEBGUEST
  date_scraped: '2019-05-15'
  date_received: '2025-02-11'
- council_reference: SubA00035/25
  address: 93 Fountain Drive NARRE WARREN VIC 3805
  description: Three Lot Subdivision
  info_url: https://casey-web.t1cloud.com/T1PRDefault/WebApps/eProperty/P1/eTrack/eTrackApplicationDetails.aspx?ApplicationId=SubA00035%2F25&f=%24P1.ETR.APPDET.VIW&r=P1.WEBGUEST
  date_scraped: '2019-05-15'
  date_received: '2025-02-14'
- council_reference: SubA00036/25
  address: 2 Ayr Court BERWICK VIC 3806
  description: Two Lot Subdivision
  info_url: https://casey-web.t1cloud.com/T1PRDefault/WebApps/eProperty/P1/eTrack/eTrackApplicationDetails.aspx?ApplicationId=SubA00036%2F25&f=%24P1.ETR.APPDET.VIW&r=P1.WEBGUEST
  date_scraped: '2019-05-15'
  date_received: '2025-02-14'
- council_reference: SubA00037/25
  address: 625S Hall Road CRANBOURNE WEST VIC 3977
  description: Section 23 (Creation of Easement)
  info_url: https://casey-web.t1cloud.com/T1PRDefault/WebApps/eProperty/P1/eTrack/eTrackApplicationDetails.aspx?ApplicationId=SubA00037%2F25&f=%24P1.ETR.APPDET.VIW&r=P1.WEBGUEST
  date_scraped: '2019-05-15'
  date_received: '2025-02-18'
- council_reference: SubA00038/25
  address: 5 Peppermint Street DOVETON VIC 3177
  description: VICSMART - Two Lot Subdivision
  info_url: https://casey-web.t1cloud.com/T1PRDefault/WebApps/eProperty/P1/eTrack/eTrackApplicationDetails.aspx?ApplicationId=SubA00038%2F25&f=%24P1.ETR.APPDET.VIW&r=P1.WEBGUEST
  date_scraped: '2019-05-15'
  date_received: '2025-02-18'
- council_reference: VS25-0009
  address: 104 Reema Boulevard ENDEAVOUR HILLS VIC 3802
  description: VICSMART - Development of an Outbuilding
  info_url: https://casey-web.t1cloud.com/T1PRDefault/WebApps/eProperty/P1/eTrack/eTrackApplicationDetails.aspx?ApplicationId=VS25-0009&f=%24P1.ETR.APPDET.VIW&r=P1.WEBGUEST
  date_scraped: '2019-05-15'
  date_received: '2025-01-24'
- council_reference: VS25-0010
  address: 14A Rutland Road BERWICK VIC 3806
  description: VICSMART - Development of a Verandah
  info_url: https://casey-web.t1cloud.com/T1PRDefault/WebApps/eProperty/P1/eTrack/eTrackApplicationDetails.aspx?ApplicationId=VS25-0010&f=%24P1.ETR.APPDET.VIW&r=P1.WEBGUEST
  date_scraped: '2019-05-15'
  date_received: '2025-01-24'
- council_reference: VS25-0011
  address: 10A Keira Street CLYDE NORTH VIC 3978
  description: VICSMART - Two Lot Subdivision
  info_url: https://casey-web.t1cloud.com/T1PRDefault/WebApps/eProperty/P1/eTrack/eTrackApplicationDetails.aspx?ApplicationId=VS25-0011&f=%24P1.ETR.APPDET.VIW&r=P1.WEBGUEST
  date_scraped: '2019-05-15'
  date_received: '2025-01-28'
- council_reference: VS25-0012
  address: 3 Dallas Court HALLAM VIC 3803
  description: VICSMART - Development of a Mezzanine and Reduction in Car Parking
    Requirements
  info_url: https://casey-web.t1cloud.com/T1PRDefault/WebApps/eProperty/P1/eTrack/eTrackApplicationDetails.aspx?ApplicationId=VS25-0012&f=%24P1.ETR.APPDET.VIW&r=P1.WEBGUEST
  date_scraped: '2019-05-15'
  date_received: '2025-01-30'
- council_reference: VS25-0013
  address: 6 Noaki Street PEARCEDALE VIC 3912
  description: VICSMART - Development of a Shed
  info_url: https://casey-web.t1cloud.com/T1PRDefault/WebApps/eProperty/P1/eTrack/eTrackApplicationDetails.aspx?ApplicationId=VS25-0013&f=%24P1.ETR.APPDET.VIW&r=P1.WEBGUEST
  date_scraped: '2019-05-15'
  date_received: '2025-01-31'
- council_reference: VS25-0014
  address: Unit 1/22 Vesper Drive NARRE WARREN VIC 3805
  description: VICSMART - Development of Alterations and Additions to an existing
    Warehouse
  info_url: https://casey-web.t1cloud.com/T1PRDefault/WebApps/eProperty/P1/eTrack/eTrackApplicationDetails.aspx?ApplicationId=VS25-0014&f=%24P1.ETR.APPDET.VIW&r=P1.WEBGUEST
  date_scraped: '2019-05-15'
  date_received: '2025-02-05'
- council_reference: VS25-0015
  address: 8 Strathfield Court CRANBOURNE EAST VIC 3977
  description: VICSMART - Development of a Dwelling
  info_url: https://casey-web.t1cloud.com/T1PRDefault/WebApps/eProperty/P1/eTrack/eTrackApplicationDetails.aspx?ApplicationId=VS25-0015&f=%24P1.ETR.APPDET.VIW&r=P1.WEBGUEST
  date_scraped: '2019-05-15'
  date_received: '2025-02-03'
- council_reference: VS25-0016
  address: 404-412 Harkaway Road HARKAWAY VIC 3806
  description: Development of Additions to an existing Dwelling (Verandah)
  info_url: https://casey-web.t1cloud.com/T1PRDefault/WebApps/eProperty/P1/eTrack/eTrackApplicationDetails.aspx?ApplicationId=VS25-0016&f=%24P1.ETR.APPDET.VIW&r=P1.WEBGUEST
  date_scraped: '2019-05-15'
  date_received: '2025-01-31'
- council_reference: VS25-0017
  address: 110-112 Beaumont Road BERWICK VIC 3806
  description: VICSMART - Development of a Shed
  info_url: https://casey-web.t1cloud.com/T1PRDefault/WebApps/eProperty/P1/eTrack/eTrackApplicationDetails.aspx?ApplicationId=VS25-0017&f=%24P1.ETR.APPDET.VIW&r=P1.WEBGUEST
  date_scraped: '2019-05-15'
  date_received: '2025-02-03'
- council_reference: VS25-0018
  address: 19-23 Hallam South Road HALLAM VIC 3803
  description: VICSMART - Development of Alterations and Additions to an existing
    Warehouse
  info_url: https://casey-web.t1cloud.com/T1PRDefault/WebApps/eProperty/P1/eTrack/eTrackApplicationDetails.aspx?ApplicationId=VS25-0018&f=%24P1.ETR.APPDET.VIW&r=P1.WEBGUEST
  date_scraped: '2019-05-15'
  date_received: '2025-02-05'
- council_reference: VS25-0019
  address: 4 Photinia Street DOVETON VIC 3177
  description: VICSMART - Two Lot Subdivision
  info_url: https://casey-web.t1cloud.com/T1PRDefault/WebApps/eProperty/P1/eTrack/eTrackApplicationDetails.aspx?ApplicationId=VS25-0019&f=%24P1.ETR.APPDET.VIW&r=P1.WEBGUEST
  date_scraped: '2019-05-15'
  date_received: '2025-02-10'
- council_reference: VS25-0021
  address: Unit 1/1 Summerlea Road NARRE WARREN VIC 3805
  description: VICSMART - Two Lot Subdivision
  info_url: https://casey-web.t1cloud.com/T1PRDefault/WebApps/eProperty/P1/eTrack/eTrackApplicationDetails.aspx?ApplicationId=VS25-0021&f=%24P1.ETR.APPDET.VIW&r=P1.WEBGUEST
  date_scraped: '2019-05-15'
  date_received: '2025-02-11'
- council_reference: VSA25-0001
  address: 19-23 Hallam South Road HALLAM VIC 3803
  description: VICSMART - Amendment to Planning Permit PlnA00797/07 (Development of
    a Warehouse, Storage Area and Associated Carparking)
  info_url: https://casey-web.t1cloud.com/T1PRDefault/WebApps/eProperty/P1/eTrack/eTrackApplicationDetails.aspx?ApplicationId=VSA25-0001&f=%24P1.ETR.APPDET.VIW&r=P1.WEBGUEST
  date_scraped: '2019-05-15'
  date_received: '2025-02-03'
