---
- council_reference: CAR25/0007
  address: Mourilyan Harbour Road MOURILYAN HARBOUR QLD 4858
  description: Material Change of Use for a Dwelling House (overlay assessment) including
    boundary setback dispensation
  info_url: https://ccrc-web.t1cloud.com/T1PRDefault/WebApps/eProperty/P1/eTrack/eTrackApplicationDetails.aspx?ApplicationId=CAR25%2F0007&f=%24P1.ETR.APPDET.VIW&r=P1.WEBGUEST
  date_scraped: '2019-05-15'
  date_received: '2025-01-29'
- council_reference: CAR25/0008
  address: Old Tully Road DJARAWONG QLD 4854
  description: Referral agency assessment against the alternative provisions of a
    planning scheme for a front and side boundary setback dispensation for a Dwelling
    house (including Secondary dwelling) and a shed (class 10a)
  info_url: https://ccrc-web.t1cloud.com/T1PRDefault/WebApps/eProperty/P1/eTrack/eTrackApplicationDetails.aspx?ApplicationId=CAR25%2F0008&f=%24P1.ETR.APPDET.VIW&r=P1.WEBGUEST
  date_scraped: '2019-05-15'
  date_received: '2025-02-03'
- council_reference: CAR25/0009
  address: "'The Oasis' 32 Shelly Court MISSION BEACH QLD 4852"
  description: Referral agency assessment against the Queensland Development Code
    for a front boundary setback dispensation for a Dwelling House (class 1a)
  info_url: https://ccrc-web.t1cloud.com/T1PRDefault/WebApps/eProperty/P1/eTrack/eTrackApplicationDetails.aspx?ApplicationId=CAR25%2F0009&f=%24P1.ETR.APPDET.VIW&r=P1.WEBGUEST
  date_scraped: '2019-05-15'
  date_received: '2025-02-05'
- council_reference: CAR25/0010
  address: 1316 Palmerston Highway COORUMBA QLD 4860
  description: Referral agency assessment against the alternative provisions of a
    planning scheme for a side boundary setback dispensation for an Open Carport (class
    10a)
  info_url: https://ccrc-web.t1cloud.com/T1PRDefault/WebApps/eProperty/P1/eTrack/eTrackApplicationDetails.aspx?ApplicationId=CAR25%2F0010&f=%24P1.ETR.APPDET.VIW&r=P1.WEBGUEST
  date_scraped: '2019-05-15'
  date_received: '2025-02-05'
- council_reference: CAR25/0011
  address: Wieland Street SOUTH JOHNSTONE QLD 4859
  description: Referral agency assessment against the alternative provisions of a
    planning scheme for a side and rear boundary setback dispensation for a storage
    container (class 10a)
  info_url: https://ccrc-web.t1cloud.com/T1PRDefault/WebApps/eProperty/P1/eTrack/eTrackApplicationDetails.aspx?ApplicationId=CAR25%2F0011&f=%24P1.ETR.APPDET.VIW&r=P1.WEBGUEST
  date_scraped: '2019-05-15'
  date_received: '2025-02-07'
- council_reference: DA0064/25
  address: Crossan Road MIDGENOO QLD 4854
  description: Shade Awning with Slab - Class 10a
  info_url: https://ccrc-web.t1cloud.com/T1PRDefault/WebApps/eProperty/P1/eTrack/eTrackApplicationDetails.aspx?ApplicationId=DA0064%2F25&f=%24P1.ETR.APPDET.VIW&r=P1.WEBGUEST
  date_scraped: '2019-05-15'
  date_received: '2025-01-28'
- council_reference: DA0065/25
  address: 5-7 Panos Street CARDWELL QLD 4849
  description: Shed - Class 10a - 132m2 including Plumbing, Drainage & OSF
  info_url: https://ccrc-web.t1cloud.com/T1PRDefault/WebApps/eProperty/P1/eTrack/eTrackApplicationDetails.aspx?ApplicationId=DA0065%2F25&f=%24P1.ETR.APPDET.VIW&r=P1.WEBGUEST
  date_scraped: '2019-05-15'
  date_received: '2025-01-28'
- council_reference: DA0067/25
  address: 16 Tulip Street GOONDI HILL QLD 4860
  description: Re-roof of a Dwelling - Class 1a
  info_url: https://ccrc-web.t1cloud.com/T1PRDefault/WebApps/eProperty/P1/eTrack/eTrackApplicationDetails.aspx?ApplicationId=DA0067%2F25&f=%24P1.ETR.APPDET.VIW&r=P1.WEBGUEST
  date_scraped: '2019-05-15'
  date_received: '2025-01-28'
- council_reference: DA0068/25
  address: 3 Webb Crescent EAST INNISFAIL QLD 4860
  description: Re-roof of a Dwelling - Class 1a
  info_url: https://ccrc-web.t1cloud.com/T1PRDefault/WebApps/eProperty/P1/eTrack/eTrackApplicationDetails.aspx?ApplicationId=DA0068%2F25&f=%24P1.ETR.APPDET.VIW&r=P1.WEBGUEST
  date_scraped: '2019-05-15'
  date_received: '2025-01-29'
- council_reference: DA0069/25
  address: 31 Garners Beach Road GARNERS BEACH QLD 4852
  description: Dwelling inc P&D & OSF - Class 1a - 371m2
  info_url: https://ccrc-web.t1cloud.com/T1PRDefault/WebApps/eProperty/P1/eTrack/eTrackApplicationDetails.aspx?ApplicationId=DA0069%2F25&f=%24P1.ETR.APPDET.VIW&r=P1.WEBGUEST
  date_scraped: '2019-05-15'
  date_received: '2025-01-29'
- council_reference: DA0070/25
  address: Turalba Road JUBILEE HEIGHTS QLD 4860
  description: Carport - Class 10a - 57.27m2
  info_url: https://ccrc-web.t1cloud.com/T1PRDefault/WebApps/eProperty/P1/eTrack/eTrackApplicationDetails.aspx?ApplicationId=DA0070%2F25&f=%24P1.ETR.APPDET.VIW&r=P1.WEBGUEST
  date_scraped: '2019-05-15'
  date_received: '2025-01-29'
- council_reference: DA0071/25
  address: 56 Daradgee Road DARADGEE QLD 4860
  description: Patio - Class 10a - 58m2
  info_url: https://ccrc-web.t1cloud.com/T1PRDefault/WebApps/eProperty/P1/eTrack/eTrackApplicationDetails.aspx?ApplicationId=DA0071%2F25&f=%24P1.ETR.APPDET.VIW&r=P1.WEBGUEST
  date_scraped: '2019-05-15'
  date_received: '2025-01-30'
- council_reference: DA0072/25
  address: 46 Luff Street HULL HEADS QLD 4854
  description: Shed - Class 10a - 24.76m2
  info_url: https://ccrc-web.t1cloud.com/T1PRDefault/WebApps/eProperty/P1/eTrack/eTrackApplicationDetails.aspx?ApplicationId=DA0072%2F25&f=%24P1.ETR.APPDET.VIW&r=P1.WEBGUEST
  date_scraped: '2019-05-15'
  date_received: '2025-01-31'
- council_reference: DA0073/25
  address: 13 Pacific Parade MISSION BEACH QLD 4852
  description: Shed - Class 10a - 75.37m2
  info_url: https://ccrc-web.t1cloud.com/T1PRDefault/WebApps/eProperty/P1/eTrack/eTrackApplicationDetails.aspx?ApplicationId=DA0073%2F25&f=%24P1.ETR.APPDET.VIW&r=P1.WEBGUEST
  date_scraped: '2019-05-15'
  date_received: '2025-01-31'
- council_reference: DA0074/25
  address: 384 East Feluga Road EAST FELUGA QLD 4854
  description: Storage Unit (36m2) - Class 10a with Awning Adjacent (96m2) - Class10a
  info_url: https://ccrc-web.t1cloud.com/T1PRDefault/WebApps/eProperty/P1/eTrack/eTrackApplicationDetails.aspx?ApplicationId=DA0074%2F25&f=%24P1.ETR.APPDET.VIW&r=P1.WEBGUEST
  date_scraped: '2019-05-15'
  date_received: '2025-01-31'
- council_reference: DA0075/25
  address: 21-23 Edith Street INNISFAIL QLD 4860
  description: Fitout of Dwelling - Class 4 - 125.02m2 including Plumbing & Drainage
  info_url: https://ccrc-web.t1cloud.com/T1PRDefault/WebApps/eProperty/P1/eTrack/eTrackApplicationDetails.aspx?ApplicationId=DA0075%2F25&f=%24P1.ETR.APPDET.VIW&r=P1.WEBGUEST
  date_scraped: '2019-05-15'
  date_received: '2025-01-31'
- council_reference: DA0076/25
  address: 42 Bergin Road INNISFAIL ESTATE QLD 4860
  description: Duplex - Class 1a - 255.68m2 including Plumbing & Drainage
  info_url: https://ccrc-web.t1cloud.com/T1PRDefault/WebApps/eProperty/P1/eTrack/eTrackApplicationDetails.aspx?ApplicationId=DA0076%2F25&f=%24P1.ETR.APPDET.VIW&r=P1.WEBGUEST
  date_scraped: '2019-05-15'
  date_received: '2025-02-03'
- council_reference: DA0078/25
  address: Granadilla Road GRANADILLA QLD 4855
  description: Shed - Class 10a - 93.42m2
  info_url: https://ccrc-web.t1cloud.com/T1PRDefault/WebApps/eProperty/P1/eTrack/eTrackApplicationDetails.aspx?ApplicationId=DA0078%2F25&f=%24P1.ETR.APPDET.VIW&r=P1.WEBGUEST
  date_scraped: '2019-05-15'
  date_received: '2025-02-03'
- council_reference: DA0079/25
  address: 62 Edgerton Road SUNDOWN QLD 4860
  description: Detached Carport - Class 10a - 64m2
  info_url: https://ccrc-web.t1cloud.com/T1PRDefault/WebApps/eProperty/P1/eTrack/eTrackApplicationDetails.aspx?ApplicationId=DA0079%2F25&f=%24P1.ETR.APPDET.VIW&r=P1.WEBGUEST
  date_scraped: '2019-05-15'
  date_received: '2025-02-03'
- council_reference: DA0080/25
  address: 48 Clifford Road GOONDI QLD 4860
  description: Awning (Unloading Area) - Class 7 - 479m2
  info_url: https://ccrc-web.t1cloud.com/T1PRDefault/WebApps/eProperty/P1/eTrack/eTrackApplicationDetails.aspx?ApplicationId=DA0080%2F25&f=%24P1.ETR.APPDET.VIW&r=P1.WEBGUEST
  date_scraped: '2019-05-15'
  date_received: '2025-02-03'
- council_reference: DA0081/25
  address: 58 Jack Drive FELUGA QLD 4854
  description: Shed - Class 10a - 56.25m2
  info_url: https://ccrc-web.t1cloud.com/T1PRDefault/WebApps/eProperty/P1/eTrack/eTrackApplicationDetails.aspx?ApplicationId=DA0081%2F25&f=%24P1.ETR.APPDET.VIW&r=P1.WEBGUEST
  date_scraped: '2019-05-15'
  date_received: '2025-02-04'
- council_reference: DA0082/25
  address: 5 Unsworth Drive MISSION BEACH QLD 4852
  description: Carport - Class 10a - 23.36m2
  info_url: https://ccrc-web.t1cloud.com/T1PRDefault/WebApps/eProperty/P1/eTrack/eTrackApplicationDetails.aspx?ApplicationId=DA0082%2F25&f=%24P1.ETR.APPDET.VIW&r=P1.WEBGUEST
  date_scraped: '2019-05-15'
  date_received: '2025-02-04'
- council_reference: DA0083/25
  address: 15-17 Stitt Street MIGHELL QLD 4860
  description: Extension of 3 x Shade Structures - Class 10a - 30.78m2, 59.28m2 &
    53.36m2
  info_url: https://ccrc-web.t1cloud.com/T1PRDefault/WebApps/eProperty/P1/eTrack/eTrackApplicationDetails.aspx?ApplicationId=DA0083%2F25&f=%24P1.ETR.APPDET.VIW&r=P1.WEBGUEST
  date_scraped: '2019-05-15'
  date_received: '2025-02-04'
- council_reference: DA0084/25
  address: Crossan Road MIDGENOO QLD 4854
  description: Shed - Class 10a - 80m2
  info_url: https://ccrc-web.t1cloud.com/T1PRDefault/WebApps/eProperty/P1/eTrack/eTrackApplicationDetails.aspx?ApplicationId=DA0084%2F25&f=%24P1.ETR.APPDET.VIW&r=P1.WEBGUEST
  date_scraped: '2019-05-15'
  date_received: '2025-02-05'
- council_reference: DA0085/25
  address: 1 Francis Martin Street EL ARISH QLD 4855
  description: Shed with Carport - Class 10a - 114.16m2
  info_url: https://ccrc-web.t1cloud.com/T1PRDefault/WebApps/eProperty/P1/eTrack/eTrackApplicationDetails.aspx?ApplicationId=DA0085%2F25&f=%24P1.ETR.APPDET.VIW&r=P1.WEBGUEST
  date_scraped: '2019-05-15'
  date_received: '2025-02-06'
- council_reference: DA0086/25
  address: 18 Gowrie Street MOURILYAN QLD 4858
  description: Awning - Class 10a - 25m2
  info_url: https://ccrc-web.t1cloud.com/T1PRDefault/WebApps/eProperty/P1/eTrack/eTrackApplicationDetails.aspx?ApplicationId=DA0086%2F25&f=%24P1.ETR.APPDET.VIW&r=P1.WEBGUEST
  date_scraped: '2019-05-15'
  date_received: '2025-02-06'
- council_reference: DA0087/25
  address: 29 Keir Road TULLY QLD 4854
  description: Shed with Awning - Class 10a - 216m2
  info_url: https://ccrc-web.t1cloud.com/T1PRDefault/WebApps/eProperty/P1/eTrack/eTrackApplicationDetails.aspx?ApplicationId=DA0087%2F25&f=%24P1.ETR.APPDET.VIW&r=P1.WEBGUEST
  date_scraped: '2019-05-15'
  date_received: '2025-02-06'
- council_reference: DA0089/25
  address: 3 Rowe Street KURRIMINE BEACH QLD 4871
  description: Open Carport - Class 10a - 51m2
  info_url: https://ccrc-web.t1cloud.com/T1PRDefault/WebApps/eProperty/P1/eTrack/eTrackApplicationDetails.aspx?ApplicationId=DA0089%2F25&f=%24P1.ETR.APPDET.VIW&r=P1.WEBGUEST
  date_scraped: '2019-05-15'
  date_received: '2025-02-07'
- council_reference: DA0090/25
  address: Sundown Road SUNDOWN QLD 4860
  description: Farm Storage Shed - Class 7 - 216m2
  info_url: https://ccrc-web.t1cloud.com/T1PRDefault/WebApps/eProperty/P1/eTrack/eTrackApplicationDetails.aspx?ApplicationId=DA0090%2F25&f=%24P1.ETR.APPDET.VIW&r=P1.WEBGUEST
  date_scraped: '2019-05-15'
  date_received: '2025-02-07'
- council_reference: DA0091/25
  address: 9 Pullom Road EAST PALMERSTON QLD 4860
  description: Fence - Class 10b (2.5m in height)
  info_url: https://ccrc-web.t1cloud.com/T1PRDefault/WebApps/eProperty/P1/eTrack/eTrackApplicationDetails.aspx?ApplicationId=DA0091%2F25&f=%24P1.ETR.APPDET.VIW&r=P1.WEBGUEST
  date_scraped: '2019-05-15'
  date_received: '2025-02-10'
- council_reference: DA0092/25
  address: 44B Conch Street MISSION BEACH QLD 4852
  description: Addition of New Verandah, Bedroom, WIR and Ensuite(66m2) - Class 1a
    attached to existing Dwelling - New Detached Outdoor Room (28m2) - Class 10a and
    Carport attached to existing Boat Shed (36m2) - Class 10a
  info_url: https://ccrc-web.t1cloud.com/T1PRDefault/WebApps/eProperty/P1/eTrack/eTrackApplicationDetails.aspx?ApplicationId=DA0092%2F25&f=%24P1.ETR.APPDET.VIW&r=P1.WEBGUEST
  date_scraped: '2019-05-15'
  date_received: '2025-02-10'
- council_reference: DA0093/25
  address: Ann Road SILKY OAK QLD 4854
  description: Awning Class 10a (54m2) attached to existing building - Class 8
  info_url: https://ccrc-web.t1cloud.com/T1PRDefault/WebApps/eProperty/P1/eTrack/eTrackApplicationDetails.aspx?ApplicationId=DA0093%2F25&f=%24P1.ETR.APPDET.VIW&r=P1.WEBGUEST
  date_scraped: '2019-05-15'
  date_received: '2025-02-11'
- council_reference: DA0095/25
  address: 1316 Palmerston Highway COORUMBA QLD 4860
  description: Carport - Class 10a - 40m2
  info_url: https://ccrc-web.t1cloud.com/T1PRDefault/WebApps/eProperty/P1/eTrack/eTrackApplicationDetails.aspx?ApplicationId=DA0095%2F25&f=%24P1.ETR.APPDET.VIW&r=P1.WEBGUEST
  date_scraped: '2019-05-15'
  date_received: '2025-02-13'
- council_reference: DA0096/25
  address: Esther Court BULGUN QLD 4854
  description: Multiple Class 10a Structures - Carport attached to existing shed (27m2)
    - Free standing open shed (45m2) - Shipping Container with roof over (36m2) -
    Garden Shed (18m2) - Pump shed (4m2) - Skillion Roof Awning attached to existing
    shed (65m2)
  info_url: https://ccrc-web.t1cloud.com/T1PRDefault/WebApps/eProperty/P1/eTrack/eTrackApplicationDetails.aspx?ApplicationId=DA0096%2F25&f=%24P1.ETR.APPDET.VIW&r=P1.WEBGUEST
  date_scraped: '2019-05-15'
  date_received: '2025-02-13'
- council_reference: DA0097/25
  address: Jay Road MOURILYAN HARBOUR QLD 4858
  description: Dwelling inc P&D & OSF - Class 1a - 114.75m2
  info_url: https://ccrc-web.t1cloud.com/T1PRDefault/WebApps/eProperty/P1/eTrack/eTrackApplicationDetails.aspx?ApplicationId=DA0097%2F25&f=%24P1.ETR.APPDET.VIW&r=P1.WEBGUEST
  date_scraped: '2019-05-15'
  date_received: '2025-02-13'
- council_reference: DA0098/25
  address: 39 Midshipman Street SOUTH MISSION BEACH QLD 4852
  description: Patio - Class 10a - 24.5m2
  info_url: https://ccrc-web.t1cloud.com/T1PRDefault/WebApps/eProperty/P1/eTrack/eTrackApplicationDetails.aspx?ApplicationId=DA0098%2F25&f=%24P1.ETR.APPDET.VIW&r=P1.WEBGUEST
  date_scraped: '2019-05-15'
  date_received: '2025-02-14'
- council_reference: DA0099/25
  address: Bruce Highway KENNEDY QLD 4816
  description: 2 x Sheds with Roof over - Class 10a (approx 80m2)
  info_url: https://ccrc-web.t1cloud.com/T1PRDefault/WebApps/eProperty/P1/eTrack/eTrackApplicationDetails.aspx?ApplicationId=DA0099%2F25&f=%24P1.ETR.APPDET.VIW&r=P1.WEBGUEST
  date_scraped: '2019-05-15'
  date_received: '2025-02-14'
- council_reference: DA0100/25
  address: Castor Street MOURILYAN QLD 4858
  description: Awning / Covered Area - Class 10a - 361.6m2
  info_url: https://ccrc-web.t1cloud.com/T1PRDefault/WebApps/eProperty/P1/eTrack/eTrackApplicationDetails.aspx?ApplicationId=DA0100%2F25&f=%24P1.ETR.APPDET.VIW&r=P1.WEBGUEST
  date_scraped: '2019-05-15'
  date_received: '2025-02-14'
- council_reference: DA0102/25
  address: "'The Oasis' 42 Shelly Court MISSION BEACH QLD 4852"
  description: Dwelling - Class 1a - 200m2 including Plumbing & Drainage
  info_url: https://ccrc-web.t1cloud.com/T1PRDefault/WebApps/eProperty/P1/eTrack/eTrackApplicationDetails.aspx?ApplicationId=DA0102%2F25&f=%24P1.ETR.APPDET.VIW&r=P1.WEBGUEST
  date_scraped: '2019-05-15'
  date_received: '2025-02-19'
- council_reference: DBW25/0004
  address: 167-169 Victoria Street CARDWELL QLD 4849
  description: Building work assessable against a planning scheme for an oversize
    shed built prior to a dwelling.
  info_url: https://ccrc-web.t1cloud.com/T1PRDefault/WebApps/eProperty/P1/eTrack/eTrackApplicationDetails.aspx?ApplicationId=DBW25%2F0004&f=%24P1.ETR.APPDET.VIW&r=P1.WEBGUEST
  date_scraped: '2019-05-15'
  date_received: '2025-02-12'
- council_reference: DBW25/0005
  address: 1 Shore Street WONGALING BEACH QLD 4852
  description: Building work assessable against the planning scheme for an oversize
    shed (class 10a) built before a dwelling
  info_url: https://ccrc-web.t1cloud.com/T1PRDefault/WebApps/eProperty/P1/eTrack/eTrackApplicationDetails.aspx?ApplicationId=DBW25%2F0005&f=%24P1.ETR.APPDET.VIW&r=P1.WEBGUEST
  date_scraped: '2019-05-15'
  date_received: '2025-02-12'
- council_reference: DBW25/0006
  address: 74 Feluga Road FELUGA QLD 4854
  description: Building work assessable against a planning scheme for a boundary setback
    dispensation for a shed (class 7)
  info_url: https://ccrc-web.t1cloud.com/T1PRDefault/WebApps/eProperty/P1/eTrack/eTrackApplicationDetails.aspx?ApplicationId=DBW25%2F0006&f=%24P1.ETR.APPDET.VIW&r=P1.WEBGUEST
  date_scraped: '2019-05-15'
  date_received: '2025-02-17'
- council_reference: DBW25/0007
  address: 5-7 Panos Street CARDWELL QLD 4849
  description: Building work assessable against a planning scheme for an oversize
    shed (class 10a) built prior to dwelling
  info_url: https://ccrc-web.t1cloud.com/T1PRDefault/WebApps/eProperty/P1/eTrack/eTrackApplicationDetails.aspx?ApplicationId=DBW25%2F0007&f=%24P1.ETR.APPDET.VIW&r=P1.WEBGUEST
  date_scraped: '2019-05-15'
  date_received: '2025-02-17'
- council_reference: MCU25/0002
  address: 45 Porter Promenade MISSION BEACH QLD 4852
  description: Material Change of Use for Short-term Accommodation (33 x units) with
    Caretaker's Residence and Food & Drink Outlet
  info_url: https://ccrc-web.t1cloud.com/T1PRDefault/WebApps/eProperty/P1/eTrack/eTrackApplicationDetails.aspx?ApplicationId=MCU25%2F0002&f=%24P1.ETR.APPDET.VIW&r=P1.WEBGUEST
  date_scraped: '2019-05-15'
  date_received: '2025-01-24'
- council_reference: MCU25/0003
  address: Todd Road VASA VIEWS QLD 4860
  description: Extension to Currency Period - DEV2014/0068 - Material Change of Use
    for Extraction (Extraction including screening and storage)
  info_url: https://ccrc-web.t1cloud.com/T1PRDefault/WebApps/eProperty/P1/eTrack/eTrackApplicationDetails.aspx?ApplicationId=MCU25%2F0003&f=%24P1.ETR.APPDET.VIW&r=P1.WEBGUEST
  date_scraped: '2019-05-15'
  date_received: '2025-01-29'
- council_reference: MCU25/0004
  address: 10 Shepherd Close MISSION BEACH QLD 4852
  description: Material Change Use for Indoor Sport and Recreation
  info_url: https://ccrc-web.t1cloud.com/T1PRDefault/WebApps/eProperty/P1/eTrack/eTrackApplicationDetails.aspx?ApplicationId=MCU25%2F0004&f=%24P1.ETR.APPDET.VIW&r=P1.WEBGUEST
  date_scraped: '2019-05-15'
  date_received: '2025-02-03'
- council_reference: MCU25/0005
  address: 29 Porter Promenade MISSION BEACH QLD 4852
  description: Material Change of Use for Multiple Dwelling/Short Term Accommodation
    (4 x 2 bedroom units used for either multiple dwellings or short term accommodation)
  info_url: https://ccrc-web.t1cloud.com/T1PRDefault/WebApps/eProperty/P1/eTrack/eTrackApplicationDetails.aspx?ApplicationId=MCU25%2F0005&f=%24P1.ETR.APPDET.VIW&r=P1.WEBGUEST
  date_scraped: '2019-05-15'
  date_received: '2025-02-05'
- council_reference: MCU25/0006
  address: 107 Taylor Street TULLY HEADS QLD 4854
  description: Material change of use for a Dwelling house (overlay assessment) including
    an oversize shed (class 10a) and boundary setback dispensation
  info_url: https://ccrc-web.t1cloud.com/T1PRDefault/WebApps/eProperty/P1/eTrack/eTrackApplicationDetails.aspx?ApplicationId=MCU25%2F0006&f=%24P1.ETR.APPDET.VIW&r=P1.WEBGUEST
  date_scraped: '2019-05-15'
  date_received: '2025-02-07'
- council_reference: MCU25/0007
  address: Bingil Bay Road MIDGEREE BAR QLD 4852
  description: Material Change of Use for a Dwelling House (overlay assessment)
  info_url: https://ccrc-web.t1cloud.com/T1PRDefault/WebApps/eProperty/P1/eTrack/eTrackApplicationDetails.aspx?ApplicationId=MCU25%2F0007&f=%24P1.ETR.APPDET.VIW&r=P1.WEBGUEST
  date_scraped: '2019-05-15'
  date_received: '2025-02-10'
- council_reference: OPW25/0001
  address: Warrina Street GOONDI HILL QLD 4860
  description: Operational work for an Advertising device (New external organisation
    sign on front boundary)
  info_url: https://ccrc-web.t1cloud.com/T1PRDefault/WebApps/eProperty/P1/eTrack/eTrackApplicationDetails.aspx?ApplicationId=OPW25%2F0001&f=%24P1.ETR.APPDET.VIW&r=P1.WEBGUEST
  date_scraped: '2019-05-15'
  date_received: '2025-02-17'
- council_reference: RAL19/0002.01
  address: Tully Heads Road HULL HEADS QLD 4854
  description: 'Extension application under section 86 of the Planning Act 2016 related
    to: RAL19/0002'
  info_url: https://ccrc-web.t1cloud.com/T1PRDefault/WebApps/eProperty/P1/eTrack/eTrackApplicationDetails.aspx?ApplicationId=RAL19%2F0002.01&f=%24P1.ETR.APPDET.VIW&r=P1.WEBGUEST
  date_scraped: '2019-05-15'
  date_received: '2025-02-11'
- council_reference: RAL25/0003
  address: 531 Stephenson Road MCCUTCHEON QLD 4856
  description: Reconfiguring a Lot (Boundary realignment - 2 Lots into 2 Lots) and
    creation of access easement
  info_url: https://ccrc-web.t1cloud.com/T1PRDefault/WebApps/eProperty/P1/eTrack/eTrackApplicationDetails.aspx?ApplicationId=RAL25%2F0003&f=%24P1.ETR.APPDET.VIW&r=P1.WEBGUEST
  date_scraped: '2019-05-15'
  date_received: '2025-01-24'
- council_reference: RAL25/0004
  address: Daradgee Road DARADGEE QLD 4860
  description: Reconfiguring a lot (Boundary realignment - 10 lots into 3 lots)
  info_url: https://ccrc-web.t1cloud.com/T1PRDefault/WebApps/eProperty/P1/eTrack/eTrackApplicationDetails.aspx?ApplicationId=RAL25%2F0004&f=%24P1.ETR.APPDET.VIW&r=P1.WEBGUEST
  date_scraped: '2019-05-15'
  date_received: '2025-02-18'
- council_reference: RAL25/0005
  address: 66 Tully Gorge Road TULLY QLD 4854
  description: Reconfiguring a lot (Boundary realignment - 2 lots into 2 lots)
  info_url: https://ccrc-web.t1cloud.com/T1PRDefault/WebApps/eProperty/P1/eTrack/eTrackApplicationDetails.aspx?ApplicationId=RAL25%2F0005&f=%24P1.ETR.APPDET.VIW&r=P1.WEBGUEST
  date_scraped: '2019-05-15'
  date_received: '2025-02-18'
