---
- council_reference: PP2025/005
  address: 289 Brumbys Road PETERBOROUGH VIC 3270
  description: Use of land for a host farm and group accommodation
  info_url: https://eservices.corangamite.vic.gov.au/T1PRprod/WebApps/eProperty/P1/eTrack/eTrackApplicationDetails.aspx?ApplicationId=PP2025%2F005&f=%24P1.ETR.APPDET.VIW&r=CSC.WEBGUEST
  date_scraped: '2019-05-15'
  date_received: '2025-01-28'
- council_reference: PP2025/006
  address: 19 Pearce Road PORT CAMPBELL VIC 3269
  description: Construction of dwelling (greater than one storey in height)
  info_url: https://eservices.corangamite.vic.gov.au/T1PRprod/WebApps/eProperty/P1/eTrack/eTrackApplicationDetails.aspx?ApplicationId=PP2025%2F006&f=%24P1.ETR.APPDET.VIW&r=CSC.WEBGUEST
  date_scraped: '2019-05-15'
  date_received: '2025-01-28'
- council_reference: PP2025/007
  address: 87 Barrett Street TIMBOON VIC 3268
  description: Development of a double sided, floodlit major promotion sign
  info_url: https://eservices.corangamite.vic.gov.au/T1PRprod/WebApps/eProperty/P1/eTrack/eTrackApplicationDetails.aspx?ApplicationId=PP2025%2F007&f=%24P1.ETR.APPDET.VIW&r=CSC.WEBGUEST
  date_scraped: '2019-05-15'
  date_received: '2025-01-28'
- council_reference: PP2025/008
  address: 1 Adeney Street CAMPERDOWN VIC 3260
  description: Construct Extension of Verandah
  info_url: https://eservices.corangamite.vic.gov.au/T1PRprod/WebApps/eProperty/P1/eTrack/eTrackApplicationDetails.aspx?ApplicationId=PP2025%2F008&f=%24P1.ETR.APPDET.VIW&r=CSC.WEBGUEST
  date_scraped: '2019-05-15'
  date_received: '2025-01-29'
- council_reference: PP2025/009
  address: 35-37 Heriot Street LISMORE VIC 3324
  description: Variation to Red Line Area for Sale of Packaged Liquor
  info_url: https://eservices.corangamite.vic.gov.au/T1PRprod/WebApps/eProperty/P1/eTrack/eTrackApplicationDetails.aspx?ApplicationId=PP2025%2F009&f=%24P1.ETR.APPDET.VIW&r=CSC.WEBGUEST
  date_scraped: '2019-05-15'
  date_received: '2025-01-30'
- council_reference: PP2025/010
  address: 606 Terang-Mortlake Road NOORAT VIC 3265
  description: Change of use to Accommodation
  info_url: https://eservices.corangamite.vic.gov.au/T1PRprod/WebApps/eProperty/P1/eTrack/eTrackApplicationDetails.aspx?ApplicationId=PP2025%2F010&f=%24P1.ETR.APPDET.VIW&r=CSC.WEBGUEST
  date_scraped: '2019-05-15'
  date_received: '2025-01-30'
- council_reference: PP2025/011
  address: 15 Wilson Street TERANG VIC 3264
  description: Construction of an Outbuilding
  info_url: https://eservices.corangamite.vic.gov.au/T1PRprod/WebApps/eProperty/P1/eTrack/eTrackApplicationDetails.aspx?ApplicationId=PP2025%2F011&f=%24P1.ETR.APPDET.VIW&r=CSC.WEBGUEST
  date_scraped: '2019-05-15'
  date_received: '2025-02-03'
- council_reference: PP2025/013
  address: 9-13 Hospital Road TIMBOON VIC 3268
  description: Two Lot Subdivision and Construction of Two Dwellngs
  info_url: https://eservices.corangamite.vic.gov.au/T1PRprod/WebApps/eProperty/P1/eTrack/eTrackApplicationDetails.aspx?ApplicationId=PP2025%2F013&f=%24P1.ETR.APPDET.VIW&r=CSC.WEBGUEST
  date_scraped: '2019-05-15'
  date_received: '2025-02-07'
- council_reference: PP2025/014
  address: 256 Manifold Street CAMPERDOWN VIC 3260
  description: Alterations and Extension to a Dwelling with a Heritage Overlay
  info_url: https://eservices.corangamite.vic.gov.au/T1PRprod/WebApps/eProperty/P1/eTrack/eTrackApplicationDetails.aspx?ApplicationId=PP2025%2F014&f=%24P1.ETR.APPDET.VIW&r=CSC.WEBGUEST
  date_scraped: '2019-05-15'
  date_received: '2025-02-10'
- council_reference: PP2025/015
  address: 980 Melrose Road PRINCETOWN VIC 3269
  description: Removal of Easement (Electricity Transmission) and Crown Grant Reservations
    (Mineral Resources Development Act 1990)
  info_url: https://eservices.corangamite.vic.gov.au/T1PRprod/WebApps/eProperty/P1/eTrack/eTrackApplicationDetails.aspx?ApplicationId=PP2025%2F015&f=%24P1.ETR.APPDET.VIW&r=CSC.WEBGUEST
  date_scraped: '2019-05-15'
  date_received: '2025-02-10'
- council_reference: PP2025/016
  address: 3 Cemetery Road TERANG VIC 3264
  description: Removal of Native Vegetation (One Scattered Tree)
  info_url: https://eservices.corangamite.vic.gov.au/T1PRprod/WebApps/eProperty/P1/eTrack/eTrackApplicationDetails.aspx?ApplicationId=PP2025%2F016&f=%24P1.ETR.APPDET.VIW&r=CSC.WEBGUEST
  date_scraped: '2019-05-15'
  date_received: '2025-02-11'
- council_reference: PP2025/017
  address: 9 L Graylands Road COBDEN VIC 3266
  description: Construct or carry out works associated with Industry (Truck Wash)
  info_url: https://eservices.corangamite.vic.gov.au/T1PRprod/WebApps/eProperty/P1/eTrack/eTrackApplicationDetails.aspx?ApplicationId=PP2025%2F017&f=%24P1.ETR.APPDET.VIW&r=CSC.WEBGUEST
  date_scraped: '2019-05-15'
  date_received: '2025-02-12'
- council_reference: PP2025/018
  address: 2 Hurleys Road SKIBO VIC 3260
  description: Two lot Subdivision (Realignment of boundary) and Use and Development
    of land for a dwelling
  info_url: https://eservices.corangamite.vic.gov.au/T1PRprod/WebApps/eProperty/P1/eTrack/eTrackApplicationDetails.aspx?ApplicationId=PP2025%2F018&f=%24P1.ETR.APPDET.VIW&r=CSC.WEBGUEST
  date_scraped: '2019-05-15'
  date_received: '2025-02-13'
- council_reference: PP2025/019
  address: 20 Currells Road PORT CAMPBELL VIC 3269
  description: Construction of an Outbuilding
  info_url: https://eservices.corangamite.vic.gov.au/T1PRprod/WebApps/eProperty/P1/eTrack/eTrackApplicationDetails.aspx?ApplicationId=PP2025%2F019&f=%24P1.ETR.APPDET.VIW&r=CSC.WEBGUEST
  date_scraped: '2019-05-15'
  date_received: '2025-02-17'
