---
- council_reference: CC0231/25
  address: 13 Campbell Street MORUYA NSW 2537
  description: CC25/003/01 - Cafe deck - AMG
  info_url: https://esc-web.t1cloud.com/T1PRDefault/WebApps/eProperty/P1/eTrack/eTrackApplicationDetails.aspx?ApplicationId=CC0231%2F25&f=%24P1.ETR.APPDET.VIW&r=ESC.P1.WEBGUEST
  date_scraped: '2019-05-15'
  date_received: '2025-01-31'
- council_reference: CC0232/25
  address: 20 Sebbens Crescent ROSEDALE NSW 2536
  description: CC240399/02 - Amendment to CC240399 – Change to skylight - NHC Group
  info_url: https://esc-web.t1cloud.com/T1PRDefault/WebApps/eProperty/P1/eTrack/eTrackApplicationDetails.aspx?ApplicationId=CC0232%2F25&f=%24P1.ETR.APPDET.VIW&r=ESC.P1.WEBGUEST
  date_scraped: '2019-05-15'
  date_received: '2025-02-05'
- council_reference: CC0233/25
  address: 1 Tuross Boulevarde TUROSS HEAD NSW 2537
  description: CC240734/01 - Amendment to CC22/143 – Performance Solution for ceiling
    height - NHC Group
  info_url: https://esc-web.t1cloud.com/T1PRDefault/WebApps/eProperty/P1/eTrack/eTrackApplicationDetails.aspx?ApplicationId=CC0233%2F25&f=%24P1.ETR.APPDET.VIW&r=ESC.P1.WEBGUEST
  date_scraped: '2019-05-15'
  date_received: '2025-02-05'
- council_reference: CC0234/25
  address: 8 Creighton Parade NORTH NAROOMA NSW 2546
  description: P25-0016/01 - Shipping container shed (excludes deck)
  info_url: https://esc-web.t1cloud.com/T1PRDefault/WebApps/eProperty/P1/eTrack/eTrackApplicationDetails.aspx?ApplicationId=CC0234%2F25&f=%24P1.ETR.APPDET.VIW&r=ESC.P1.WEBGUEST
  date_scraped: '2019-05-15'
  date_received: '2025-02-05'
- council_reference: CC0235/25
  address: 6 Alexander Place NORTH NAROOMA NSW 2546
  description: CC629251-B - Dual-Occupancy - Central Certification
  info_url: https://esc-web.t1cloud.com/T1PRDefault/WebApps/eProperty/P1/eTrack/eTrackApplicationDetails.aspx?ApplicationId=CC0235%2F25&f=%24P1.ETR.APPDET.VIW&r=ESC.P1.WEBGUEST
  date_scraped: '2019-05-15'
  date_received: '2025-02-06'
- council_reference: CC0236/25
  address: 6 Wyena Close MALUA BAY NSW 2536
  description: CCP24-0258/01 - Dwelling & Secondary Dwelling - PBA
  info_url: https://esc-web.t1cloud.com/T1PRDefault/WebApps/eProperty/P1/eTrack/eTrackApplicationDetails.aspx?ApplicationId=CC0236%2F25&f=%24P1.ETR.APPDET.VIW&r=ESC.P1.WEBGUEST
  date_scraped: '2019-05-15'
  date_received: '2025-02-06'
- council_reference: CC0237/25
  address: 95 Ridge Road CORUNNA NSW 2546
  description: P25-0004/01 - Dwelling & Garage - PBA
  info_url: https://esc-web.t1cloud.com/T1PRDefault/WebApps/eProperty/P1/eTrack/eTrackApplicationDetails.aspx?ApplicationId=CC0237%2F25&f=%24P1.ETR.APPDET.VIW&r=ESC.P1.WEBGUEST
  date_scraped: '2019-05-15'
  date_received: '2025-02-06'
- council_reference: CC0238/25
  address: 49 Tallawang Avenue MALUA BAY NSW 2536
  description: P24-0246/01 - Construct New Dwelling, Garage & Deck - PBA
  info_url: https://esc-web.t1cloud.com/T1PRDefault/WebApps/eProperty/P1/eTrack/eTrackApplicationDetails.aspx?ApplicationId=CC0238%2F25&f=%24P1.ETR.APPDET.VIW&r=ESC.P1.WEBGUEST
  date_scraped: '2019-05-15'
  date_received: '2025-02-06'
- council_reference: CC0239/25
  address: 22 Clive Court TUROSS HEAD NSW 2537
  description: P25-0012/01 - Alterations & Additions to Dwelling, New Swimming Pool
    & Deck - PBA
  info_url: https://esc-web.t1cloud.com/T1PRDefault/WebApps/eProperty/P1/eTrack/eTrackApplicationDetails.aspx?ApplicationId=CC0239%2F25&f=%24P1.ETR.APPDET.VIW&r=ESC.P1.WEBGUEST
  date_scraped: '2019-05-15'
  date_received: '2025-02-07'
- council_reference: CC0240/25
  address: 1275 Congo Road MERINGO NSW 2537
  description: P25-0014/01 - Alterations & Additions to Dwelling - PBA
  info_url: https://esc-web.t1cloud.com/T1PRDefault/WebApps/eProperty/P1/eTrack/eTrackApplicationDetails.aspx?ApplicationId=CC0240%2F25&f=%24P1.ETR.APPDET.VIW&r=ESC.P1.WEBGUEST
  date_scraped: '2019-05-15'
  date_received: '2025-02-07'
- council_reference: CC0241/25
  address: 78 Saltwood Drive ROSEDALE NSW 2536
  description: P24-0248/01 - Dwelling & Garage - PBA
  info_url: https://esc-web.t1cloud.com/T1PRDefault/WebApps/eProperty/P1/eTrack/eTrackApplicationDetails.aspx?ApplicationId=CC0241%2F25&f=%24P1.ETR.APPDET.VIW&r=ESC.P1.WEBGUEST
  date_scraped: '2019-05-15'
  date_received: '2025-02-07'
- council_reference: CC0242/25
  address: 588 Larrys Mountain Road MOGENDOURA NSW 2537
  description: P24-0231/01 - Alterations & Additions to Existing Dwelling including
    a Carport - PBA
  info_url: https://esc-web.t1cloud.com/T1PRDefault/WebApps/eProperty/P1/eTrack/eTrackApplicationDetails.aspx?ApplicationId=CC0242%2F25&f=%24P1.ETR.APPDET.VIW&r=ESC.P1.WEBGUEST
  date_scraped: '2019-05-15'
  date_received: '2025-02-07'
- council_reference: CC0243/25
  address: 10 Runnyford Road NELLIGEN NSW 2536
  description: CC240802/01 - Stage 2 - Rear Deck - NHC Group
  info_url: https://esc-web.t1cloud.com/T1PRDefault/WebApps/eProperty/P1/eTrack/eTrackApplicationDetails.aspx?ApplicationId=CC0243%2F25&f=%24P1.ETR.APPDET.VIW&r=ESC.P1.WEBGUEST
  date_scraped: '2019-05-15'
  date_received: '2025-02-07'
- council_reference: CC0244/25
  address: 3A Bate Street CENTRAL TILBA NSW 2546
  description: 22032 - Alterations and additions to existing hall - HBC
  info_url: https://esc-web.t1cloud.com/T1PRDefault/WebApps/eProperty/P1/eTrack/eTrackApplicationDetails.aspx?ApplicationId=CC0244%2F25&f=%24P1.ETR.APPDET.VIW&r=ESC.P1.WEBGUEST
  date_scraped: '2019-05-15'
  date_received: '2025-02-11'
- council_reference: CC0247/25
  address: 87A Turnbulls Lane MORUYA NSW 2537
  description: CC240857/01 - Dwelling - NHC Group
  info_url: https://esc-web.t1cloud.com/T1PRDefault/WebApps/eProperty/P1/eTrack/eTrackApplicationDetails.aspx?ApplicationId=CC0247%2F25&f=%24P1.ETR.APPDET.VIW&r=ESC.P1.WEBGUEST
  date_scraped: '2019-05-15'
  date_received: '2025-02-14'
- council_reference: CC0249/25
  address: 39 Clyde Street BATEMANS BAY NSW 2536
  description: CC240814/01 - Stage 1 - Garage Only - NHC Group
  info_url: https://esc-web.t1cloud.com/T1PRDefault/WebApps/eProperty/P1/eTrack/eTrackApplicationDetails.aspx?ApplicationId=CC0249%2F25&f=%24P1.ETR.APPDET.VIW&r=ESC.P1.WEBGUEST
  date_scraped: '2019-05-15'
  date_received: '2025-02-17'
- council_reference: DA0333/25
  address: 56 Illabunda Drive MALUA BAY NSW 2536
  description: Alterations and additions to existing dwelling
  info_url: https://esc-web.t1cloud.com/T1PRDefault/WebApps/eProperty/P1/eTrack/eTrackApplicationDetails.aspx?ApplicationId=DA0333%2F25&f=%24P1.ETR.APPDET.VIW&r=ESC.P1.WEBGUEST
  date_scraped: '2019-05-15'
  date_received: '2025-02-05'
- council_reference: DA0336/25
  address: 22 Sebbens Crescent ROSEDALE NSW 2536
  description: Dwelling house
  info_url: https://esc-web.t1cloud.com/T1PRDefault/WebApps/eProperty/P1/eTrack/eTrackApplicationDetails.aspx?ApplicationId=DA0336%2F25&f=%24P1.ETR.APPDET.VIW&r=ESC.P1.WEBGUEST
  date_scraped: '2019-05-15'
  date_received: '2025-02-05'
- council_reference: DA0342/25
  address: 60 Yarrabee Drive CATALINA NSW 2536
  description: Shed, retaining walls and earthworks
  info_url: https://esc-web.t1cloud.com/T1PRDefault/WebApps/eProperty/P1/eTrack/eTrackApplicationDetails.aspx?ApplicationId=DA0342%2F25&f=%24P1.ETR.APPDET.VIW&r=ESC.P1.WEBGUEST
  date_scraped: '2019-05-15'
  date_received: '2025-02-10'
- council_reference: DA0344/25
  address: 123-133 Vulcan Street MORUYA NSW 2537
  description: Inground swimming pool
  info_url: https://esc-web.t1cloud.com/T1PRDefault/WebApps/eProperty/P1/eTrack/eTrackApplicationDetails.aspx?ApplicationId=DA0344%2F25&f=%24P1.ETR.APPDET.VIW&r=ESC.P1.WEBGUEST
  date_scraped: '2019-05-15'
  date_received: '2025-02-11'
- council_reference: ENF0154/25
  address: 49 Beach Road BATEMANS BAY NSW 2536
  description: |-
    Legislation: CAA
    Action: Declare
    Detail:
  info_url: https://esc-web.t1cloud.com/T1PRDefault/WebApps/eProperty/P1/eTrack/eTrackApplicationDetails.aspx?ApplicationId=ENF0154%2F25&f=%24P1.ETR.APPDET.VIW&r=ESC.P1.WEBGUEST
  date_scraped: '2019-05-15'
  date_received: '2025-02-03'
- council_reference: ENF0167/25
  address: 61 Surf Beach Avenue SURF BEACH NSW 2536
  description: |-
    Legislation: CAA
    Action: Order
    Detail:
  info_url: https://esc-web.t1cloud.com/T1PRDefault/WebApps/eProperty/P1/eTrack/eTrackApplicationDetails.aspx?ApplicationId=ENF0167%2F25&f=%24P1.ETR.APPDET.VIW&r=ESC.P1.WEBGUEST
  date_scraped: '2019-05-15'
  date_received: '2025-02-16'
