---
- council_reference: DA0024/25
  address: 27 Hulbert Street SOUTH FREMANTLE WA 6162
  description: Two Storey Additions and alterations to existing Single house
  info_url: https://fremantle-web.t1cloud.com/T1PRDefault/WebApps/eProperty/P1/eTrack/eTrackApplicationDetails.aspx?ApplicationId=DA0024%2F25&f=%24P1.ETR.APPDET.VIW&r=P1.WEBGUEST
  date_scraped: '2019-05-15'
  date_received: '2025-01-23'
- council_reference: DA0025/25
  address: 11 King William Street SOUTH FREMANTLE WA 6162
  description: Removal of Existing Limestone Wall
  info_url: https://fremantle-web.t1cloud.com/T1PRDefault/WebApps/eProperty/P1/eTrack/eTrackApplicationDetails.aspx?ApplicationId=DA0025%2F25&f=%24P1.ETR.APPDET.VIW&r=P1.WEBGUEST
  date_scraped: '2019-05-15'
  date_received: '2025-01-28'
- council_reference: DA0026/25
  address: 12 Hanlin Way SAMSON WA 6163
  description: Carport addition
  info_url: https://fremantle-web.t1cloud.com/T1PRDefault/WebApps/eProperty/P1/eTrack/eTrackApplicationDetails.aspx?ApplicationId=DA0026%2F25&f=%24P1.ETR.APPDET.VIW&r=P1.WEBGUEST
  date_scraped: '2019-05-15'
  date_received: '2025-01-28'
- council_reference: DA0027/25
  address: 2 Clontarf Road BEACONSFIELD WA 6162
  description: Signage
  info_url: https://fremantle-web.t1cloud.com/T1PRDefault/WebApps/eProperty/P1/eTrack/eTrackApplicationDetails.aspx?ApplicationId=DA0027%2F25&f=%24P1.ETR.APPDET.VIW&r=P1.WEBGUEST
  date_scraped: '2019-05-15'
  date_received: '2025-01-28'
- council_reference: DA0028/25
  address: 229A-229B Queen Victoria Street NORTH FREMANTLE WA 6159
  description: Change of use to Small Bar and internal fitout
  info_url: https://fremantle-web.t1cloud.com/T1PRDefault/WebApps/eProperty/P1/eTrack/eTrackApplicationDetails.aspx?ApplicationId=DA0028%2F25&f=%24P1.ETR.APPDET.VIW&r=P1.WEBGUEST
  date_scraped: '2019-05-15'
  date_received: '2025-01-28'
- council_reference: DA0029/25
  address: 12 South Terrace FREMANTLE WA 6160
  description: Signage and internal Alterations to existing Building
  info_url: https://fremantle-web.t1cloud.com/T1PRDefault/WebApps/eProperty/P1/eTrack/eTrackApplicationDetails.aspx?ApplicationId=DA0029%2F25&f=%24P1.ETR.APPDET.VIW&r=P1.WEBGUEST
  date_scraped: '2019-05-15'
  date_received: '2025-01-28'
- council_reference: DA0030/25
  address: 12 McMahon Way SAMSON WA 6163
  description: Primary Street Fence Addition
  info_url: https://fremantle-web.t1cloud.com/T1PRDefault/WebApps/eProperty/P1/eTrack/eTrackApplicationDetails.aspx?ApplicationId=DA0030%2F25&f=%24P1.ETR.APPDET.VIW&r=P1.WEBGUEST
  date_scraped: '2019-05-15'
  date_received: '2025-01-28'
- council_reference: DA0031/25
  address: 6/142 South Terrace FREMANTLE WA 6160
  description: Change of Use tol Shop
  info_url: https://fremantle-web.t1cloud.com/T1PRDefault/WebApps/eProperty/P1/eTrack/eTrackApplicationDetails.aspx?ApplicationId=DA0031%2F25&f=%24P1.ETR.APPDET.VIW&r=P1.WEBGUEST
  date_scraped: '2019-05-15'
  date_received: '2025-01-28'
- council_reference: DA0032/25
  address: 6 Hanlin Way SAMSON WA 6163
  description: Carport Addition to Existing House
  info_url: https://fremantle-web.t1cloud.com/T1PRDefault/WebApps/eProperty/P1/eTrack/eTrackApplicationDetails.aspx?ApplicationId=DA0032%2F25&f=%24P1.ETR.APPDET.VIW&r=P1.WEBGUEST
  date_scraped: '2019-05-15'
  date_received: '2025-01-30'
- council_reference: DA0033/25
  address: 15 Flindell Street O'CONNOR WA 6163
  description: Industry Development
  info_url: https://fremantle-web.t1cloud.com/T1PRDefault/WebApps/eProperty/P1/eTrack/eTrackApplicationDetails.aspx?ApplicationId=DA0033%2F25&f=%24P1.ETR.APPDET.VIW&r=P1.WEBGUEST
  date_scraped: '2019-05-15'
  date_received: '2025-01-31'
- council_reference: DA0034/25
  address: 31 Harwood Street HILTON WA 6163
  description: Additions and alterations to existing Single House
  info_url: https://fremantle-web.t1cloud.com/T1PRDefault/WebApps/eProperty/P1/eTrack/eTrackApplicationDetails.aspx?ApplicationId=DA0034%2F25&f=%24P1.ETR.APPDET.VIW&r=P1.WEBGUEST
  date_scraped: '2019-05-15'
  date_received: '2025-01-31'
- council_reference: DA0035/25
  address: 83 Samson Street WHITE GUM VALLEY WA 6162
  description: Patioand& Outbuilding additions to existing Single house
  info_url: https://fremantle-web.t1cloud.com/T1PRDefault/WebApps/eProperty/P1/eTrack/eTrackApplicationDetails.aspx?ApplicationId=DA0035%2F25&f=%24P1.ETR.APPDET.VIW&r=P1.WEBGUEST
  date_scraped: '2019-05-15'
  date_received: '2025-01-31'
- council_reference: DA0036/25
  address: 222 Queen Victoria Street NORTH FREMANTLE WA 6159
  description: Alterations to existing Building
  info_url: https://fremantle-web.t1cloud.com/T1PRDefault/WebApps/eProperty/P1/eTrack/eTrackApplicationDetails.aspx?ApplicationId=DA0036%2F25&f=%24P1.ETR.APPDET.VIW&r=P1.WEBGUEST
  date_scraped: '2019-05-15'
  date_received: '2025-01-31'
- council_reference: DA0037/25
  address: 13 Higham Road NORTH FREMANTLE WA 6159
  description: Unauthorised Deck Addition
  info_url: https://fremantle-web.t1cloud.com/T1PRDefault/WebApps/eProperty/P1/eTrack/eTrackApplicationDetails.aspx?ApplicationId=DA0037%2F25&f=%24P1.ETR.APPDET.VIW&r=P1.WEBGUEST
  date_scraped: '2019-05-15'
  date_received: '2025-02-03'
- council_reference: DA0038/25
  address: 95 Snook Crescent HILTON WA 6163
  description: Alterations and Additions to existing Single house
  info_url: https://fremantle-web.t1cloud.com/T1PRDefault/WebApps/eProperty/P1/eTrack/eTrackApplicationDetails.aspx?ApplicationId=DA0038%2F25&f=%24P1.ETR.APPDET.VIW&r=P1.WEBGUEST
  date_scraped: '2019-05-15'
  date_received: '2025-02-05'
- council_reference: DA0039/25
  address: 21 Hines Road HILTON WA 6163
  description: Additions and alterations to existing Single house
  info_url: https://fremantle-web.t1cloud.com/T1PRDefault/WebApps/eProperty/P1/eTrack/eTrackApplicationDetails.aspx?ApplicationId=DA0039%2F25&f=%24P1.ETR.APPDET.VIW&r=P1.WEBGUEST
  date_scraped: '2019-05-15'
  date_received: '2025-02-07'
- council_reference: DA0040/25
  address: 89 Solomon Street FREMANTLE WA 6160
  description: Additions to Existing House
  info_url: https://fremantle-web.t1cloud.com/T1PRDefault/WebApps/eProperty/P1/eTrack/eTrackApplicationDetails.aspx?ApplicationId=DA0040%2F25&f=%24P1.ETR.APPDET.VIW&r=P1.WEBGUEST
  date_scraped: '2019-05-15'
  date_received: '2025-02-11'
- council_reference: DA0041/25
  address: 131 South Street BEACONSFIELD WA 6162
  description: Carport Addition
  info_url: https://fremantle-web.t1cloud.com/T1PRDefault/WebApps/eProperty/P1/eTrack/eTrackApplicationDetails.aspx?ApplicationId=DA0041%2F25&f=%24P1.ETR.APPDET.VIW&r=P1.WEBGUEST
  date_scraped: '2019-05-15'
  date_received: '2025-02-11'
- council_reference: DA0042/25
  address: 14 Mouat Street FREMANTLE WA 6160
  description: Additions and alterations to existing Single house
  info_url: https://fremantle-web.t1cloud.com/T1PRDefault/WebApps/eProperty/P1/eTrack/eTrackApplicationDetails.aspx?ApplicationId=DA0042%2F25&f=%24P1.ETR.APPDET.VIW&r=P1.WEBGUEST
  date_scraped: '2019-05-15'
  date_received: '2025-02-13'
- council_reference: DA0043/25
  address: 21 Mather Road BEACONSFIELD WA 6162
  description: Two Storey Single House
  info_url: https://fremantle-web.t1cloud.com/T1PRDefault/WebApps/eProperty/P1/eTrack/eTrackApplicationDetails.aspx?ApplicationId=DA0043%2F25&f=%24P1.ETR.APPDET.VIW&r=P1.WEBGUEST
  date_scraped: '2019-05-15'
  date_received: '2025-02-13'
- council_reference: DA0044/25
  address: 52 Watkins Street WHITE GUM VALLEY WA 6162
  description: Additions to Existing House
  info_url: https://fremantle-web.t1cloud.com/T1PRDefault/WebApps/eProperty/P1/eTrack/eTrackApplicationDetails.aspx?ApplicationId=DA0044%2F25&f=%24P1.ETR.APPDET.VIW&r=P1.WEBGUEST
  date_scraped: '2019-05-15'
  date_received: '2025-02-13'
- council_reference: DA0045/25
  address: 6 Harbour Road SOUTH FREMANTLE WA 6162
  description: Retrospective - Un-Authorised Brick BBQ with Chimney
  info_url: https://fremantle-web.t1cloud.com/T1PRDefault/WebApps/eProperty/P1/eTrack/eTrackApplicationDetails.aspx?ApplicationId=DA0045%2F25&f=%24P1.ETR.APPDET.VIW&r=P1.WEBGUEST
  date_scraped: '2019-05-15'
  date_received: '2025-02-17'
- council_reference: DAP002/25
  address: 33 South Terrace FREMANTLE WA 6160
  description: Four Storey Tourist Development (Accommodation, Restaurant/ Caf√© and
    Small Bar)
  info_url: https://fremantle-web.t1cloud.com/T1PRDefault/WebApps/eProperty/P1/eTrack/eTrackApplicationDetails.aspx?ApplicationId=DAP002%2F25&f=%24P1.ETR.APPDET.VIW&r=P1.WEBGUEST
  date_scraped: '2019-05-15'
  date_received: '2025-02-03'
- council_reference: LL0001/25
  address: 306 South Terrace SOUTH FREMANTLE WA 6162
  description: Section 40 - Small Bar
  info_url: https://fremantle-web.t1cloud.com/T1PRDefault/WebApps/eProperty/P1/eTrack/eTrackApplicationDetails.aspx?ApplicationId=LL0001%2F25&f=%24P1.ETR.APPDET.VIW&r=P1.WEBGUEST
  date_scraped: '2019-05-15'
  date_received: '2025-02-05'
- council_reference: PW0001/25
  address: Pier 21 Resort 7 John Street NORTH FREMANTLE WA 6159
  description: Removal of Existing Jetties/Floating Pontoons and Reconstruction of
    Jetties and Infrastructure
  info_url: https://fremantle-web.t1cloud.com/T1PRDefault/WebApps/eProperty/P1/eTrack/eTrackApplicationDetails.aspx?ApplicationId=PW0001%2F25&f=%24P1.ETR.APPDET.VIW&r=P1.WEBGUEST
  date_scraped: '2019-05-15'
  date_received: '2025-02-05'
- council_reference: VA0001/25
  address: 53 Ellen Street FREMANTLE WA 6160
  description: Variation to previous planning approval DA0506/21)
  info_url: https://fremantle-web.t1cloud.com/T1PRDefault/WebApps/eProperty/P1/eTrack/eTrackApplicationDetails.aspx?ApplicationId=VA0001%2F25&f=%24P1.ETR.APPDET.VIW&r=P1.WEBGUEST
  date_scraped: '2019-05-15'
  date_received: '2025-01-31'
- council_reference: VA0002/25
  address: 5 Johannah Street NORTH FREMANTLE WA 6159
  description: Variation to previous planning approval DA0289/22 (Two Storey Single
    house)
  info_url: https://fremantle-web.t1cloud.com/T1PRDefault/WebApps/eProperty/P1/eTrack/eTrackApplicationDetails.aspx?ApplicationId=VA0002%2F25&f=%24P1.ETR.APPDET.VIW&r=P1.WEBGUEST
  date_scraped: '2019-05-15'
  date_received: '2025-02-11'
- council_reference: WAPC108-25
  address: 93 Holland Street FREMANTLE WA 6160
  description: Subdivision Application
  info_url: https://fremantle-web.t1cloud.com/T1PRDefault/WebApps/eProperty/P1/eTrack/eTrackApplicationDetails.aspx?ApplicationId=WAPC108-25&f=%24P1.ETR.APPDET.VIW&r=P1.WEBGUEST
  date_scraped: '2019-05-15'
  date_received: '2025-01-31'
