---
- council_reference: CC/0097/2425
  address: 18 Roebuck Street GOULBURN NSW 2580
  description: Construct a steel framed colourbond shed
  info_url: https://gmc-web.t1cloud.com/T1PRDefault/WebApps/eProperty/P1/eTrack/eTrackApplicationDetails.aspx?ApplicationId=CC%2F0097%2F2425&f=%24P1.ETR.APPDET.VIW&r=P1.WEBGUEST
  date_scraped: '2019-05-15'
  date_received: '2025-01-24'
- council_reference: CC/0098/2425
  address: 43 Platypus Circuit GOULBURN NSW 2580
  description: Private - Inground indoor swimming pool - STONEYBARK BUILDING CERTIFICATION
    PTY LTD
  info_url: https://gmc-web.t1cloud.com/T1PRDefault/WebApps/eProperty/P1/eTrack/eTrackApplicationDetails.aspx?ApplicationId=CC%2F0098%2F2425&f=%24P1.ETR.APPDET.VIW&r=P1.WEBGUEST
  date_scraped: '2019-05-15'
  date_received: '2025-01-29'
- council_reference: CC/0099/2425
  address: 26 Church Street GOULBURN NSW 2580
  description: Private Proposed Multi Dwelling housing - MODIFICATION TO RETAINING
    WALLS AND DEEP EDGE BEAM DETAILS - ADVANCED BUILDING CERTIFIERS
  info_url: https://gmc-web.t1cloud.com/T1PRDefault/WebApps/eProperty/P1/eTrack/eTrackApplicationDetails.aspx?ApplicationId=CC%2F0099%2F2425&f=%24P1.ETR.APPDET.VIW&r=P1.WEBGUEST
  date_scraped: '2019-05-15'
  date_received: '2025-01-29'
- council_reference: CC/0100/2425
  address: 26 Record Street GOULBURN NSW 2580
  description: Construction of concrete slab on ground to support the installation
    of an above ground pool/spa and fence
  info_url: https://gmc-web.t1cloud.com/T1PRDefault/WebApps/eProperty/P1/eTrack/eTrackApplicationDetails.aspx?ApplicationId=CC%2F0100%2F2425&f=%24P1.ETR.APPDET.VIW&r=P1.WEBGUEST
  date_scraped: '2019-05-15'
  date_received: '2025-01-29'
- council_reference: CC/0101/2425
  address: 5 Franklin Street GOULBURN NSW 2580
  description: Construction of new retail development - ELITE CERTIFICATION PTY LTD
  info_url: https://gmc-web.t1cloud.com/T1PRDefault/WebApps/eProperty/P1/eTrack/eTrackApplicationDetails.aspx?ApplicationId=CC%2F0101%2F2425&f=%24P1.ETR.APPDET.VIW&r=P1.WEBGUEST
  date_scraped: '2019-05-15'
  date_received: '2025-01-29'
- council_reference: CC/0102/2425
  address: 21 Whittaker Road MARULAN NSW 2579
  description: CONSTRUCTION OF ONE STOREY RESIDENTIAL DWELLING
  info_url: https://gmc-web.t1cloud.com/T1PRDefault/WebApps/eProperty/P1/eTrack/eTrackApplicationDetails.aspx?ApplicationId=CC%2F0102%2F2425&f=%24P1.ETR.APPDET.VIW&r=P1.WEBGUEST
  date_scraped: '2019-05-15'
  date_received: '2025-01-30'
- council_reference: CC/0103/2425
  address: 3 Oxley Crescent GOULBURN NSW 2580
  description: 'Shed: MOD - Addition to toilet facilities - Private ( Buildcert Certification
    PTY LTD)'
  info_url: https://gmc-web.t1cloud.com/T1PRDefault/WebApps/eProperty/P1/eTrack/eTrackApplicationDetails.aspx?ApplicationId=CC%2F0103%2F2425&f=%24P1.ETR.APPDET.VIW&r=P1.WEBGUEST
  date_scraped: '2019-05-15'
  date_received: '2025-01-30'
- council_reference: CC/0104/2425
  address: 51 Mount Wayo Drive WAYO NSW 2580
  description: Construction of a shed - Private (Yass Valley Building Certifiers)
  info_url: https://gmc-web.t1cloud.com/T1PRDefault/WebApps/eProperty/P1/eTrack/eTrackApplicationDetails.aspx?ApplicationId=CC%2F0104%2F2425&f=%24P1.ETR.APPDET.VIW&r=P1.WEBGUEST
  date_scraped: '2019-05-15'
  date_received: '2025-01-31'
- council_reference: CC/0105/2425
  address: 7-9 Slocombe Street GOULBURN NSW 2580
  description: CC - relocation of an existing garage and construction of a new detached
    garage and retaining walls ancillary to the existing dwelling.
  info_url: https://gmc-web.t1cloud.com/T1PRDefault/WebApps/eProperty/P1/eTrack/eTrackApplicationDetails.aspx?ApplicationId=CC%2F0105%2F2425&f=%24P1.ETR.APPDET.VIW&r=P1.WEBGUEST
  date_scraped: '2019-05-15'
  date_received: '2025-02-10'
- council_reference: CC/0106/2425
  address: 70 Coromandel Street GOULBURN NSW 2580
  description: Proposed removal of existing shed and replacement with new Shed
  info_url: https://gmc-web.t1cloud.com/T1PRDefault/WebApps/eProperty/P1/eTrack/eTrackApplicationDetails.aspx?ApplicationId=CC%2F0106%2F2425&f=%24P1.ETR.APPDET.VIW&r=P1.WEBGUEST
  date_scraped: '2019-05-15'
  date_received: '2025-02-11'
- council_reference: CC/0107/2425
  address: 12 Hinchcliffe Close GOULBURN NSW 2580
  description: 1. A new two- story residential dwelling. The ground floor consists
    of a two-car garage, storage areas. The first floor consists of four bedrooms,
    study, living and entertaining areas.
  info_url: https://gmc-web.t1cloud.com/T1PRDefault/WebApps/eProperty/P1/eTrack/eTrackApplicationDetails.aspx?ApplicationId=CC%2F0107%2F2425&f=%24P1.ETR.APPDET.VIW&r=P1.WEBGUEST
  date_scraped: '2019-05-15'
  date_received: '2025-02-11'
- council_reference: CC/0108/2425
  address: 526 Jerrara Road MARULAN NSW 2579
  description: Construction of a new Single Storey Dwelling.
  info_url: https://gmc-web.t1cloud.com/T1PRDefault/WebApps/eProperty/P1/eTrack/eTrackApplicationDetails.aspx?ApplicationId=CC%2F0108%2F2425&f=%24P1.ETR.APPDET.VIW&r=P1.WEBGUEST
  date_scraped: '2019-05-15'
  date_received: '2025-02-11'
- council_reference: CC/0109/2425
  address: 37 Collins Street MARULAN NSW 2579
  description: CC- erection of garage and carport including new concrete slab
  info_url: https://gmc-web.t1cloud.com/T1PRDefault/WebApps/eProperty/P1/eTrack/eTrackApplicationDetails.aspx?ApplicationId=CC%2F0109%2F2425&f=%24P1.ETR.APPDET.VIW&r=P1.WEBGUEST
  date_scraped: '2019-05-15'
  date_received: '2025-02-11'
- council_reference: CC/0110/2425
  address: 34 Pockley Road RUN O WATERS NSW 2580
  description: CC - Construction of a single storey dwelling and detached ancillary
    storage shed
  info_url: https://gmc-web.t1cloud.com/T1PRDefault/WebApps/eProperty/P1/eTrack/eTrackApplicationDetails.aspx?ApplicationId=CC%2F0110%2F2425&f=%24P1.ETR.APPDET.VIW&r=P1.WEBGUEST
  date_scraped: '2019-05-15'
  date_received: '2025-02-13'
- council_reference: CC/0111/2425
  address: 2725 Braidwood Road LAKE BATHURST NSW 2580
  description: construction of a new single-storey dwelling, including a carport,
    porch and deck. (Private- Select Structure Certification PTY LTD)
  info_url: https://gmc-web.t1cloud.com/T1PRDefault/WebApps/eProperty/P1/eTrack/eTrackApplicationDetails.aspx?ApplicationId=CC%2F0111%2F2425&f=%24P1.ETR.APPDET.VIW&r=P1.WEBGUEST
  date_scraped: '2019-05-15'
  date_received: '2025-02-14'
- council_reference: CC/0112/2425
  address: Stone Place GOULBURN NSW 2580
  description: Construction of 2 attached dwellings and associated site works. Private
    Certifier McKenzie Group Consulting (NSW) Pty Ltd
  info_url: https://gmc-web.t1cloud.com/T1PRDefault/WebApps/eProperty/P1/eTrack/eTrackApplicationDetails.aspx?ApplicationId=CC%2F0112%2F2425&f=%24P1.ETR.APPDET.VIW&r=P1.WEBGUEST
  date_scraped: '2019-05-15'
  date_received: '2025-02-14'
- council_reference: CC/0113/2425
  address: 4139 Braidwood Road TIRRANNAVILLE NSW 2580
  description: Additions and alterations to an existing dwelling, including living
    area and new deck
  info_url: https://gmc-web.t1cloud.com/T1PRDefault/WebApps/eProperty/P1/eTrack/eTrackApplicationDetails.aspx?ApplicationId=CC%2F0113%2F2425&f=%24P1.ETR.APPDET.VIW&r=P1.WEBGUEST
  date_scraped: '2019-05-15'
  date_received: '2025-02-18'
- council_reference: CDC/0058/2425
  address: 3 Colvin Place GOULBURN NSW 2580
  description: "Swimming Pool\r\nMOD - Changing Pool Shell from Concrete to Fibreglass
    - Private (Buildcert Certification PTY LTD)"
  info_url: https://gmc-web.t1cloud.com/T1PRDefault/WebApps/eProperty/P1/eTrack/eTrackApplicationDetails.aspx?ApplicationId=CDC%2F0058%2F2425&f=%24P1.ETR.APPDET.VIW&r=P1.WEBGUEST
  date_scraped: '2019-05-15'
  date_received: '2025-01-24'
- council_reference: CDC/0059/2425
  address: 63 Matchless Avenue GOULBURN NSW 2580
  description: New residential dwelling (Private - Stoneybark Building Certification
    Pty Ltd)
  info_url: https://gmc-web.t1cloud.com/T1PRDefault/WebApps/eProperty/P1/eTrack/eTrackApplicationDetails.aspx?ApplicationId=CDC%2F0059%2F2425&f=%24P1.ETR.APPDET.VIW&r=P1.WEBGUEST
  date_scraped: '2019-05-15'
  date_received: '2025-02-05'
- council_reference: CDC/0060/2425
  address: 18 Madeleine Drive GOULBURN NSW 2580
  description: Construction of Dual Occupancy single storey dwellings
  info_url: https://gmc-web.t1cloud.com/T1PRDefault/WebApps/eProperty/P1/eTrack/eTrackApplicationDetails.aspx?ApplicationId=CDC%2F0060%2F2425&f=%24P1.ETR.APPDET.VIW&r=P1.WEBGUEST
  date_scraped: '2019-05-15'
  date_received: '2025-02-12'
- council_reference: CDC/0061/2425
  address: 60 Kidd Circuit GOULBURN NSW 2580
  description: Install an inground fiberglass swimming pool - Private (STONEYBARK
    BUILDING CERTIFICATION PTY LTD)
  info_url: https://gmc-web.t1cloud.com/T1PRDefault/WebApps/eProperty/P1/eTrack/eTrackApplicationDetails.aspx?ApplicationId=CDC%2F0061%2F2425&f=%24P1.ETR.APPDET.VIW&r=P1.WEBGUEST
  date_scraped: '2019-05-15'
  date_received: '2025-02-14'
- council_reference: CDC/0062/2425
  address: 40 Pockley Road RUN O WATERS NSW 2580
  description: Dwelling - Private (Buildcert Certification Pty Ltd)
  info_url: https://gmc-web.t1cloud.com/T1PRDefault/WebApps/eProperty/P1/eTrack/eTrackApplicationDetails.aspx?ApplicationId=CDC%2F0062%2F2425&f=%24P1.ETR.APPDET.VIW&r=P1.WEBGUEST
  date_scraped: '2019-05-15'
  date_received: '2025-02-18'
- council_reference: DA/0195/2425
  address: 1268 Taralga Road TARLO NSW 2580
  description: RETURNED Construction of a new Single Storey Dwelling.
  info_url: https://gmc-web.t1cloud.com/T1PRDefault/WebApps/eProperty/P1/eTrack/eTrackApplicationDetails.aspx?ApplicationId=DA%2F0195%2F2425&f=%24P1.ETR.APPDET.VIW&r=P1.WEBGUEST
  date_scraped: '2019-05-15'
  date_received: '2025-01-23'
- council_reference: DA/0196/2425
  address: 18 Roebuck Street GOULBURN NSW 2580
  description: Detached garage ancillary to the existing dwelling
  info_url: https://gmc-web.t1cloud.com/T1PRDefault/WebApps/eProperty/P1/eTrack/eTrackApplicationDetails.aspx?ApplicationId=DA%2F0196%2F2425&f=%24P1.ETR.APPDET.VIW&r=P1.WEBGUEST
  date_scraped: '2019-05-15'
  date_received: '2025-01-23'
- council_reference: DA/0197/2425
  address: 1054 Middle Arm Road MIDDLE ARM NSW 2580
  description: RETURNED Proposed additions and alterations to existing dwelling and
    proposed new detached secondary dwelling.
  info_url: https://gmc-web.t1cloud.com/T1PRDefault/WebApps/eProperty/P1/eTrack/eTrackApplicationDetails.aspx?ApplicationId=DA%2F0197%2F2425&f=%24P1.ETR.APPDET.VIW&r=P1.WEBGUEST
  date_scraped: '2019-05-15'
  date_received: '2025-01-24'
- council_reference: DA/0198/2425
  address: 21 Whittaker Road MARULAN NSW 2579
  description: Construction of single storey dwelling
  info_url: https://gmc-web.t1cloud.com/T1PRDefault/WebApps/eProperty/P1/eTrack/eTrackApplicationDetails.aspx?ApplicationId=DA%2F0198%2F2425&f=%24P1.ETR.APPDET.VIW&r=P1.WEBGUEST
  date_scraped: '2019-05-15'
  date_received: '2025-01-28'
- council_reference: DA/0199/2425
  address: 4 Wheatley Avenue GOULBURN NSW 2580
  description: RETURNED Construct a single storey dwelling with detached granny flat
  info_url: https://gmc-web.t1cloud.com/T1PRDefault/WebApps/eProperty/P1/eTrack/eTrackApplicationDetails.aspx?ApplicationId=DA%2F0199%2F2425&f=%24P1.ETR.APPDET.VIW&r=P1.WEBGUEST
  date_scraped: '2019-05-15'
  date_received: '2025-01-28'
- council_reference: DA/0200/2425
  address: 14 Day Street GOULBURN NSW 2580
  description: Two level additions to the existing dwelling house
  info_url: https://gmc-web.t1cloud.com/T1PRDefault/WebApps/eProperty/P1/eTrack/eTrackApplicationDetails.aspx?ApplicationId=DA%2F0200%2F2425&f=%24P1.ETR.APPDET.VIW&r=P1.WEBGUEST
  date_scraped: '2019-05-15'
  date_received: '2025-01-29'
- council_reference: DA/0201/2425
  address: 7 Clure Place GOULBURN NSW 2580
  description: "*RETURNED* Supply & installation of a prefabricated Stratco Patio"
  info_url: https://gmc-web.t1cloud.com/T1PRDefault/WebApps/eProperty/P1/eTrack/eTrackApplicationDetails.aspx?ApplicationId=DA%2F0201%2F2425&f=%24P1.ETR.APPDET.VIW&r=P1.WEBGUEST
  date_scraped: '2019-05-15'
  date_received: '2025-01-29'
- council_reference: DA/0202/2425
  address: 67 Kingsdale Road KINGSDALE NSW 2580
  description: RETURNED Infill of existing carport. Single storey home.
  info_url: https://gmc-web.t1cloud.com/T1PRDefault/WebApps/eProperty/P1/eTrack/eTrackApplicationDetails.aspx?ApplicationId=DA%2F0202%2F2425&f=%24P1.ETR.APPDET.VIW&r=P1.WEBGUEST
  date_scraped: '2019-05-15'
  date_received: '2025-01-30'
- council_reference: DA/0203/2425
  address: 31 Sydney Road GOULBURN NSW 2580
  description: Construction of a Digital, Wall Mounted, Billboard Sign.
  info_url: https://gmc-web.t1cloud.com/T1PRDefault/WebApps/eProperty/P1/eTrack/eTrackApplicationDetails.aspx?ApplicationId=DA%2F0203%2F2425&f=%24P1.ETR.APPDET.VIW&r=P1.WEBGUEST
  date_scraped: '2019-05-15'
  date_received: '2025-01-30'
- council_reference: DA/0204/2425
  address: 27 Ross Street GOULBURN NSW 2580
  description: Construction and operation of a 39 unit storage premises
  info_url: https://gmc-web.t1cloud.com/T1PRDefault/WebApps/eProperty/P1/eTrack/eTrackApplicationDetails.aspx?ApplicationId=DA%2F0204%2F2425&f=%24P1.ETR.APPDET.VIW&r=P1.WEBGUEST
  date_scraped: '2019-05-15'
  date_received: '2025-01-31'
- council_reference: DA/0205/2425
  address: 53 Loloma Place RUN O WATERS NSW 2580
  description: construction of a single storey dwelling house with a pool and shed.
  info_url: https://gmc-web.t1cloud.com/T1PRDefault/WebApps/eProperty/P1/eTrack/eTrackApplicationDetails.aspx?ApplicationId=DA%2F0205%2F2425&f=%24P1.ETR.APPDET.VIW&r=P1.WEBGUEST
  date_scraped: '2019-05-15'
  date_received: '2025-01-31'
- council_reference: DA/0206/2425
  address: 31 Sydney Road GOULBURN NSW 2580
  description: Construction of a Digital, Wall Mounted, Billboard Sign.
  info_url: https://gmc-web.t1cloud.com/T1PRDefault/WebApps/eProperty/P1/eTrack/eTrackApplicationDetails.aspx?ApplicationId=DA%2F0206%2F2425&f=%24P1.ETR.APPDET.VIW&r=P1.WEBGUEST
  date_scraped: '2019-05-15'
  date_received: '2025-02-03'
- council_reference: DA/0207/2425
  address: 67 Kingsdale Road KINGSDALE NSW 2580
  description: Infill of existing carport. Single storey home.
  info_url: https://gmc-web.t1cloud.com/T1PRDefault/WebApps/eProperty/P1/eTrack/eTrackApplicationDetails.aspx?ApplicationId=DA%2F0207%2F2425&f=%24P1.ETR.APPDET.VIW&r=P1.WEBGUEST
  date_scraped: '2019-05-15'
  date_received: '2025-02-05'
- council_reference: DA/0208/2425
  address: 157 Gurrundah Road RUN O WATERS NSW 2580
  description: Construction of a two storey brick veneer dwelling
  info_url: https://gmc-web.t1cloud.com/T1PRDefault/WebApps/eProperty/P1/eTrack/eTrackApplicationDetails.aspx?ApplicationId=DA%2F0208%2F2425&f=%24P1.ETR.APPDET.VIW&r=P1.WEBGUEST
  date_scraped: '2019-05-15'
  date_received: '2025-02-05'
- council_reference: DA/0209/2425
  address: 1054 Middle Arm Road MIDDLE ARM NSW 2580
  description: Proposed additions and alterations to existing dwelling and proposed
    new detached secondary dwelling.
  info_url: https://gmc-web.t1cloud.com/T1PRDefault/WebApps/eProperty/P1/eTrack/eTrackApplicationDetails.aspx?ApplicationId=DA%2F0209%2F2425&f=%24P1.ETR.APPDET.VIW&r=P1.WEBGUEST
  date_scraped: '2019-05-15'
  date_received: '2025-02-05'
- council_reference: DA/0210/2425
  address: 1268 Taralga Road TARLO NSW 2580
  description: RETURNED Construction of a new Single Storey Dwelling.
  info_url: https://gmc-web.t1cloud.com/T1PRDefault/WebApps/eProperty/P1/eTrack/eTrackApplicationDetails.aspx?ApplicationId=DA%2F0210%2F2425&f=%24P1.ETR.APPDET.VIW&r=P1.WEBGUEST
  date_scraped: '2019-05-15'
  date_received: '2025-02-06'
- council_reference: DA/0211/2425
  address: 35 Grevillea Close TALLONG PARK NSW 2579
  description: RETURNED Detached Steel Framed Shed and Dwelling
  info_url: https://gmc-web.t1cloud.com/T1PRDefault/WebApps/eProperty/P1/eTrack/eTrackApplicationDetails.aspx?ApplicationId=DA%2F0211%2F2425&f=%24P1.ETR.APPDET.VIW&r=P1.WEBGUEST
  date_scraped: '2019-05-15'
  date_received: '2025-02-06'
- council_reference: DA/0212/2425
  address: 70 Coromandel Street GOULBURN NSW 2580
  description: Proposed removal of existing shed and replacement with new Shed
  info_url: https://gmc-web.t1cloud.com/T1PRDefault/WebApps/eProperty/P1/eTrack/eTrackApplicationDetails.aspx?ApplicationId=DA%2F0212%2F2425&f=%24P1.ETR.APPDET.VIW&r=P1.WEBGUEST
  date_scraped: '2019-05-15'
  date_received: '2025-02-06'
- council_reference: DA/0213/2425
  address: 172 Rampion Hills Road CARRICK NSW 2580
  description: Proposed Secondary Residence and Shed
  info_url: https://gmc-web.t1cloud.com/T1PRDefault/WebApps/eProperty/P1/eTrack/eTrackApplicationDetails.aspx?ApplicationId=DA%2F0213%2F2425&f=%24P1.ETR.APPDET.VIW&r=P1.WEBGUEST
  date_scraped: '2019-05-15'
  date_received: '2025-02-06'
- council_reference: DA/0214/2425
  address: 2832 Braidwood Road LAKE BATHURST NSW 2580
  description: Agricultural subdivision / boundary adjustment and consolidation
  info_url: https://gmc-web.t1cloud.com/T1PRDefault/WebApps/eProperty/P1/eTrack/eTrackApplicationDetails.aspx?ApplicationId=DA%2F0214%2F2425&f=%24P1.ETR.APPDET.VIW&r=P1.WEBGUEST
  date_scraped: '2019-05-15'
  date_received: '2025-02-07'
- council_reference: DA/0215/2425
  address: 237 Parkesbourne Road YARRA NSW 2580
  description: "*RETURNED* Manufacture /Assembly of light trailers"
  info_url: https://gmc-web.t1cloud.com/T1PRDefault/WebApps/eProperty/P1/eTrack/eTrackApplicationDetails.aspx?ApplicationId=DA%2F0215%2F2425&f=%24P1.ETR.APPDET.VIW&r=P1.WEBGUEST
  date_scraped: '2019-05-15'
  date_received: '2025-02-12'
- council_reference: DA/0216/2425
  address: 56 Knox Street GOULBURN NSW 2580
  description: RETURNED Alterations and additions to the existing NSW State Emergency
    Service Zone Headquarters facility
  info_url: https://gmc-web.t1cloud.com/T1PRDefault/WebApps/eProperty/P1/eTrack/eTrackApplicationDetails.aspx?ApplicationId=DA%2F0216%2F2425&f=%24P1.ETR.APPDET.VIW&r=P1.WEBGUEST
  date_scraped: '2019-05-15'
  date_received: '2025-02-12'
- council_reference: DA/0217/2425
  address: 41 Ruse Street GOULBURN NSW 2580
  description: RETURNED the application is for the extention of the existing sunroom
    the make more suitable dining, the building of a timber deck to the rear of the
    home and the construction of a garage.
  info_url: https://gmc-web.t1cloud.com/T1PRDefault/WebApps/eProperty/P1/eTrack/eTrackApplicationDetails.aspx?ApplicationId=DA%2F0217%2F2425&f=%24P1.ETR.APPDET.VIW&r=P1.WEBGUEST
  date_scraped: '2019-05-15'
  date_received: '2025-02-13'
- council_reference: DA/0218/2425
  address: 14 Johnsons Lane BRISBANE GROVE NSW 2580
  description: Colourbond shed with aluminum windows and sliding doors, to enclose
    a fiberglass swimming pool.
  info_url: https://gmc-web.t1cloud.com/T1PRDefault/WebApps/eProperty/P1/eTrack/eTrackApplicationDetails.aspx?ApplicationId=DA%2F0218%2F2425&f=%24P1.ETR.APPDET.VIW&r=P1.WEBGUEST
  date_scraped: '2019-05-15'
  date_received: '2025-02-17'
- council_reference: DA/0219/2425
  address: 145 Nicholson Street GOULBURN NSW 2580
  description: Additions and alterations to an existing dwelling to provide enhanced
    facilities for the owners
  info_url: https://gmc-web.t1cloud.com/T1PRDefault/WebApps/eProperty/P1/eTrack/eTrackApplicationDetails.aspx?ApplicationId=DA%2F0219%2F2425&f=%24P1.ETR.APPDET.VIW&r=P1.WEBGUEST
  date_scraped: '2019-05-15'
  date_received: '2025-02-18'
- council_reference: MODCC/0011/2425
  address: 33 Hollis Avenue GOULBURN NSW 2580
  description: MOD CC.
  info_url: https://gmc-web.t1cloud.com/T1PRDefault/WebApps/eProperty/P1/eTrack/eTrackApplicationDetails.aspx?ApplicationId=MODCC%2F0011%2F2425&f=%24P1.ETR.APPDET.VIW&r=P1.WEBGUEST
  date_scraped: '2019-05-15'
  date_received: '2025-02-04'
- council_reference: MODCD/0003/2425
  address: 16 Indian Avenue GOULBURN NSW 2580
  description: Duel Occupancy Detached-Modification to internal layout (Private- Avoca
    Building Approvals)
  info_url: https://gmc-web.t1cloud.com/T1PRDefault/WebApps/eProperty/P1/eTrack/eTrackApplicationDetails.aspx?ApplicationId=MODCD%2F0003%2F2425&f=%24P1.ETR.APPDET.VIW&r=P1.WEBGUEST
  date_scraped: '2019-05-15'
  date_received: '2025-02-13'
- council_reference: MODDA/0070/2425
  address: 8 Crundwell Street GOULBURN NSW 2580
  description: RETURNED Extension of the kitchenette to include an oven and stove
    top for the purposes of making meals for tenants. Make provisions for a laundry
    area to allow for on premise laundering of cleaning equipment. Replace landscape
    retaining walls with wood and post retaining wall as the landscape solution is
    failing. The retaining wall at the north corner of the property will include a
    balustrade off the deck complying with NCC 2019 Building Code of Australia (NCC
    2019 BCA) D2.16 Vol.1
  info_url: https://gmc-web.t1cloud.com/T1PRDefault/WebApps/eProperty/P1/eTrack/eTrackApplicationDetails.aspx?ApplicationId=MODDA%2F0070%2F2425&f=%24P1.ETR.APPDET.VIW&r=P1.WEBGUEST
  date_scraped: '2019-05-15'
  date_received: '2025-01-29'
- council_reference: MODDA/0071/2425
  address: 8 Crundwell Street GOULBURN NSW 2580
  description: MODDA
  info_url: https://gmc-web.t1cloud.com/T1PRDefault/WebApps/eProperty/P1/eTrack/eTrackApplicationDetails.aspx?ApplicationId=MODDA%2F0071%2F2425&f=%24P1.ETR.APPDET.VIW&r=P1.WEBGUEST
  date_scraped: '2019-05-15'
  date_received: '2025-02-03'
- council_reference: MODDA/0072/2425
  address: 44-46 Wollondilly Avenue GOULBURN NSW 2580
  description: The application seeks to modify the Approved Development in terms of
    the locations of the retaining walls.
  info_url: https://gmc-web.t1cloud.com/T1PRDefault/WebApps/eProperty/P1/eTrack/eTrackApplicationDetails.aspx?ApplicationId=MODDA%2F0072%2F2425&f=%24P1.ETR.APPDET.VIW&r=P1.WEBGUEST
  date_scraped: '2019-05-15'
  date_received: '2025-02-03'
- council_reference: MODDA/0073/2425
  address: 17 Cowrang Place GOULBURN NSW 2580
  description: S4.55(1A) Modification to stage the approved 6 Lot Subdivision and
    associated engineering works.
  info_url: https://gmc-web.t1cloud.com/T1PRDefault/WebApps/eProperty/P1/eTrack/eTrackApplicationDetails.aspx?ApplicationId=MODDA%2F0073%2F2425&f=%24P1.ETR.APPDET.VIW&r=P1.WEBGUEST
  date_scraped: '2019-05-15'
  date_received: '2025-02-06'
- council_reference: MODDA/0074/2425
  address: 129 Marys Mount Road GOULBURN NSW 2580
  description: Residential subdivision consisting of 205 allotments.
  info_url: https://gmc-web.t1cloud.com/T1PRDefault/WebApps/eProperty/P1/eTrack/eTrackApplicationDetails.aspx?ApplicationId=MODDA%2F0074%2F2425&f=%24P1.ETR.APPDET.VIW&r=P1.WEBGUEST
  date_scraped: '2019-05-15'
  date_received: '2025-02-11'
- council_reference: MODDA/0075/2425
  address: 41 Auburn Street GOULBURN NSW 2580
  description: Proposed alterations and additions to existing dwelling Proposed prefabricated
    metal shed.
  info_url: https://gmc-web.t1cloud.com/T1PRDefault/WebApps/eProperty/P1/eTrack/eTrackApplicationDetails.aspx?ApplicationId=MODDA%2F0075%2F2425&f=%24P1.ETR.APPDET.VIW&r=P1.WEBGUEST
  date_scraped: '2019-05-15'
  date_received: '2025-02-19'
