---
- council_reference: P21417.01
  address: 271 CAMP RD BROADMEADOWS VIC 3047
  description: USE AND DEVELOPMENT OF A CHILDCARE CENTRE AND ACCESS TO A TRANSPORT
    ZONE 2
  info_url: https://ehume.hume.vic.gov.au/T1PRProd/WebApps/eProperty/P1/eTrack/eTrackApplicationDetails.aspx?ApplicationId=P21417.01&f=%24P1.ETR.APPDET.VIW&r=P1.HCC.WEBGUEST
  date_scraped: '2019-05-15'
  date_received: '2025-02-06'
- council_reference: P24544.01
  address: 45-165 OLD SYDNEY RD MICKLEHAM VIC 3064
  description: USE AND DEVELOPMENT OF LAND FOR THE PURPOSE OF RURAL INDUSTRY - WINE
    PROCESSING FACILITY AND REDUCTION IN CAR PARKING
  info_url: https://ehume.hume.vic.gov.au/T1PRProd/WebApps/eProperty/P1/eTrack/eTrackApplicationDetails.aspx?ApplicationId=P24544.01&f=%24P1.ETR.APPDET.VIW&r=P1.HCC.WEBGUEST
  date_scraped: '2019-05-15'
  date_received: '2025-02-18'
- council_reference: P25088.01
  address: 750 CRAIGIEBURN RD EAST CRAIGIEBURN VIC 3064
  description: SUBDIVISION OF LAND FOR TWO SUPERLOTS
  info_url: https://ehume.hume.vic.gov.au/T1PRProd/WebApps/eProperty/P1/eTrack/eTrackApplicationDetails.aspx?ApplicationId=P25088.01&f=%24P1.ETR.APPDET.VIW&r=P1.HCC.WEBGUEST
  date_scraped: '2019-05-15'
  date_received: '2025-02-13'
- council_reference: P25796.01
  address: 1185-1197 PASCOE VALE RD BROADMEADOWS VIC 3047
  description: THE DEVELOPMENT OF LAND FOR MULTIPLE CONVENIENCE RESTAURANTS AND RESTRICTED
    RETAIL PREMISES, AND THE REDUCTION OF BICYCLE AND CAR PARKING
  info_url: https://ehume.hume.vic.gov.au/T1PRProd/WebApps/eProperty/P1/eTrack/eTrackApplicationDetails.aspx?ApplicationId=P25796.01&f=%24P1.ETR.APPDET.VIW&r=P1.HCC.WEBGUEST
  date_scraped: '2019-05-15'
  date_received: '2025-01-30'
- council_reference: P26264
  address: 31 BANKSIA GR TULLAMARINE VIC 3043
  description: CONSTRUCT A DWELLING IF THERE IS AT LEAST ONE DWELLING EXISTING ON
    THE LOT
  info_url: https://ehume.hume.vic.gov.au/T1PRProd/WebApps/eProperty/P1/eTrack/eTrackApplicationDetails.aspx?ApplicationId=P26264&f=%24P1.ETR.APPDET.VIW&r=P1.HCC.WEBGUEST
  date_scraped: '2019-05-15'
  date_received: '2025-02-14'
- council_reference: P26360
  address: 31 AUGUSTA AVE CAMPBELLFIELD VIC 3061
  description: 'TWO LOT SUBDIVISION - PS 927991M [ SPEAR REF # S239699S ]'
  info_url: https://ehume.hume.vic.gov.au/T1PRProd/WebApps/eProperty/P1/eTrack/eTrackApplicationDetails.aspx?ApplicationId=P26360&f=%24P1.ETR.APPDET.VIW&r=P1.HCC.WEBGUEST
  date_scraped: '2019-05-15'
  date_received: '2025-02-17'
- council_reference: P26379
  address: 800 WILDWOOD RD WILDWOOD VIC 3429
  description: DEVELOPMENT OF THE LAND FOR A DWELLING AND ON-SITE AMENITIES
  info_url: https://ehume.hume.vic.gov.au/T1PRProd/WebApps/eProperty/P1/eTrack/eTrackApplicationDetails.aspx?ApplicationId=P26379&f=%24P1.ETR.APPDET.VIW&r=P1.HCC.WEBGUEST
  date_scraped: '2019-05-15'
  date_received: '2025-01-31'
- council_reference: P26380
  address: 355-365 GAP RD SUNBURY VIC 3429
  description: USE OF THE LAND FOR TRUCK PARKING
  info_url: https://ehume.hume.vic.gov.au/T1PRProd/WebApps/eProperty/P1/eTrack/eTrackApplicationDetails.aspx?ApplicationId=P26380&f=%24P1.ETR.APPDET.VIW&r=P1.HCC.WEBGUEST
  date_scraped: '2019-05-15'
  date_received: '2025-02-06'
- council_reference: P26384
  address: 12 DISTRIBUTION DR MICKLEHAM VIC 3064
  description: DEVELOPMENT OF THE LAND FOR A WAREHOUSE WITH ANCILLARY OFFICE AND CAR
    PARK
  info_url: https://ehume.hume.vic.gov.au/T1PRProd/WebApps/eProperty/P1/eTrack/eTrackApplicationDetails.aspx?ApplicationId=P26384&f=%24P1.ETR.APPDET.VIW&r=P1.HCC.WEBGUEST
  date_scraped: '2019-05-15'
  date_received: '2025-02-12'
- council_reference: P26392
  address: 14/34 KING WILLIAM ST BROADMEADOWS VIC 3047
  description: BUILDING AND WORKS
  info_url: https://ehume.hume.vic.gov.au/T1PRProd/WebApps/eProperty/P1/eTrack/eTrackApplicationDetails.aspx?ApplicationId=P26392&f=%24P1.ETR.APPDET.VIW&r=P1.HCC.WEBGUEST
  date_scraped: '2019-05-15'
  date_received: '2025-02-07'
- council_reference: P26393
  address: 7 CARNARVON CT SUNBURY VIC 3429
  description: DEVELOPMENT OF THE LAND FOR MULTIPLE DWELLINGS
  info_url: https://ehume.hume.vic.gov.au/T1PRProd/WebApps/eProperty/P1/eTrack/eTrackApplicationDetails.aspx?ApplicationId=P26393&f=%24P1.ETR.APPDET.VIW&r=P1.HCC.WEBGUEST
  date_scraped: '2019-05-15'
  date_received: '2025-02-04'
- council_reference: P26396
  address: 28-32 CATALINA DR TULLAMARINE VIC 3043
  description: CLASS CHANGE TO CLASS 9 FOR A RTO FOR AUTOMOTIVE AND PAINTING COURSES
  info_url: https://ehume.hume.vic.gov.au/T1PRProd/WebApps/eProperty/P1/eTrack/eTrackApplicationDetails.aspx?ApplicationId=P26396&f=%24P1.ETR.APPDET.VIW&r=P1.HCC.WEBGUEST
  date_scraped: '2019-05-15'
  date_received: '2025-01-28'
- council_reference: P26405
  address: 17 ADDERLEY DR GREENVALE VIC 3059
  description: 2 LOT SUBDIVISION PS 929177E [SPEAR#S241633M]
  info_url: https://ehume.hume.vic.gov.au/T1PRProd/WebApps/eProperty/P1/eTrack/eTrackApplicationDetails.aspx?ApplicationId=P26405&f=%24P1.ETR.APPDET.VIW&r=P1.HCC.WEBGUEST
  date_scraped: '2019-05-15'
  date_received: '2025-01-24'
- council_reference: P26435
  address: 11-13 MITCHELLS LANE SUNBURY VIC 3429
  description: '20 LOT SUBDIVISION - PS 913283U - [ SPEAR REF # S242065B ]'
  info_url: https://ehume.hume.vic.gov.au/T1PRProd/WebApps/eProperty/P1/eTrack/eTrackApplicationDetails.aspx?ApplicationId=P26435&f=%24P1.ETR.APPDET.VIW&r=P1.HCC.WEBGUEST
  date_scraped: '2019-05-15'
  date_received: '2025-02-04'
- council_reference: P26438
  address: JACANA RESERVE 139-157 JOHNSTONE ST JACANA VIC 3047
  description: THE REMOVAL OF 0.0289 HA OF NATIVE VEGETATION ASSOCIATED WITH THE CONSTRUCTION
    OF A SEWAGE FLOW CONTROL (SFC) STRUCTURE AS PART OF THE YARRA VALLEY WATER (YVW)
    JACANA PROJECT
  info_url: https://ehume.hume.vic.gov.au/T1PRProd/WebApps/eProperty/P1/eTrack/eTrackApplicationDetails.aspx?ApplicationId=P26438&f=%24P1.ETR.APPDET.VIW&r=P1.HCC.WEBGUEST
  date_scraped: '2019-05-15'
  date_received: '2025-02-07'
- council_reference: P26448
  address: 27 FOREFRONT DR MICKLEHAM VIC 3064
  description: DEVELOPMENT OF THE LAND FOR A TWO STOREY BUILDING
  info_url: https://ehume.hume.vic.gov.au/T1PRProd/WebApps/eProperty/P1/eTrack/eTrackApplicationDetails.aspx?ApplicationId=P26448&f=%24P1.ETR.APPDET.VIW&r=P1.HCC.WEBGUEST
  date_scraped: '2019-05-15'
  date_received: '2025-01-28'
- council_reference: P26454
  address: 17 PAPWORTH PL MEADOW HEIGHTS VIC 3048
  description: 'TWO LOT SUBDIVISION PS 929036Y [ SPEAR # S242700B ]'
  info_url: https://ehume.hume.vic.gov.au/T1PRProd/WebApps/eProperty/P1/eTrack/eTrackApplicationDetails.aspx?ApplicationId=P26454&f=%24P1.ETR.APPDET.VIW&r=P1.HCC.WEBGUEST
  date_scraped: '2019-05-15'
  date_received: '2025-01-24'
- council_reference: P26457
  address: BALANCE OF LAND 5 AUSTRAK DR SOMERTON VIC 3062
  description: DEVELOPMENT AND USE OF LAND FOR A WAREHOUSE, REDUCTION OF CAR PARKING,
    ALTERATION TO ACCESS TRANSPORT 2 ZONE AND DISPLAY OF BUSINESS SIGNAGE
  info_url: https://ehume.hume.vic.gov.au/T1PRProd/WebApps/eProperty/P1/eTrack/eTrackApplicationDetails.aspx?ApplicationId=P26457&f=%24P1.ETR.APPDET.VIW&r=P1.HCC.WEBGUEST
  date_scraped: '2019-05-15'
  date_received: '2025-02-10'
- council_reference: P26458
  address: 10 KATHRYN ST FAWKNER VIC 3060
  description: 'THREE LOT SUBDIVISION PS 926943E [SPEAR # S242818A ]'
  info_url: https://ehume.hume.vic.gov.au/T1PRProd/WebApps/eProperty/P1/eTrack/eTrackApplicationDetails.aspx?ApplicationId=P26458&f=%24P1.ETR.APPDET.VIW&r=P1.HCC.WEBGUEST
  date_scraped: '2019-05-15'
  date_received: '2025-01-24'
- council_reference: P26462
  address: 14 SOUTH CIRCULAR RD GLADSTONE PARK VIC 3043
  description: BUILDING AND WORKS
  info_url: https://ehume.hume.vic.gov.au/T1PRProd/WebApps/eProperty/P1/eTrack/eTrackApplicationDetails.aspx?ApplicationId=P26462&f=%24P1.ETR.APPDET.VIW&r=P1.HCC.WEBGUEST
  date_scraped: '2019-05-15'
  date_received: '2025-02-03'
- council_reference: P26463
  address: 29 JOHNSTONE ST JACANA VIC 3047
  description: THREE LOT SUBDIVISION PS 926432G [SPEAR#S240866V]
  info_url: https://ehume.hume.vic.gov.au/T1PRProd/WebApps/eProperty/P1/eTrack/eTrackApplicationDetails.aspx?ApplicationId=P26463&f=%24P1.ETR.APPDET.VIW&r=P1.HCC.WEBGUEST
  date_scraped: '2019-05-15'
  date_received: '2025-01-29'
- council_reference: P26464
  address: BALANCE OF LAND 5 AUSTRAK DR SOMERTON VIC 3062
  description: DEVELOPMENT OF THE LAND FOR A WAREHOUSE, REDUCTION OF CAR PARKING,
    ALTERATION TO ACCESS TRANSPORT 2 ZONE AND DISPLAY OF BUSINESS SIGNAGE
  info_url: https://ehume.hume.vic.gov.au/T1PRProd/WebApps/eProperty/P1/eTrack/eTrackApplicationDetails.aspx?ApplicationId=P26464&f=%24P1.ETR.APPDET.VIW&r=P1.HCC.WEBGUEST
  date_scraped: '2019-05-15'
  date_received: '2025-02-10'
- council_reference: P26465
  address: 2 TANNINBRAE DR SUNBURY VIC 3429
  description: USE OF THE LAND ASSOCIATED WITH AN INNOMINATE USE - STOCKPILE
  info_url: https://ehume.hume.vic.gov.au/T1PRProd/WebApps/eProperty/P1/eTrack/eTrackApplicationDetails.aspx?ApplicationId=P26465&f=%24P1.ETR.APPDET.VIW&r=P1.HCC.WEBGUEST
  date_scraped: '2019-05-15'
  date_received: '2025-02-04'
- council_reference: P26468
  address: RAHANGA 2175 MICKLEHAM RD MICKLEHAM VIC 3064
  description: USE AND DEVELOPMENT OF THE LAND FOR A PLACE OF WORSHIP INCLUDING ALTER
    ACCESS TO A ROAD IN A TRANSPORT ZONE SCHEDULE 2
  info_url: https://ehume.hume.vic.gov.au/T1PRProd/WebApps/eProperty/P1/eTrack/eTrackApplicationDetails.aspx?ApplicationId=P26468&f=%24P1.ETR.APPDET.VIW&r=P1.HCC.WEBGUEST
  date_scraped: '2019-05-15'
  date_received: '2025-01-30'
- council_reference: P26469
  address: 4 BOWER CT GLADSTONE PARK VIC 3043
  description: '3 LOT SUBDIVISION - PS 930514F - [ SPEAR REF # S242936J ]'
  info_url: https://ehume.hume.vic.gov.au/T1PRProd/WebApps/eProperty/P1/eTrack/eTrackApplicationDetails.aspx?ApplicationId=P26469&f=%24P1.ETR.APPDET.VIW&r=P1.HCC.WEBGUEST
  date_scraped: '2019-05-15'
  date_received: '2025-01-29'
- council_reference: P26470
  address: 57 GIRGARRE ST BROADMEADOWS VIC 3047
  description: DEVELOPMENT OF THE LAND FOR A DWELLING IN THE MELBOURNE AIRPORT ENVIRONS
    OVERLAY
  info_url: https://ehume.hume.vic.gov.au/T1PRProd/WebApps/eProperty/P1/eTrack/eTrackApplicationDetails.aspx?ApplicationId=P26470&f=%24P1.ETR.APPDET.VIW&r=P1.HCC.WEBGUEST
  date_scraped: '2019-05-15'
  date_received: '2025-01-28'
- council_reference: P26471
  address: 275 KONAGADERRA RD WILDWOOD VIC 3429
  description: DEVELOPMENT OF THE LAND FOR HORSE SHELTERS
  info_url: https://ehume.hume.vic.gov.au/T1PRProd/WebApps/eProperty/P1/eTrack/eTrackApplicationDetails.aspx?ApplicationId=P26471&f=%24P1.ETR.APPDET.VIW&r=P1.HCC.WEBGUEST
  date_scraped: '2019-05-15'
  date_received: '2025-02-04'
- council_reference: P26472
  address: 1/2 CLAREDALE AVE GLADSTONE PARK VIC 3043
  description: TWO LOT SUBDIVISION PS 927510H [ SPEAR# S243156H ]
  info_url: https://ehume.hume.vic.gov.au/T1PRProd/WebApps/eProperty/P1/eTrack/eTrackApplicationDetails.aspx?ApplicationId=P26472&f=%24P1.ETR.APPDET.VIW&r=P1.HCC.WEBGUEST
  date_scraped: '2019-05-15'
  date_received: '2025-01-30'
- council_reference: P26473
  address: 24 LILLEE CRES TULLAMARINE VIC 3043
  description: DEVELOPMENT OF THE LAND FOR AN INDUSTRIAL FACILITY AND A REDUCTION
    IN CAR PARKING
  info_url: https://ehume.hume.vic.gov.au/T1PRProd/WebApps/eProperty/P1/eTrack/eTrackApplicationDetails.aspx?ApplicationId=P26473&f=%24P1.ETR.APPDET.VIW&r=P1.HCC.WEBGUEST
  date_scraped: '2019-05-15'
  date_received: '2025-01-31'
- council_reference: P26477
  address: 265 MICKLEHAM RD WESTMEADOWS VIC 3049
  description: USE AND DEVELOPMENT OF THE LAND FOR A CARPARK IN THE MELBOURNE AIRPORT
    ENVIRONS OVERLAY
  info_url: https://ehume.hume.vic.gov.au/T1PRProd/WebApps/eProperty/P1/eTrack/eTrackApplicationDetails.aspx?ApplicationId=P26477&f=%24P1.ETR.APPDET.VIW&r=P1.HCC.WEBGUEST
  date_scraped: '2019-05-15'
  date_received: '2025-02-06'
- council_reference: P26478
  address: 10 DISTRIBUTION DR MICKLEHAM VIC 3064
  description: DEVELOPMENT OF THE LAND FOR A WAREHOUSE
  info_url: https://ehume.hume.vic.gov.au/T1PRProd/WebApps/eProperty/P1/eTrack/eTrackApplicationDetails.aspx?ApplicationId=P26478&f=%24P1.ETR.APPDET.VIW&r=P1.HCC.WEBGUEST
  date_scraped: '2019-05-15'
  date_received: '2025-02-03'
- council_reference: P26479
  address: 29 EUMARELLA ST TULLAMARINE VIC 3043
  description: 4 LOT SUBDIVISION PS 921002L [SPEAR#S243342P]
  info_url: https://ehume.hume.vic.gov.au/T1PRProd/WebApps/eProperty/P1/eTrack/eTrackApplicationDetails.aspx?ApplicationId=P26479&f=%24P1.ETR.APPDET.VIW&r=P1.HCC.WEBGUEST
  date_scraped: '2019-05-15'
  date_received: '2025-02-03'
- council_reference: P26480
  address: 24 LANDY RD JACANA VIC 3047
  description: DEVELOPMENT OF THE LAND FOR A SECOND DWELLING IN THE MELBOURNE AIRPORT
    ENVIRONS OVERLAY
  info_url: https://ehume.hume.vic.gov.au/T1PRProd/WebApps/eProperty/P1/eTrack/eTrackApplicationDetails.aspx?ApplicationId=P26480&f=%24P1.ETR.APPDET.VIW&r=P1.HCC.WEBGUEST
  date_scraped: '2019-05-15'
  date_received: '2025-02-11'
- council_reference: P26482
  address: 340 CRAIGIEBURN RD CRAIGIEBURN VIC 3064
  description: EXTERNAL LED SIGNBOARD
  info_url: https://ehume.hume.vic.gov.au/T1PRProd/WebApps/eProperty/P1/eTrack/eTrackApplicationDetails.aspx?ApplicationId=P26482&f=%24P1.ETR.APPDET.VIW&r=P1.HCC.WEBGUEST
  date_scraped: '2019-05-15'
  date_received: '2025-02-05'
- council_reference: P26483
  address: 96 HORNE ST CAMPBELLFIELD VIC 3061
  description: 'THREE LOT SUBDIVISION PS929405T - SPEAR REF: S243583P'
  info_url: https://ehume.hume.vic.gov.au/T1PRProd/WebApps/eProperty/P1/eTrack/eTrackApplicationDetails.aspx?ApplicationId=P26483&f=%24P1.ETR.APPDET.VIW&r=P1.HCC.WEBGUEST
  date_scraped: '2019-05-15'
  date_received: '2025-02-06'
- council_reference: P26486
  address: 337 BARRY RD CAMPBELLFIELD VIC 3061
  description: Development and extension of existing food and drink premises
  info_url: https://ehume.hume.vic.gov.au/T1PRProd/WebApps/eProperty/P1/eTrack/eTrackApplicationDetails.aspx?ApplicationId=P26486&f=%24P1.ETR.APPDET.VIW&r=P1.HCC.WEBGUEST
  date_scraped: '2019-05-15'
  date_received: '2025-02-10'
- council_reference: P26488
  address: 70 NORMANBY DR GREENVALE VIC 3059
  description: "TWO (2) LOT SUBDIVISION - Subdivision is to create two vacant residential
    allotments\r\nVARIATION OF RESTRICTIVE COVENANT (INSTRUMENT NO. T014446L). Covenant
    variation (of restriction 7) is required for proposed subdivision to proceed"
  info_url: https://ehume.hume.vic.gov.au/T1PRProd/WebApps/eProperty/P1/eTrack/eTrackApplicationDetails.aspx?ApplicationId=P26488&f=%24P1.ETR.APPDET.VIW&r=P1.HCC.WEBGUEST
  date_scraped: '2019-05-15'
  date_received: '2025-02-18'
- council_reference: P26489
  address: 26 ANTHONY ST SUNBURY VIC 3429
  description: PROPOSED DUAL OCCUPANCY
  info_url: https://ehume.hume.vic.gov.au/T1PRProd/WebApps/eProperty/P1/eTrack/eTrackApplicationDetails.aspx?ApplicationId=P26489&f=%24P1.ETR.APPDET.VIW&r=P1.HCC.WEBGUEST
  date_scraped: '2019-05-15'
  date_received: '2025-02-12'
- council_reference: P26490
  address: 2 SMEATON CT CRAIGIEBURN VIC 3064
  description: REPLACEMENT OF A FIRE-DAMAGED DWELLING
  info_url: https://ehume.hume.vic.gov.au/T1PRProd/WebApps/eProperty/P1/eTrack/eTrackApplicationDetails.aspx?ApplicationId=P26490&f=%24P1.ETR.APPDET.VIW&r=P1.HCC.WEBGUEST
  date_scraped: '2019-05-15'
  date_received: '2025-02-12'
- council_reference: P26491
  address: 12 BILBY ST CRAIGIEBURN VIC 3064
  description: PROPOSED VERANDAH
  info_url: https://ehume.hume.vic.gov.au/T1PRProd/WebApps/eProperty/P1/eTrack/eTrackApplicationDetails.aspx?ApplicationId=P26491&f=%24P1.ETR.APPDET.VIW&r=P1.HCC.WEBGUEST
  date_scraped: '2019-05-15'
  date_received: '2025-02-12'
- council_reference: P26492
  address: 90 THE PANORAMA MICKLEHAM VIC 3064
  description: MULTI-LOT SUBDIVISION AND VARIATION TO RESTRICTIVE COVENANT
  info_url: https://ehume.hume.vic.gov.au/T1PRProd/WebApps/eProperty/P1/eTrack/eTrackApplicationDetails.aspx?ApplicationId=P26492&f=%24P1.ETR.APPDET.VIW&r=P1.HCC.WEBGUEST
  date_scraped: '2019-05-15'
  date_received: '2025-02-12'
- council_reference: P26494
  address: BALANCE OF LAND 200 DONNYBROOK RD MICKLEHAM VIC 3064
  description: "• Use the land for a Display home under 1.0 of Schedule 4 to Clause
    37.02.\r\n• Construct a building or carry out works under 6.0 of Schedule 4 to
    Clause 37.02.\r\n• Reduce the number of car parking spaces required under Clause
    52.06-5 as per Clause 52.06-3."
  info_url: https://ehume.hume.vic.gov.au/T1PRProd/WebApps/eProperty/P1/eTrack/eTrackApplicationDetails.aspx?ApplicationId=P26494&f=%24P1.ETR.APPDET.VIW&r=P1.HCC.WEBGUEST
  date_scraped: '2019-05-15'
  date_received: '2025-02-13'
- council_reference: P26495
  address: 16 CIMBERWOOD DR CRAIGIEBURN VIC 3064
  description: VARIATION OF A RESTRICTIVE COVENANT - TO REMOVE ITEM ( i ) OF COVENANT
    L759997N
  info_url: https://ehume.hume.vic.gov.au/T1PRProd/WebApps/eProperty/P1/eTrack/eTrackApplicationDetails.aspx?ApplicationId=P26495&f=%24P1.ETR.APPDET.VIW&r=P1.HCC.WEBGUEST
  date_scraped: '2019-05-15'
  date_received: '2025-02-13'
- council_reference: P26496
  address: 94 SPAVIN DR SUNBURY VIC 3429
  description: TO VARY A EFFLUENT ENVELOPE LOCATION STATED WITHIN RESTRICTION OF PLAN
    OF SUBDIVISION
  info_url: https://ehume.hume.vic.gov.au/T1PRProd/WebApps/eProperty/P1/eTrack/eTrackApplicationDetails.aspx?ApplicationId=P26496&f=%24P1.ETR.APPDET.VIW&r=P1.HCC.WEBGUEST
  date_scraped: '2019-05-15'
  date_received: '2025-02-13'
- council_reference: P26497
  address: 50 BUCKLAND WAY SUNBURY VIC 3429
  description: TWO LOT SUBDIVISION
  info_url: https://ehume.hume.vic.gov.au/T1PRProd/WebApps/eProperty/P1/eTrack/eTrackApplicationDetails.aspx?ApplicationId=P26497&f=%24P1.ETR.APPDET.VIW&r=P1.HCC.WEBGUEST
  date_scraped: '2019-05-15'
  date_received: '2025-02-17'
- council_reference: P26498
  address: 8 COLUMBUS RD KALKALLO VIC 3064
  description: DEVELOPMENT OF A SINGLE STOREY DWELLING
  info_url: https://ehume.hume.vic.gov.au/T1PRProd/WebApps/eProperty/P1/eTrack/eTrackApplicationDetails.aspx?ApplicationId=P26498&f=%24P1.ETR.APPDET.VIW&r=P1.HCC.WEBGUEST
  date_scraped: '2019-05-15'
  date_received: '2025-02-17'
- council_reference: P26502
  address: 2 DUNKELD ST MEADOW HEIGHTS VIC 3048
  description: 'TWO LOT SUBDIVISION PS 930914N [ SPEAR # S243915S ]'
  info_url: https://ehume.hume.vic.gov.au/T1PRProd/WebApps/eProperty/P1/eTrack/eTrackApplicationDetails.aspx?ApplicationId=P26502&f=%24P1.ETR.APPDET.VIW&r=P1.HCC.WEBGUEST
  date_scraped: '2019-05-15'
  date_received: '2025-02-18'
- council_reference: P26503
  address: 40 SUMMIT DR MICKLEHAM VIC 3064
  description: 'TWO LOT SUBDIVISION [ SPEAR # S244014S ]'
  info_url: https://ehume.hume.vic.gov.au/T1PRProd/WebApps/eProperty/P1/eTrack/eTrackApplicationDetails.aspx?ApplicationId=P26503&f=%24P1.ETR.APPDET.VIW&r=P1.HCC.WEBGUEST
  date_scraped: '2019-05-15'
  date_received: '2025-02-17'
- council_reference: P26504
  address: 9 ASTER CL MEADOW HEIGHTS VIC 3048
  description: 'TWO LOT SUBDIVISION PS 927962U [ SPEAR # S243663T ]'
  info_url: https://ehume.hume.vic.gov.au/T1PRProd/WebApps/eProperty/P1/eTrack/eTrackApplicationDetails.aspx?ApplicationId=P26504&f=%24P1.ETR.APPDET.VIW&r=P1.HCC.WEBGUEST
  date_scraped: '2019-05-15'
  date_received: '2025-02-17'
- council_reference: PSEC000172
  address: BALANCE OF LAND 450-500 DONNYBROOK RD MICKLEHAM VIC 3064
  description: STAGED MULTI LOT SUBDIVISION OF LAND
  info_url: https://ehume.hume.vic.gov.au/T1PRProd/WebApps/eProperty/P1/eTrack/eTrackApplicationDetails.aspx?ApplicationId=PSEC000172&f=%24P1.ETR.APPDET.VIW&r=P1.HCC.WEBGUEST
  date_scraped: '2019-05-15'
  date_received: '2025-01-23'
