---
- council_reference: CC006/25
  address: 1108 Pipers Flat Road PORTLAND NSW 2847
  description: 'Two sheds: one is 84m2 with awnings, the other is 162m2 with additional
    awnings.'
  info_url: https://lithgowcc-web.t1cloud.com/T1PRDefault/WebApps/eProperty/P1/eTrack/eTrackApplicationDetails.aspx?ApplicationId=CC006%2F25&f=%24P1.ETR.APPDET.VIW&r=P1.WEBGUEST
  date_scraped: '2019-05-15'
  date_received: '2025-02-12'
- council_reference: CC007/25
  address: 22 Henrietta Street WALLERAWANG NSW 2845
  description: Retaining Wall
  info_url: https://lithgowcc-web.t1cloud.com/T1PRDefault/WebApps/eProperty/P1/eTrack/eTrackApplicationDetails.aspx?ApplicationId=CC007%2F25&f=%24P1.ETR.APPDET.VIW&r=P1.WEBGUEST
  date_scraped: '2019-05-15'
  date_received: '2025-02-11'
- council_reference: CC008/25
  address: 35 Ilford Street PORTLAND NSW 2847
  description: Shed
  info_url: https://lithgowcc-web.t1cloud.com/T1PRDefault/WebApps/eProperty/P1/eTrack/eTrackApplicationDetails.aspx?ApplicationId=CC008%2F25&f=%24P1.ETR.APPDET.VIW&r=P1.WEBGUEST
  date_scraped: '2019-05-15'
  date_received: '2025-02-06'
- council_reference: CC009/25
  address: Clareville 641 Sodwalls Road TARANA NSW 2787
  description: Patio
  info_url: https://lithgowcc-web.t1cloud.com/T1PRDefault/WebApps/eProperty/P1/eTrack/eTrackApplicationDetails.aspx?ApplicationId=CC009%2F25&f=%24P1.ETR.APPDET.VIW&r=P1.WEBGUEST
  date_scraped: '2019-05-15'
  date_received: '2025-02-11'
- council_reference: CC010/25
  address: Naringla 1804 Great Western Highway MOUNT LAMBIE NSW 2790
  description: Shed
  info_url: https://lithgowcc-web.t1cloud.com/T1PRDefault/WebApps/eProperty/P1/eTrack/eTrackApplicationDetails.aspx?ApplicationId=CC010%2F25&f=%24P1.ETR.APPDET.VIW&r=P1.WEBGUEST
  date_scraped: '2019-05-15'
  date_received: '2025-02-11'
- council_reference: CC011/25
  address: 11 Finlay Avenue LITHGOW NSW 2790
  description: Shed
  info_url: https://lithgowcc-web.t1cloud.com/T1PRDefault/WebApps/eProperty/P1/eTrack/eTrackApplicationDetails.aspx?ApplicationId=CC011%2F25&f=%24P1.ETR.APPDET.VIW&r=P1.WEBGUEST
  date_scraped: '2019-05-15'
  date_received: '2025-02-13'
- council_reference: DA008/25
  address: Clareville 641 Sodwalls Road TARANA NSW 2787
  description: Addition of Patio
  info_url: https://lithgowcc-web.t1cloud.com/T1PRDefault/WebApps/eProperty/P1/eTrack/eTrackApplicationDetails.aspx?ApplicationId=DA008%2F25&f=%24P1.ETR.APPDET.VIW&r=P1.WEBGUEST
  date_scraped: '2019-05-15'
  date_received: '2025-02-11'
- council_reference: DA009/25
  address: 343-363 Willow Vale Road WALLERAWANG NSW 2845
  description: Subdivision 2 lots
  info_url: https://lithgowcc-web.t1cloud.com/T1PRDefault/WebApps/eProperty/P1/eTrack/eTrackApplicationDetails.aspx?ApplicationId=DA009%2F25&f=%24P1.ETR.APPDET.VIW&r=P1.WEBGUEST
  date_scraped: '2019-05-15'
  date_received: '2025-02-11'
- council_reference: DA010/25
  address: 11 Finlay Avenue LITHGOW NSW 2790
  description: Shed
  info_url: https://lithgowcc-web.t1cloud.com/T1PRDefault/WebApps/eProperty/P1/eTrack/eTrackApplicationDetails.aspx?ApplicationId=DA010%2F25&f=%24P1.ETR.APPDET.VIW&r=P1.WEBGUEST
  date_scraped: '2019-05-15'
  date_received: '2025-02-17'
- council_reference: S68012/25
  address: Genowlan Road GLEN ALICE NSW 2849
  description: Solid Fuel Heater
  info_url: https://lithgowcc-web.t1cloud.com/T1PRDefault/WebApps/eProperty/P1/eTrack/eTrackApplicationDetails.aspx?ApplicationId=S68012%2F25&f=%24P1.ETR.APPDET.VIW&r=P1.WEBGUEST
  date_scraped: '2019-05-15'
  date_received: '2025-02-13'
- council_reference: SubCert001/25
  address: 277 Noola Road BOGEE NSW 2849
  description: Subdivision Certificate - Exempt - Torrens - 3 Lots into 2
  info_url: https://lithgowcc-web.t1cloud.com/T1PRDefault/WebApps/eProperty/P1/eTrack/eTrackApplicationDetails.aspx?ApplicationId=SubCert001%2F25&f=%24P1.ETR.APPDET.VIW&r=P1.WEBGUEST
  date_scraped: '2019-05-15'
  date_received: '2025-02-12'
