---
- council_reference: DA0148/2025
  address: 11B Industrial Avenue MUDGEE NSW 2850
  description: PAN-458782 - Plant Nursery @ 11B Industrial Avenue MUDGEE NSW 2850
  info_url: https://midwestern-web.t1cloud.com/T1PRDefault/WebApps/eProperty/P1/eTrack/eTrackApplicationDetails.aspx?ApplicationId=DA0148%2F2025&f=%24P1.ETR.APPDET.VIW&r=P1.WEBGUEST
  date_scraped: '2019-05-15'
  date_received: '2025-01-27'
- council_reference: DA0149/2025
  address: 61 Knox Crescent CAERLEON NSW 2850
  description: PAN-502467 - Dwelling @ 61 Knox Crescent CAERLEON NSW 2850
  info_url: https://midwestern-web.t1cloud.com/T1PRDefault/WebApps/eProperty/P1/eTrack/eTrackApplicationDetails.aspx?ApplicationId=DA0149%2F2025&f=%24P1.ETR.APPDET.VIW&r=P1.WEBGUEST
  date_scraped: '2019-05-15'
  date_received: '2025-01-28'
- council_reference: DA0151/2025
  address: 21 Webster Street BOMBIRA NSW 2850
  description: PAN-503394 - Dwelling and Shed @ 21 Webster Street BOMBIRA NSW 2850
  info_url: https://midwestern-web.t1cloud.com/T1PRDefault/WebApps/eProperty/P1/eTrack/eTrackApplicationDetails.aspx?ApplicationId=DA0151%2F2025&f=%24P1.ETR.APPDET.VIW&r=P1.WEBGUEST
  date_scraped: '2019-05-15'
  date_received: '2025-01-28'
- council_reference: DA0153/2025
  address: 105 Lewis Street MUDGEE NSW 2850
  description: PAN-504354 - Demolition and Construction of Shed @ 105 Lewis Street
    MUDGEE NSW 2850
  info_url: https://midwestern-web.t1cloud.com/T1PRDefault/WebApps/eProperty/P1/eTrack/eTrackApplicationDetails.aspx?ApplicationId=DA0153%2F2025&f=%24P1.ETR.APPDET.VIW&r=P1.WEBGUEST
  date_scraped: '2019-05-15'
  date_received: '2025-02-04'
- council_reference: DA0154/2025
  address: 10 Knox Crescent CAERLEON NSW 2850
  description: PAN-505100 - Detached Shed @ 10 Knox Crescent CAERLEON NSW 2850
  info_url: https://midwestern-web.t1cloud.com/T1PRDefault/WebApps/eProperty/P1/eTrack/eTrackApplicationDetails.aspx?ApplicationId=DA0154%2F2025&f=%24P1.ETR.APPDET.VIW&r=P1.WEBGUEST
  date_scraped: '2019-05-15'
  date_received: '2025-01-30'
- council_reference: DA0155/2025
  address: 189 Montaza Road TALLAWANG NSW 2852
  description: PAN-505323 - Dwelling House (Manufactured Home) @ 189 Montaza Road
    TALLAWANG NSW 2852
  info_url: https://midwestern-web.t1cloud.com/T1PRDefault/WebApps/eProperty/P1/eTrack/eTrackApplicationDetails.aspx?ApplicationId=DA0155%2F2025&f=%24P1.ETR.APPDET.VIW&r=P1.WEBGUEST
  date_scraped: '2019-05-15'
  date_received: '2025-02-04'
- council_reference: DA0157/2025
  address: 28 Webster Street BOMBIRA NSW 2850
  description: PAN-505703 - Dwelling @ 28 Webster Street BOMBIRA NSW 2850
  info_url: https://midwestern-web.t1cloud.com/T1PRDefault/WebApps/eProperty/P1/eTrack/eTrackApplicationDetails.aspx?ApplicationId=DA0157%2F2025&f=%24P1.ETR.APPDET.VIW&r=P1.WEBGUEST
  date_scraped: '2019-05-15'
  date_received: '2025-01-31'
- council_reference: DA0158/2025
  address: 3 Knott Place CAERLEON NSW 2850
  description: PAN-505852 - Self Storage Units @ 3 Knott Place CAERLEON NSW 2850
  info_url: https://midwestern-web.t1cloud.com/T1PRDefault/WebApps/eProperty/P1/eTrack/eTrackApplicationDetails.aspx?ApplicationId=DA0158%2F2025&f=%24P1.ETR.APPDET.VIW&r=P1.WEBGUEST
  date_scraped: '2019-05-15'
  date_received: '2025-02-03'
- council_reference: DA0160/2025
  address: 8 Bawden Road MUDGEE NSW 2850
  description: PAN-506216 - Alterations, Additions and Inground Swimming Pool @ 8
    Bawden Road MUDGEE NSW 2850
  info_url: https://midwestern-web.t1cloud.com/T1PRDefault/WebApps/eProperty/P1/eTrack/eTrackApplicationDetails.aspx?ApplicationId=DA0160%2F2025&f=%24P1.ETR.APPDET.VIW&r=P1.WEBGUEST
  date_scraped: '2019-05-15'
  date_received: '2025-02-03'
- council_reference: DA0162/2025
  address: 784 Castlereagh Highway BURRUNDULLA NSW 2850
  description: PAN-503442 - Alterations & Additions @ 784 Castlereagh Highway BURRUNDULLA
    NSW 2850
  info_url: https://midwestern-web.t1cloud.com/T1PRDefault/WebApps/eProperty/P1/eTrack/eTrackApplicationDetails.aspx?ApplicationId=DA0162%2F2025&f=%24P1.ETR.APPDET.VIW&r=P1.WEBGUEST
  date_scraped: '2019-05-15'
  date_received: '2025-02-04'
- council_reference: DA0163/2025
  address: 1 First Street MUDGEE NSW 2850
  description: PAN-507258 - Detached Shed @ 1 First Street MUDGEE NSW 2850
  info_url: https://midwestern-web.t1cloud.com/T1PRDefault/WebApps/eProperty/P1/eTrack/eTrackApplicationDetails.aspx?ApplicationId=DA0163%2F2025&f=%24P1.ETR.APPDET.VIW&r=P1.WEBGUEST
  date_scraped: '2019-05-15'
  date_received: '2025-02-06'
- council_reference: DA0164/2025
  address: 18 Margaret Lane CAERLEON NSW 2850
  description: PAN-504766 - Dwelling and Retaining Walls @ 18 Margaret Lane CAERLEON
    NSW 2850
  info_url: https://midwestern-web.t1cloud.com/T1PRDefault/WebApps/eProperty/P1/eTrack/eTrackApplicationDetails.aspx?ApplicationId=DA0164%2F2025&f=%24P1.ETR.APPDET.VIW&r=P1.WEBGUEST
  date_scraped: '2019-05-15'
  date_received: '2025-02-06'
- council_reference: DA0165/2025
  address: 50 Flirtation Hill Lane GULGONG NSW 2852
  description: PAN-507570 - Alterations & Additions & Pool @ 50 Flirtation Hill Lane
    GULGONG NSW 2852
  info_url: https://midwestern-web.t1cloud.com/T1PRDefault/WebApps/eProperty/P1/eTrack/eTrackApplicationDetails.aspx?ApplicationId=DA0165%2F2025&f=%24P1.ETR.APPDET.VIW&r=P1.WEBGUEST
  date_scraped: '2019-05-15'
  date_received: '2025-02-06'
- council_reference: DA0167/2025
  address: 7 Henry Bayly Drive MUDGEE NSW 2850
  description: PAN-508429 - Torrens Title Subdivision 2 into 3 @ 7 Henry Bayly Drive
    MUDGEE NSW 2850
  info_url: https://midwestern-web.t1cloud.com/T1PRDefault/WebApps/eProperty/P1/eTrack/eTrackApplicationDetails.aspx?ApplicationId=DA0167%2F2025&f=%24P1.ETR.APPDET.VIW&r=P1.WEBGUEST
  date_scraped: '2019-05-15'
  date_received: '2025-02-18'
- council_reference: DA0168/2025
  address: 10 Coomber Street RYLSTONE NSW 2849
  description: PAN-508580 - Detached Shed @ 10 Coomber Street RYLSTONE NSW 2849
  info_url: https://midwestern-web.t1cloud.com/T1PRDefault/WebApps/eProperty/P1/eTrack/eTrackApplicationDetails.aspx?ApplicationId=DA0168%2F2025&f=%24P1.ETR.APPDET.VIW&r=P1.WEBGUEST
  date_scraped: '2019-05-15'
  date_received: '2025-02-11'
- council_reference: DA0170/2025
  address: Westcourt 1012 Henry Lawson Drive EURUNDEREE NSW 2850
  description: PAN-506441 - Alterations, Additions and Carport @ Westcourt 1012 Henry
    Lawson Drive EURUNDEREE NSW 2850
  info_url: https://midwestern-web.t1cloud.com/T1PRDefault/WebApps/eProperty/P1/eTrack/eTrackApplicationDetails.aspx?ApplicationId=DA0170%2F2025&f=%24P1.ETR.APPDET.VIW&r=P1.WEBGUEST
  date_scraped: '2019-05-15'
  date_received: '2025-02-10'
- council_reference: DA0172/2025
  address: 14 Industrial Avenue MUDGEE NSW 2850
  description: PAN-509101 - Change of Use to Vehicle Repair Station and Signage @
    14 Industrial Avenue MUDGEE NSW 2850
  info_url: https://midwestern-web.t1cloud.com/T1PRDefault/WebApps/eProperty/P1/eTrack/eTrackApplicationDetails.aspx?ApplicationId=DA0172%2F2025&f=%24P1.ETR.APPDET.VIW&r=P1.WEBGUEST
  date_scraped: '2019-05-15'
  date_received: '2025-02-17'
- council_reference: DA0173/2025
  address: 41 Redbank Road MUDGEE NSW 2850
  description: PAN-509286 - Demolition of Dwelling @ 41 Redbank Road MUDGEE NSW 2850
  info_url: https://midwestern-web.t1cloud.com/T1PRDefault/WebApps/eProperty/P1/eTrack/eTrackApplicationDetails.aspx?ApplicationId=DA0173%2F2025&f=%24P1.ETR.APPDET.VIW&r=P1.WEBGUEST
  date_scraped: '2019-05-15'
  date_received: '2025-02-14'
- council_reference: DA0174/2025
  address: 24 Peru Lane GULGONG NSW 2852
  description: PAN-509914 - Dwelling (Shed House) @ 24 Peru Lane GULGONG NSW 2852
  info_url: https://midwestern-web.t1cloud.com/T1PRDefault/WebApps/eProperty/P1/eTrack/eTrackApplicationDetails.aspx?ApplicationId=DA0174%2F2025&f=%24P1.ETR.APPDET.VIW&r=P1.WEBGUEST
  date_scraped: '2019-05-15'
  date_received: '2025-02-14'
