---
- council_reference: CC2024/0055
  address: 69 Page Street PARKES NSW 2870
  description: APPLICATION RETURNED - Outbuilding - Shed
  info_url: https://parkes-web.t1cloud.com/T1PRDefault/WebApps/eProperty/P1/eTrack/eTrackApplicationDetails.aspx?ApplicationId=CC2024%2F0055&f=%24P1.ETR.APPDET.VIW&r=PSC.P1.WEBGUEST
  date_scraped: '2019-05-15'
  date_received: '2025-01-29'
- council_reference: CC2025/0003
  address: 76 Goldrush Road PARKES NSW 2870
  description: Outbuilding - Shed
  info_url: https://parkes-web.t1cloud.com/T1PRDefault/WebApps/eProperty/P1/eTrack/eTrackApplicationDetails.aspx?ApplicationId=CC2025%2F0003&f=%24P1.ETR.APPDET.VIW&r=PSC.P1.WEBGUEST
  date_scraped: '2019-05-15'
  date_received: '2025-01-29'
- council_reference: DA2025/0005
  address: 52 Goldrush Road PARKES NSW 2870
  description: Dwelling - Manufactured Home
  info_url: https://parkes-web.t1cloud.com/T1PRDefault/WebApps/eProperty/P1/eTrack/eTrackApplicationDetails.aspx?ApplicationId=DA2025%2F0005&f=%24P1.ETR.APPDET.VIW&r=PSC.P1.WEBGUEST
  date_scraped: '2019-05-15'
  date_received: '2025-01-28'
- council_reference: DA2025/0006
  address: 23 Bowditch Crescent PARKES NSW 2870
  description: Erection of a New Structure - Shed
  info_url: https://parkes-web.t1cloud.com/T1PRDefault/WebApps/eProperty/P1/eTrack/eTrackApplicationDetails.aspx?ApplicationId=DA2025%2F0006&f=%24P1.ETR.APPDET.VIW&r=PSC.P1.WEBGUEST
  date_scraped: '2019-05-15'
  date_received: '2025-02-03'
- council_reference: DA2025/0007
  address: 24 Weston Street PARKES NSW 2870
  description: Erection of a New Structure - Carport and Shed
  info_url: https://parkes-web.t1cloud.com/T1PRDefault/WebApps/eProperty/P1/eTrack/eTrackApplicationDetails.aspx?ApplicationId=DA2025%2F0007&f=%24P1.ETR.APPDET.VIW&r=PSC.P1.WEBGUEST
  date_scraped: '2019-05-15'
  date_received: '2025-02-03'
- council_reference: DA2025/0008
  address: 24 Saleyards Road PARKES NSW 2870
  description: Change of Use - Indoor Recreation Facility
  info_url: https://parkes-web.t1cloud.com/T1PRDefault/WebApps/eProperty/P1/eTrack/eTrackApplicationDetails.aspx?ApplicationId=DA2025%2F0008&f=%24P1.ETR.APPDET.VIW&r=PSC.P1.WEBGUEST
  date_scraped: '2019-05-15'
  date_received: '2025-02-07'
- council_reference: DA2025/0009
  address: 12 Cookapie Street PARKES NSW 2870
  description: Erection of a New Structure - Shed
  info_url: https://parkes-web.t1cloud.com/T1PRDefault/WebApps/eProperty/P1/eTrack/eTrackApplicationDetails.aspx?ApplicationId=DA2025%2F0009&f=%24P1.ETR.APPDET.VIW&r=PSC.P1.WEBGUEST
  date_scraped: '2019-05-15'
  date_received: '2025-02-12'
- council_reference: DA2025/0010
  address: 28 Elizabeth Street PARKES NSW 2870
  description: Erection of Retaining Wall
  info_url: https://parkes-web.t1cloud.com/T1PRDefault/WebApps/eProperty/P1/eTrack/eTrackApplicationDetails.aspx?ApplicationId=DA2025%2F0010&f=%24P1.ETR.APPDET.VIW&r=PSC.P1.WEBGUEST
  date_scraped: '2019-05-15'
  date_received: '2025-02-12'
- council_reference: DA2025/0011
  address: 15 Saleyards Road PARKES NSW 2870
  description: Advertising Signage
  info_url: https://parkes-web.t1cloud.com/T1PRDefault/WebApps/eProperty/P1/eTrack/eTrackApplicationDetails.aspx?ApplicationId=DA2025%2F0011&f=%24P1.ETR.APPDET.VIW&r=PSC.P1.WEBGUEST
  date_scraped: '2019-05-15'
  date_received: '2025-02-13'
- council_reference: IOSM2025/0001
  address: 14 Cookapie Street PARKES NSW 2870
  description: Install On-Site Sewage Management System
  info_url: https://parkes-web.t1cloud.com/T1PRDefault/WebApps/eProperty/P1/eTrack/eTrackApplicationDetails.aspx?ApplicationId=IOSM2025%2F0001&f=%24P1.ETR.APPDET.VIW&r=PSC.P1.WEBGUEST
  date_scraped: '2019-05-15'
  date_received: '2025-02-19'
- council_reference: LG2025/0003
  address: 32 Clarinda Street PARKES NSW 2870
  description: Carry out water, sewer and stormwater drainage work
  info_url: https://parkes-web.t1cloud.com/T1PRDefault/WebApps/eProperty/P1/eTrack/eTrackApplicationDetails.aspx?ApplicationId=LG2025%2F0003&f=%24P1.ETR.APPDET.VIW&r=PSC.P1.WEBGUEST
  date_scraped: '2019-05-15'
  date_received: '2025-02-06'
- council_reference: LG2025/0007
  address: Shalom 372 Back Yamma Road PARKES NSW 2870
  description: Carry out Stormwater Drainage Work
  info_url: https://parkes-web.t1cloud.com/T1PRDefault/WebApps/eProperty/P1/eTrack/eTrackApplicationDetails.aspx?ApplicationId=LG2025%2F0007&f=%24P1.ETR.APPDET.VIW&r=PSC.P1.WEBGUEST
  date_scraped: '2019-05-15'
  date_received: '2025-02-06'
