---
- council_reference: DA.2021.1284.B
  address: 55 Wiry Dock Road TRALEE NSW 2620
  description: 'Modification: Modify Stage 2C Subdivision Application and Reconfiguration
    of the Road Network'
  info_url: https://qprc-web.t1cloud.com/T1PRDefault/WebApps/eProperty/P1/eTrack/eTrackApplicationDetails.aspx?ApplicationId=DA.2021.1284.B&f=%24P1.ETR.APPDET.VIW&r=P1.WEBGUEST
  date_scraped: '2019-05-15'
  date_received: '2025-02-14'
- council_reference: DA.2023.0128.A
  address: 52-54 Turallo Terrace BUNGENDORE NSW 2621
  description: Changes to bathroom layouts
  info_url: https://qprc-web.t1cloud.com/T1PRDefault/WebApps/eProperty/P1/eTrack/eTrackApplicationDetails.aspx?ApplicationId=DA.2023.0128.A&f=%24P1.ETR.APPDET.VIW&r=P1.WEBGUEST
  date_scraped: '2019-05-15'
  date_received: '2025-01-23'
- council_reference: DA.2023.0563.A
  address: 438 Plains Road HOSKINSTOWN NSW 2621
  description: 'Modification: Relocation of Garage'
  info_url: https://qprc-web.t1cloud.com/T1PRDefault/WebApps/eProperty/P1/eTrack/eTrackApplicationDetails.aspx?ApplicationId=DA.2023.0563.A&f=%24P1.ETR.APPDET.VIW&r=P1.WEBGUEST
  date_scraped: '2019-05-15'
  date_received: '2025-02-04'
- council_reference: DA.2023.0637.A
  address: 91 Mary Street GOOGONG NSW 2620
  description: "*RETURNED IN PORTAL*\r\nModification - Increase fence by .30m (brick
    work)"
  info_url: https://qprc-web.t1cloud.com/T1PRDefault/WebApps/eProperty/P1/eTrack/eTrackApplicationDetails.aspx?ApplicationId=DA.2023.0637.A&f=%24P1.ETR.APPDET.VIW&r=P1.WEBGUEST
  date_scraped: '2019-05-15'
  date_received: '2025-01-28'
- council_reference: DA.2023.0637.B
  address: 91 Mary Street GOOGONG NSW 2620
  description: "*REJECTED IN PORTAL*\r\nAlteration & Additions to fence by.30m"
  info_url: https://qprc-web.t1cloud.com/T1PRDefault/WebApps/eProperty/P1/eTrack/eTrackApplicationDetails.aspx?ApplicationId=DA.2023.0637.B&f=%24P1.ETR.APPDET.VIW&r=P1.WEBGUEST
  date_scraped: '2019-05-15'
  date_received: '2025-02-03'
- council_reference: DA.2024.0138.A
  address: Alexander Playing Fields 14 Heazlett Street GOOGONG NSW 2620
  description: "*REJECTED IN PORTAL*\r\nModification to DA.2024.0138. No.5 RFS Requirements;
    No.10 Storm water Disposal Requirements; No.11 On-site Detention System Design"
  info_url: https://qprc-web.t1cloud.com/T1PRDefault/WebApps/eProperty/P1/eTrack/eTrackApplicationDetails.aspx?ApplicationId=DA.2024.0138.A&f=%24P1.ETR.APPDET.VIW&r=P1.WEBGUEST
  date_scraped: '2019-05-15'
  date_received: '2025-01-24'
- council_reference: DA.2024.0138.B
  address: Alexander Playing Fields 14 Heazlett Street GOOGONG NSW 2620
  description: 'Modification: Change of Consent Conditions 5; 10 and 11'
  info_url: https://qprc-web.t1cloud.com/T1PRDefault/WebApps/eProperty/P1/eTrack/eTrackApplicationDetails.aspx?ApplicationId=DA.2024.0138.B&f=%24P1.ETR.APPDET.VIW&r=P1.WEBGUEST
  date_scraped: '2019-05-15'
  date_received: '2025-02-07'
- council_reference: DA.2024.0253.A
  address: 39 Halliday Street GOOGONG NSW 2620
  description: Modification of rear Retaining Wall
  info_url: https://qprc-web.t1cloud.com/T1PRDefault/WebApps/eProperty/P1/eTrack/eTrackApplicationDetails.aspx?ApplicationId=DA.2024.0253.A&f=%24P1.ETR.APPDET.VIW&r=P1.WEBGUEST
  date_scraped: '2019-05-15'
  date_received: '2025-02-12'
- council_reference: DA.2025.0024
  address: Balmain View LARBERT NSW 2622
  description: Construction of a dwelling house
  info_url: https://qprc-web.t1cloud.com/T1PRDefault/WebApps/eProperty/P1/eTrack/eTrackApplicationDetails.aspx?ApplicationId=DA.2025.0024&f=%24P1.ETR.APPDET.VIW&r=P1.WEBGUEST
  date_scraped: '2019-05-15'
  date_received: '2025-01-23'
- council_reference: DA.2025.0025
  address: 122 Crawford Street QUEANBEYAN NSW 2620
  description: Change of use; Beautician shop
  info_url: https://qprc-web.t1cloud.com/T1PRDefault/WebApps/eProperty/P1/eTrack/eTrackApplicationDetails.aspx?ApplicationId=DA.2025.0025&f=%24P1.ETR.APPDET.VIW&r=P1.WEBGUEST
  date_scraped: '2019-05-15'
  date_received: '2025-01-24'
- council_reference: DA.2025.0026
  address: 119 Wallace Street BRAIDWOOD NSW 2622
  description: "*REJECTED IN PORTAL* FEES\r\nSignage"
  info_url: https://qprc-web.t1cloud.com/T1PRDefault/WebApps/eProperty/P1/eTrack/eTrackApplicationDetails.aspx?ApplicationId=DA.2025.0026&f=%24P1.ETR.APPDET.VIW&r=P1.WEBGUEST
  date_scraped: '2019-05-15'
  date_received: '2025-01-24'
- council_reference: DA.2025.0027
  address: 9 Speargrass Road TRALEE NSW 2620
  description: "**RETURNED 28/1/25*** insufficient documents\r\nConstruction of a
    single-storey dwelling, including 4 bedrooms and double garage."
  info_url: https://qprc-web.t1cloud.com/T1PRDefault/WebApps/eProperty/P1/eTrack/eTrackApplicationDetails.aspx?ApplicationId=DA.2025.0027&f=%24P1.ETR.APPDET.VIW&r=P1.WEBGUEST
  date_scraped: '2019-05-15'
  date_received: '2025-01-25'
- council_reference: DA.2025.0028
  address: 1109 Farringdon Road FARRINGDON NSW 2622
  description: Use of shed for home business purposes
  info_url: https://qprc-web.t1cloud.com/T1PRDefault/WebApps/eProperty/P1/eTrack/eTrackApplicationDetails.aspx?ApplicationId=DA.2025.0028&f=%24P1.ETR.APPDET.VIW&r=P1.WEBGUEST
  date_scraped: '2019-05-15'
  date_received: '2025-01-26'
- council_reference: DA.2025.0029
  address: 18 Glebe Avenue QUEANBEYAN NSW 2620
  description: Construction of attached dual occupancy housing and use of a room for
    home business
  info_url: https://qprc-web.t1cloud.com/T1PRDefault/WebApps/eProperty/P1/eTrack/eTrackApplicationDetails.aspx?ApplicationId=DA.2025.0029&f=%24P1.ETR.APPDET.VIW&r=P1.WEBGUEST
  date_scraped: '2019-05-15'
  date_received: '2025-01-28'
- council_reference: DA.2025.0030
  address: 192 Little River Road BRAIDWOOD NSW 2622
  description: Construction of a dwelling house
  info_url: https://qprc-web.t1cloud.com/T1PRDefault/WebApps/eProperty/P1/eTrack/eTrackApplicationDetails.aspx?ApplicationId=DA.2025.0030&f=%24P1.ETR.APPDET.VIW&r=P1.WEBGUEST
  date_scraped: '2019-05-15'
  date_received: '2025-01-28'
- council_reference: DA.2025.0031
  address: 28 Surveyor Street QUEANBEYAN NSW 2620
  description: Demolition of dwelling house and construction of dwelling house
  info_url: https://qprc-web.t1cloud.com/T1PRDefault/WebApps/eProperty/P1/eTrack/eTrackApplicationDetails.aspx?ApplicationId=DA.2025.0031&f=%24P1.ETR.APPDET.VIW&r=P1.WEBGUEST
  date_scraped: '2019-05-15'
  date_received: '2025-01-28'
- council_reference: DA.2025.0032
  address: Balmain View LARBERT NSW 2622
  description: Construction of a dwelling house, shed and pool
  info_url: https://qprc-web.t1cloud.com/T1PRDefault/WebApps/eProperty/P1/eTrack/eTrackApplicationDetails.aspx?ApplicationId=DA.2025.0032&f=%24P1.ETR.APPDET.VIW&r=P1.WEBGUEST
  date_scraped: '2019-05-15'
  date_received: '2025-01-29'
- council_reference: DA.2025.0033
  address: 12 Petralia Street GREENLEIGH NSW 2620
  description: Construction of swimming pool
  info_url: https://qprc-web.t1cloud.com/T1PRDefault/WebApps/eProperty/P1/eTrack/eTrackApplicationDetails.aspx?ApplicationId=DA.2025.0033&f=%24P1.ETR.APPDET.VIW&r=P1.WEBGUEST
  date_scraped: '2019-05-15'
  date_received: '2025-01-29'
- council_reference: DA.2025.0034
  address: 5 Mowenbah Crescent GOOGONG NSW 2620
  description: Construction of dwelling house
  info_url: https://qprc-web.t1cloud.com/T1PRDefault/WebApps/eProperty/P1/eTrack/eTrackApplicationDetails.aspx?ApplicationId=DA.2025.0034&f=%24P1.ETR.APPDET.VIW&r=P1.WEBGUEST
  date_scraped: '2019-05-15'
  date_received: '2025-01-29'
- council_reference: DA.2025.0035
  address: 2 Monaro Street QUEANBEYAN NSW 2620
  description: Change of use to food and drink premises
  info_url: https://qprc-web.t1cloud.com/T1PRDefault/WebApps/eProperty/P1/eTrack/eTrackApplicationDetails.aspx?ApplicationId=DA.2025.0035&f=%24P1.ETR.APPDET.VIW&r=P1.WEBGUEST
  date_scraped: '2019-05-15'
  date_received: '2025-01-30'
- council_reference: DA.2025.0036
  address: 726 Norton Road WAMBOIN NSW 2620
  description: Construction of a shed
  info_url: https://qprc-web.t1cloud.com/T1PRDefault/WebApps/eProperty/P1/eTrack/eTrackApplicationDetails.aspx?ApplicationId=DA.2025.0036&f=%24P1.ETR.APPDET.VIW&r=P1.WEBGUEST
  date_scraped: '2019-05-15'
  date_received: '2025-01-31'
- council_reference: DA.2025.0037
  address: 2 Petralia Street GREENLEIGH NSW 2620
  description: Construction of a dwelling house
  info_url: https://qprc-web.t1cloud.com/T1PRDefault/WebApps/eProperty/P1/eTrack/eTrackApplicationDetails.aspx?ApplicationId=DA.2025.0037&f=%24P1.ETR.APPDET.VIW&r=P1.WEBGUEST
  date_scraped: '2019-05-15'
  date_received: '2025-01-31'
- council_reference: DA.2025.0038
  address: 15 Victory Street BRAIDWOOD NSW 2622
  description: "*REJECTED IN PORTAL*\r\nExtend veranda; Build new entrance; Shed"
  info_url: https://qprc-web.t1cloud.com/T1PRDefault/WebApps/eProperty/P1/eTrack/eTrackApplicationDetails.aspx?ApplicationId=DA.2025.0038&f=%24P1.ETR.APPDET.VIW&r=P1.WEBGUEST
  date_scraped: '2019-05-15'
  date_received: '2025-02-03'
- council_reference: DA.2025.0039
  address: 436 Balmain View MAYFIELD NSW 2622
  description: Construction of Shed
  info_url: https://qprc-web.t1cloud.com/T1PRDefault/WebApps/eProperty/P1/eTrack/eTrackApplicationDetails.aspx?ApplicationId=DA.2025.0039&f=%24P1.ETR.APPDET.VIW&r=P1.WEBGUEST
  date_scraped: '2019-05-15'
  date_received: '2025-02-03'
- council_reference: DA.2025.0040
  address: 37 McCauley Avenue GOOGONG NSW 2620
  description: Construction of dwelling house
  info_url: https://qprc-web.t1cloud.com/T1PRDefault/WebApps/eProperty/P1/eTrack/eTrackApplicationDetails.aspx?ApplicationId=DA.2025.0040&f=%24P1.ETR.APPDET.VIW&r=P1.WEBGUEST
  date_scraped: '2019-05-15'
  date_received: '2025-02-03'
- council_reference: DA.2025.0041
  address: 1414 Collector Road CURRAWANG NSW 2580
  description: Construction of dwelling house
  info_url: https://qprc-web.t1cloud.com/T1PRDefault/WebApps/eProperty/P1/eTrack/eTrackApplicationDetails.aspx?ApplicationId=DA.2025.0041&f=%24P1.ETR.APPDET.VIW&r=P1.WEBGUEST
  date_scraped: '2019-05-15'
  date_received: '2025-02-03'
- council_reference: DA.2025.0042
  address: 1446 Federal Highway Service Road SUTTON NSW 2620
  description: Alterations and additions to existing dwelling house and swimming pool
  info_url: https://qprc-web.t1cloud.com/T1PRDefault/WebApps/eProperty/P1/eTrack/eTrackApplicationDetails.aspx?ApplicationId=DA.2025.0042&f=%24P1.ETR.APPDET.VIW&r=P1.WEBGUEST
  date_scraped: '2019-05-15'
  date_received: '2025-02-04'
- council_reference: DA.2025.0043
  address: 19 Dixon Place JERRABOMBERRA NSW 2619
  description: Construction of Deck and Carport
  info_url: https://qprc-web.t1cloud.com/T1PRDefault/WebApps/eProperty/P1/eTrack/eTrackApplicationDetails.aspx?ApplicationId=DA.2025.0043&f=%24P1.ETR.APPDET.VIW&r=P1.WEBGUEST
  date_scraped: '2019-05-15'
  date_received: '2025-02-04'
- council_reference: DA.2025.0044
  address: 14 Staunton Place GOOGONG NSW 2620
  description: "*Returned in Portal*\r\nConstruction of Proposed Art Studio and attached
    Deck"
  info_url: https://qprc-web.t1cloud.com/T1PRDefault/WebApps/eProperty/P1/eTrack/eTrackApplicationDetails.aspx?ApplicationId=DA.2025.0044&f=%24P1.ETR.APPDET.VIW&r=P1.WEBGUEST
  date_scraped: '2019-05-15'
  date_received: '2025-02-04'
- council_reference: DA.2025.0045
  address: 74 Wickerslack Lane GOOGONG NSW 2620
  description: Continuous use for Dwelling
  info_url: https://qprc-web.t1cloud.com/T1PRDefault/WebApps/eProperty/P1/eTrack/eTrackApplicationDetails.aspx?ApplicationId=DA.2025.0045&f=%24P1.ETR.APPDET.VIW&r=P1.WEBGUEST
  date_scraped: '2019-05-15'
  date_received: '2025-02-05'
- council_reference: DA.2025.0046
  address: 7 Aspen Rise JERRABOMBERRA NSW 2619
  description: "*RETURNED IN PORTAL*\r\nRenovate some of the exising residence, construction
    of a new deck and pergole, new porch and extension to the front of the existing
    residence"
  info_url: https://qprc-web.t1cloud.com/T1PRDefault/WebApps/eProperty/P1/eTrack/eTrackApplicationDetails.aspx?ApplicationId=DA.2025.0046&f=%24P1.ETR.APPDET.VIW&r=P1.WEBGUEST
  date_scraped: '2019-05-15'
  date_received: '2025-02-05'
- council_reference: DA.2025.0047
  address: 24 Taylor Place GREENLEIGH NSW 2620
  description: Construction of a Shed
  info_url: https://qprc-web.t1cloud.com/T1PRDefault/WebApps/eProperty/P1/eTrack/eTrackApplicationDetails.aspx?ApplicationId=DA.2025.0047&f=%24P1.ETR.APPDET.VIW&r=P1.WEBGUEST
  date_scraped: '2019-05-15'
  date_received: '2025-02-05'
- council_reference: DA.2025.0048
  address: 4 Morgan Place KARABAR NSW 2620
  description: "*RETURNED IN PORTAL*\r\nConversion of current brick second garage
    to living space. No change in GFA."
  info_url: https://qprc-web.t1cloud.com/T1PRDefault/WebApps/eProperty/P1/eTrack/eTrackApplicationDetails.aspx?ApplicationId=DA.2025.0048&f=%24P1.ETR.APPDET.VIW&r=P1.WEBGUEST
  date_scraped: '2019-05-15'
  date_received: '2025-02-05'
- council_reference: DA.2025.0049
  address: 78 Wiry Dock Road TRALEE NSW 2620
  description: Construction of a dwelling house
  info_url: https://qprc-web.t1cloud.com/T1PRDefault/WebApps/eProperty/P1/eTrack/eTrackApplicationDetails.aspx?ApplicationId=DA.2025.0049&f=%24P1.ETR.APPDET.VIW&r=P1.WEBGUEST
  date_scraped: '2019-05-15'
  date_received: '2025-02-06'
- council_reference: DA.2025.0050
  address: 91 Mary Street GOOGONG NSW 2620
  description: Extension of current Fence - Vary DCP
  info_url: https://qprc-web.t1cloud.com/T1PRDefault/WebApps/eProperty/P1/eTrack/eTrackApplicationDetails.aspx?ApplicationId=DA.2025.0050&f=%24P1.ETR.APPDET.VIW&r=P1.WEBGUEST
  date_scraped: '2019-05-15'
  date_received: '2025-02-07'
- council_reference: DA.2025.0052
  address: 31 Saleyards Lane BRAIDWOOD NSW 2622
  description: "*RETURNED IN PORTAL*\r\n3-Lot Subdivision - Torrens Tiitle"
  info_url: https://qprc-web.t1cloud.com/T1PRDefault/WebApps/eProperty/P1/eTrack/eTrackApplicationDetails.aspx?ApplicationId=DA.2025.0052&f=%24P1.ETR.APPDET.VIW&r=P1.WEBGUEST
  date_scraped: '2019-05-15'
  date_received: '2025-02-11'
- council_reference: DA.2025.0053
  address: 6 Frederick Street CRESTWOOD NSW 2620
  description: Strata Subdivision of approved Dual Occupancy
  info_url: https://qprc-web.t1cloud.com/T1PRDefault/WebApps/eProperty/P1/eTrack/eTrackApplicationDetails.aspx?ApplicationId=DA.2025.0053&f=%24P1.ETR.APPDET.VIW&r=P1.WEBGUEST
  date_scraped: '2019-05-15'
  date_received: '2025-02-12'
- council_reference: DA.2025.0054
  address: 10 Cooradigbee Street GOOGONG NSW 2620
  description: Construction of two storey dwelling house
  info_url: https://qprc-web.t1cloud.com/T1PRDefault/WebApps/eProperty/P1/eTrack/eTrackApplicationDetails.aspx?ApplicationId=DA.2025.0054&f=%24P1.ETR.APPDET.VIW&r=P1.WEBGUEST
  date_scraped: '2019-05-15'
  date_received: '2025-02-12'
- council_reference: DA.2025.0055
  address: 4 Morgan Place KARABAR NSW 2620
  description: "**RETURNED** \r\n\r\nConversion of current brick second garage to
    living space. No change in GFA."
  info_url: https://qprc-web.t1cloud.com/T1PRDefault/WebApps/eProperty/P1/eTrack/eTrackApplicationDetails.aspx?ApplicationId=DA.2025.0055&f=%24P1.ETR.APPDET.VIW&r=P1.WEBGUEST
  date_scraped: '2019-05-15'
  date_received: '2025-02-12'
- council_reference: DA.2025.0056
  address: 4 Horton Street GOOGONG NSW 2620
  description: "**RETURNED 14/02/25****\r\nConstruction of new single level, 4 bedroom
    dwelling with attached double garage"
  info_url: https://qprc-web.t1cloud.com/T1PRDefault/WebApps/eProperty/P1/eTrack/eTrackApplicationDetails.aspx?ApplicationId=DA.2025.0056&f=%24P1.ETR.APPDET.VIW&r=P1.WEBGUEST
  date_scraped: '2019-05-15'
  date_received: '2025-02-13'
- council_reference: DA.2025.0057
  address: 27 Montague Place GOOGONG NSW 2620
  description: "**RETURNED** \r\nExtension and renovation to existing residence"
  info_url: https://qprc-web.t1cloud.com/T1PRDefault/WebApps/eProperty/P1/eTrack/eTrackApplicationDetails.aspx?ApplicationId=DA.2025.0057&f=%24P1.ETR.APPDET.VIW&r=P1.WEBGUEST
  date_scraped: '2019-05-15'
  date_received: '2025-02-14'
- council_reference: DA.2025.0058
  address: 44 Unthank Street GOOGONG NSW 2620
  description: Construction of dwelling with attached garage
  info_url: https://qprc-web.t1cloud.com/T1PRDefault/WebApps/eProperty/P1/eTrack/eTrackApplicationDetails.aspx?ApplicationId=DA.2025.0058&f=%24P1.ETR.APPDET.VIW&r=P1.WEBGUEST
  date_scraped: '2019-05-15'
  date_received: '2025-02-14'
- council_reference: DA.2025.0059
  address: 176 Bombay Road BRAIDWOOD NSW 2622
  description: "**RETURNED*** \r\nConstruction of shed;"
  info_url: https://qprc-web.t1cloud.com/T1PRDefault/WebApps/eProperty/P1/eTrack/eTrackApplicationDetails.aspx?ApplicationId=DA.2025.0059&f=%24P1.ETR.APPDET.VIW&r=P1.WEBGUEST
  date_scraped: '2019-05-15'
  date_received: '2025-02-14'
- council_reference: DA.2025.0060
  address: 33 Red Hill Road MAJORS CREEK NSW 2622
  description: Construction of new dwelling and consolidation of two lots;
  info_url: https://qprc-web.t1cloud.com/T1PRDefault/WebApps/eProperty/P1/eTrack/eTrackApplicationDetails.aspx?ApplicationId=DA.2025.0060&f=%24P1.ETR.APPDET.VIW&r=P1.WEBGUEST
  date_scraped: '2019-05-15'
  date_received: '2025-02-16'
- council_reference: DA.2025.0061
  address: 15 Victory Street BRAIDWOOD NSW 2622
  description: Extend veranda and Build new entrance
  info_url: https://qprc-web.t1cloud.com/T1PRDefault/WebApps/eProperty/P1/eTrack/eTrackApplicationDetails.aspx?ApplicationId=DA.2025.0061&f=%24P1.ETR.APPDET.VIW&r=P1.WEBGUEST
  date_scraped: '2019-05-15'
  date_received: '2025-02-17'
- council_reference: DA.2025.0062
  address: 245 Norton Road WAMBOIN NSW 2620
  description: "**RETURNED** 17/02/25\r\n\r\nRemodeling of existing house internally.
    Small section of external wall on the western elevation (kitchen zone) to be demolished
    and rebuilt to align with existing western walls. House and garage to be reroofed,
    new roof to include insulated condensation blanket bringing the roofing up to
    code."
  info_url: https://qprc-web.t1cloud.com/T1PRDefault/WebApps/eProperty/P1/eTrack/eTrackApplicationDetails.aspx?ApplicationId=DA.2025.0062&f=%24P1.ETR.APPDET.VIW&r=P1.WEBGUEST
  date_scraped: '2019-05-15'
  date_received: '2025-02-17'
- council_reference: DA.2025.0063
  address: 94 Red Box Place ROYALLA NSW 2620
  description: Continuous Use - dual occupancy
  info_url: https://qprc-web.t1cloud.com/T1PRDefault/WebApps/eProperty/P1/eTrack/eTrackApplicationDetails.aspx?ApplicationId=DA.2025.0063&f=%24P1.ETR.APPDET.VIW&r=P1.WEBGUEST
  date_scraped: '2019-05-15'
  date_received: '2025-02-17'
- council_reference: DA.2025.0064
  address: 19 Jumping Creek Road GREENLEIGH NSW 2620
  description: "**RETURNED** 18/02/2025\r\nConstruction of a Single storey dwelling"
  info_url: https://qprc-web.t1cloud.com/T1PRDefault/WebApps/eProperty/P1/eTrack/eTrackApplicationDetails.aspx?ApplicationId=DA.2025.0064&f=%24P1.ETR.APPDET.VIW&r=P1.WEBGUEST
  date_scraped: '2019-05-15'
  date_received: '2025-02-17'
- council_reference: DA.2025.0065
  address: 4 Horton Street GOOGONG NSW 2620
  description: Construction of single dwelling
  info_url: https://qprc-web.t1cloud.com/T1PRDefault/WebApps/eProperty/P1/eTrack/eTrackApplicationDetails.aspx?ApplicationId=DA.2025.0065&f=%24P1.ETR.APPDET.VIW&r=P1.WEBGUEST
  date_scraped: '2019-05-15'
  date_received: '2025-02-18'
- council_reference: DA.2025.0066
  address: 31 Trail Place ROYALLA NSW 2620
  description: Construction of a secondary residence;
  info_url: https://qprc-web.t1cloud.com/T1PRDefault/WebApps/eProperty/P1/eTrack/eTrackApplicationDetails.aspx?ApplicationId=DA.2025.0066&f=%24P1.ETR.APPDET.VIW&r=P1.WEBGUEST
  date_scraped: '2019-05-15'
  date_received: '2025-02-18'
- council_reference: DA.2025.0067
  address: 2/43 Hopkins Street BUNGENDORE NSW 2621
  description: Construction of Manufactured Home;
  info_url: https://qprc-web.t1cloud.com/T1PRDefault/WebApps/eProperty/P1/eTrack/eTrackApplicationDetails.aspx?ApplicationId=DA.2025.0067&f=%24P1.ETR.APPDET.VIW&r=P1.WEBGUEST
  date_scraped: '2019-05-15'
  date_received: '2025-02-18'
- council_reference: DA.2025.0068
  address: 340 Harolds Cross Road CAPTAINS FLAT NSW 2623
  description: Construction of a Double Storey Dwelling
  info_url: https://qprc-web.t1cloud.com/T1PRDefault/WebApps/eProperty/P1/eTrack/eTrackApplicationDetails.aspx?ApplicationId=DA.2025.0068&f=%24P1.ETR.APPDET.VIW&r=P1.WEBGUEST
  date_scraped: '2019-05-15'
  date_received: '2025-02-18'
- council_reference: MA.2025.0014
  address: 54 Mooneys Road CURRAWANG NSW 2580
  description: "*RETURNED IN PORTAL*\r\nConstruction of a single storey dwelling."
  info_url: https://qprc-web.t1cloud.com/T1PRDefault/WebApps/eProperty/P1/eTrack/eTrackApplicationDetails.aspx?ApplicationId=MA.2025.0014&f=%24P1.ETR.APPDET.VIW&r=P1.WEBGUEST
  date_scraped: '2019-05-15'
  date_received: '2025-02-02'
- council_reference: RVM.2025.001
  address: 67 Warramunga Close WAMBOIN NSW 2620
  description: RJB:AKB:244361
  info_url: https://qprc-web.t1cloud.com/T1PRDefault/WebApps/eProperty/P1/eTrack/eTrackApplicationDetails.aspx?ApplicationId=RVM.2025.001&f=%24P1.ETR.APPDET.VIW&r=P1.WEBGUEST
  date_scraped: '2019-05-15'
  date_received: '2025-02-11'
- council_reference: TA.2025.0027
  address: 31 Halloran Drive JERRABOMBERRA NSW 2619
  description: Tree Pruning
  info_url: https://qprc-web.t1cloud.com/T1PRDefault/WebApps/eProperty/P1/eTrack/eTrackApplicationDetails.aspx?ApplicationId=TA.2025.0027&f=%24P1.ETR.APPDET.VIW&r=P1.WEBGUEST
  date_scraped: '2019-05-15'
  date_received: '2025-01-23'
- council_reference: TA.2025.0028
  address: 52 Day Circuit BUNGENDORE NSW 2621
  description: Tree Removal
  info_url: https://qprc-web.t1cloud.com/T1PRDefault/WebApps/eProperty/P1/eTrack/eTrackApplicationDetails.aspx?ApplicationId=TA.2025.0028&f=%24P1.ETR.APPDET.VIW&r=P1.WEBGUEST
  date_scraped: '2019-05-15'
  date_received: '2025-01-23'
- council_reference: TA.2025.0029
  address: 9 Coolebah Crescent KARABAR NSW 2620
  description: Tree Removal
  info_url: https://qprc-web.t1cloud.com/T1PRDefault/WebApps/eProperty/P1/eTrack/eTrackApplicationDetails.aspx?ApplicationId=TA.2025.0029&f=%24P1.ETR.APPDET.VIW&r=P1.WEBGUEST
  date_scraped: '2019-05-15'
  date_received: '2025-01-24'
- council_reference: TA.2025.0030
  address: 16 Johanna Moore Avenue JERRABOMBERRA NSW 2619
  description: Tree Pruning
  info_url: https://qprc-web.t1cloud.com/T1PRDefault/WebApps/eProperty/P1/eTrack/eTrackApplicationDetails.aspx?ApplicationId=TA.2025.0030&f=%24P1.ETR.APPDET.VIW&r=P1.WEBGUEST
  date_scraped: '2019-05-15'
  date_received: '2025-01-24'
- council_reference: TA.2025.0031
  address: 16 Woodger Parade KARABAR NSW 2620
  description: Tree Removal
  info_url: https://qprc-web.t1cloud.com/T1PRDefault/WebApps/eProperty/P1/eTrack/eTrackApplicationDetails.aspx?ApplicationId=TA.2025.0031&f=%24P1.ETR.APPDET.VIW&r=P1.WEBGUEST
  date_scraped: '2019-05-15'
  date_received: '2025-01-25'
- council_reference: TA.2025.0032
  address: 5/78 Uriarra Road CRESTWOOD NSW 2620
  description: Tree Removal
  info_url: https://qprc-web.t1cloud.com/T1PRDefault/WebApps/eProperty/P1/eTrack/eTrackApplicationDetails.aspx?ApplicationId=TA.2025.0032&f=%24P1.ETR.APPDET.VIW&r=P1.WEBGUEST
  date_scraped: '2019-05-15'
  date_received: '2025-01-27'
- council_reference: TA.2025.0033
  address: 28 Atkinson Street QUEANBEYAN EAST NSW 2620
  description: Tree Removal
  info_url: https://qprc-web.t1cloud.com/T1PRDefault/WebApps/eProperty/P1/eTrack/eTrackApplicationDetails.aspx?ApplicationId=TA.2025.0033&f=%24P1.ETR.APPDET.VIW&r=P1.WEBGUEST
  date_scraped: '2019-05-15'
  date_received: '2025-01-27'
- council_reference: TA.2025.0034
  address: Doncaster Hotel 1 Park Lane BRAIDWOOD NSW 2622
  description: Tree Pruning
  info_url: https://qprc-web.t1cloud.com/T1PRDefault/WebApps/eProperty/P1/eTrack/eTrackApplicationDetails.aspx?ApplicationId=TA.2025.0034&f=%24P1.ETR.APPDET.VIW&r=P1.WEBGUEST
  date_scraped: '2019-05-15'
  date_received: '2025-01-28'
- council_reference: TA.2025.0035
  address: 50 Atkinson Street QUEANBEYAN EAST NSW 2620
  description: "03/02 DZ - Customer came to the front counter to inquiry about this
    request. Please call customer 6297 9007\r\n\r\nTree Pruning"
  info_url: https://qprc-web.t1cloud.com/T1PRDefault/WebApps/eProperty/P1/eTrack/eTrackApplicationDetails.aspx?ApplicationId=TA.2025.0035&f=%24P1.ETR.APPDET.VIW&r=P1.WEBGUEST
  date_scraped: '2019-05-15'
  date_received: '2025-01-30'
- council_reference: TA.2025.0036
  address: 47 Erin Street QUEANBEYAN NSW 2620
  description: Tree Pruning
  info_url: https://qprc-web.t1cloud.com/T1PRDefault/WebApps/eProperty/P1/eTrack/eTrackApplicationDetails.aspx?ApplicationId=TA.2025.0036&f=%24P1.ETR.APPDET.VIW&r=P1.WEBGUEST
  date_scraped: '2019-05-15'
  date_received: '2025-02-03'
- council_reference: TA.2025.0037
  address: 58 Wanna Wanna Road CARWOOLA NSW 2620
  description: Tree Removal
  info_url: https://qprc-web.t1cloud.com/T1PRDefault/WebApps/eProperty/P1/eTrack/eTrackApplicationDetails.aspx?ApplicationId=TA.2025.0037&f=%24P1.ETR.APPDET.VIW&r=P1.WEBGUEST
  date_scraped: '2019-05-15'
  date_received: '2025-02-06'
- council_reference: TA.2025.0038
  address: 6 Hazelwood Street KARABAR NSW 2620
  description: Tree Removal
  info_url: https://qprc-web.t1cloud.com/T1PRDefault/WebApps/eProperty/P1/eTrack/eTrackApplicationDetails.aspx?ApplicationId=TA.2025.0038&f=%24P1.ETR.APPDET.VIW&r=P1.WEBGUEST
  date_scraped: '2019-05-15'
  date_received: '2025-02-06'
- council_reference: TA.2025.0039
  address: 2 Booth Street QUEANBEYAN EAST NSW 2620
  description: Tree Removal
  info_url: https://qprc-web.t1cloud.com/T1PRDefault/WebApps/eProperty/P1/eTrack/eTrackApplicationDetails.aspx?ApplicationId=TA.2025.0039&f=%24P1.ETR.APPDET.VIW&r=P1.WEBGUEST
  date_scraped: '2019-05-15'
  date_received: '2025-02-07'
- council_reference: TA.2025.0040
  address: 19 Eyre Street BUNGENDORE NSW 2621
  description: Tree Removal
  info_url: https://qprc-web.t1cloud.com/T1PRDefault/WebApps/eProperty/P1/eTrack/eTrackApplicationDetails.aspx?ApplicationId=TA.2025.0040&f=%24P1.ETR.APPDET.VIW&r=P1.WEBGUEST
  date_scraped: '2019-05-15'
  date_received: '2025-02-09'
- council_reference: TA.2025.0041
  address: 2 Tully Place JERRABOMBERRA NSW 2619
  description: Tree Removal
  info_url: https://qprc-web.t1cloud.com/T1PRDefault/WebApps/eProperty/P1/eTrack/eTrackApplicationDetails.aspx?ApplicationId=TA.2025.0041&f=%24P1.ETR.APPDET.VIW&r=P1.WEBGUEST
  date_scraped: '2019-05-15'
  date_received: '2025-02-10'
- council_reference: TA.2025.0042
  address: 55 Collett Street QUEANBEYAN NSW 2620
  description: Tree Removal
  info_url: https://qprc-web.t1cloud.com/T1PRDefault/WebApps/eProperty/P1/eTrack/eTrackApplicationDetails.aspx?ApplicationId=TA.2025.0042&f=%24P1.ETR.APPDET.VIW&r=P1.WEBGUEST
  date_scraped: '2019-05-15'
  date_received: '2025-02-12'
- council_reference: TA.2025.0043
  address: 10 Snow Gum Place JERRABOMBERRA NSW 2619
  description: Tree Removal
  info_url: https://qprc-web.t1cloud.com/T1PRDefault/WebApps/eProperty/P1/eTrack/eTrackApplicationDetails.aspx?ApplicationId=TA.2025.0043&f=%24P1.ETR.APPDET.VIW&r=P1.WEBGUEST
  date_scraped: '2019-05-15'
  date_received: '2025-02-12'
- council_reference: TA.2025.0044
  address: 23 Burbong Avenue CARWOOLA NSW 2620
  description: Tree Pruning
  info_url: https://qprc-web.t1cloud.com/T1PRDefault/WebApps/eProperty/P1/eTrack/eTrackApplicationDetails.aspx?ApplicationId=TA.2025.0044&f=%24P1.ETR.APPDET.VIW&r=P1.WEBGUEST
  date_scraped: '2019-05-15'
  date_received: '2025-02-14'
- council_reference: TA.2025.0045
  address: 12/12 Mulloon Street QUEANBEYAN EAST NSW 2620
  description: Tree Removal
  info_url: https://qprc-web.t1cloud.com/T1PRDefault/WebApps/eProperty/P1/eTrack/eTrackApplicationDetails.aspx?ApplicationId=TA.2025.0045&f=%24P1.ETR.APPDET.VIW&r=P1.WEBGUEST
  date_scraped: '2019-05-15'
  date_received: '2025-02-15'
- council_reference: TA.2025.0046
  address: 124 Gibraltar Street BUNGENDORE NSW 2621
  description: Tree Removal
  info_url: https://qprc-web.t1cloud.com/T1PRDefault/WebApps/eProperty/P1/eTrack/eTrackApplicationDetails.aspx?ApplicationId=TA.2025.0046&f=%24P1.ETR.APPDET.VIW&r=P1.WEBGUEST
  date_scraped: '2019-05-15'
  date_received: '2025-02-16'
- council_reference: TA.2025.0047
  address: 14 Silky Oak Circle JERRABOMBERRA NSW 2619
  description: Tree Pruning
  info_url: https://qprc-web.t1cloud.com/T1PRDefault/WebApps/eProperty/P1/eTrack/eTrackApplicationDetails.aspx?ApplicationId=TA.2025.0047&f=%24P1.ETR.APPDET.VIW&r=P1.WEBGUEST
  date_scraped: '2019-05-15'
  date_received: '2025-02-17'
- council_reference: TA.2025.0048
  address: 19 Monaro Street QUEANBEYAN NSW 2620
  description: Tree Pruning
  info_url: https://qprc-web.t1cloud.com/T1PRDefault/WebApps/eProperty/P1/eTrack/eTrackApplicationDetails.aspx?ApplicationId=TA.2025.0048&f=%24P1.ETR.APPDET.VIW&r=P1.WEBGUEST
  date_scraped: '2019-05-15'
  date_received: '2025-02-17'
- council_reference: TA.2025.0049
  address: 6 Gregory Street QUEANBEYAN WEST NSW 2620
  description: Tree Removal
  info_url: https://qprc-web.t1cloud.com/T1PRDefault/WebApps/eProperty/P1/eTrack/eTrackApplicationDetails.aspx?ApplicationId=TA.2025.0049&f=%24P1.ETR.APPDET.VIW&r=P1.WEBGUEST
  date_scraped: '2019-05-15'
  date_received: '2025-02-17'
- council_reference: TA.2025.0050
  address: 49 Knox Close CARWOOLA NSW 2620
  description: Tree Pruning
  info_url: https://qprc-web.t1cloud.com/T1PRDefault/WebApps/eProperty/P1/eTrack/eTrackApplicationDetails.aspx?ApplicationId=TA.2025.0050&f=%24P1.ETR.APPDET.VIW&r=P1.WEBGUEST
  date_scraped: '2019-05-15'
  date_received: '2025-02-18'
- council_reference: TA.2025.0051
  address: 13 Gallagher Crescent WAMBOIN NSW 2620
  description: Tree Pruning
  info_url: https://qprc-web.t1cloud.com/T1PRDefault/WebApps/eProperty/P1/eTrack/eTrackApplicationDetails.aspx?ApplicationId=TA.2025.0051&f=%24P1.ETR.APPDET.VIW&r=P1.WEBGUEST
  date_scraped: '2019-05-15'
  date_received: '2025-02-18'
