---
- council_reference: CDP2025/0052
  address: 64 Phillip Rd PUTNEY NSW 2112
  description: Demolition of existing dwelling and construction of a dual occupancy
    with basement and swimming pools (Front gable, basement bathroom & new windows)
    - 230025/03
  info_url: https://ryde-web.t1cloud.com/T1PRDefault/WebApps/eProperty/P1/eTrack/eTrackApplicationDetails.aspx?ApplicationId=CDP2025%2F0052&f=%24P1.ETR.APPDET.VIW&r=COR.P1.WEBGUEST
  date_scraped: '2019-05-15'
  date_received: '2025-02-11'
- council_reference: CDP2025/0053
  address: 57 Monash Rd GLADESVILLE NSW 2111
  description: Demolition of existing shed and construction of detached studio to
    rear of property - 004/25/01
  info_url: https://ryde-web.t1cloud.com/T1PRDefault/WebApps/eProperty/P1/eTrack/eTrackApplicationDetails.aspx?ApplicationId=CDP2025%2F0053&f=%24P1.ETR.APPDET.VIW&r=COR.P1.WEBGUEST
  date_scraped: '2019-05-15'
  date_received: '2025-02-03'
- council_reference: CDP2025/0054
  address: Top Ryde Shopping Centre 109 Blaxland Rd RYDE NSW 2112
  description: Internal reconfiguration of existing Big W store layout to create a
    new section for use as merchandising health, beauty and cosmetic products. - 20240417
  info_url: https://ryde-web.t1cloud.com/T1PRDefault/WebApps/eProperty/P1/eTrack/eTrackApplicationDetails.aspx?ApplicationId=CDP2025%2F0054&f=%24P1.ETR.APPDET.VIW&r=COR.P1.WEBGUEST
  date_scraped: '2019-05-15'
  date_received: '2025-02-03'
- council_reference: CDP2025/0055
  address: 151 Blaxland Rd RYDE NSW 2112
  description: "INCORRECT COUNCIL \r\nInternal building alterations to the existing
    medical centre premises - 25/0017/01"
  info_url: https://ryde-web.t1cloud.com/T1PRDefault/WebApps/eProperty/P1/eTrack/eTrackApplicationDetails.aspx?ApplicationId=CDP2025%2F0055&f=%24P1.ETR.APPDET.VIW&r=COR.P1.WEBGUEST
  date_scraped: '2019-05-15'
  date_received: '2025-02-03'
- council_reference: CDP2025/0056
  address: 11 Phillip Rd PUTNEY NSW 2112
  description: Two Lot Torrens Subdivision Complying Development Certificate for Dual
    Occupancy (attached) - CDC24429_01
  info_url: https://ryde-web.t1cloud.com/T1PRDefault/WebApps/eProperty/P1/eTrack/eTrackApplicationDetails.aspx?ApplicationId=CDP2025%2F0056&f=%24P1.ETR.APPDET.VIW&r=COR.P1.WEBGUEST
  date_scraped: '2019-05-15'
  date_received: '2025-02-04'
- council_reference: CDP2025/0057
  address: 15 Gordon Cr DENISTONE NSW 2114
  description: Construction of double storey dwelling and related landscaping - 240598/01
  info_url: https://ryde-web.t1cloud.com/T1PRDefault/WebApps/eProperty/P1/eTrack/eTrackApplicationDetails.aspx?ApplicationId=CDP2025%2F0057&f=%24P1.ETR.APPDET.VIW&r=COR.P1.WEBGUEST
  date_scraped: '2019-05-15'
  date_received: '2025-02-04'
- council_reference: CDP2025/0058
  address: 26 Crescent Ave RYDE NSW 2112
  description: Demolition of the existing structures and construction of an attached
    dual occupancy with basement - 3125120CDC
  info_url: https://ryde-web.t1cloud.com/T1PRDefault/WebApps/eProperty/P1/eTrack/eTrackApplicationDetails.aspx?ApplicationId=CDP2025%2F0058&f=%24P1.ETR.APPDET.VIW&r=COR.P1.WEBGUEST
  date_scraped: '2019-05-15'
  date_received: '2025-02-04'
- council_reference: CDP2025/0059
  address: 27 Plunkett St MARSFIELD NSW 2122
  description: Alterations & Additions to an Existing Dwelling - CDC011-2025
  info_url: https://ryde-web.t1cloud.com/T1PRDefault/WebApps/eProperty/P1/eTrack/eTrackApplicationDetails.aspx?ApplicationId=CDP2025%2F0059&f=%24P1.ETR.APPDET.VIW&r=COR.P1.WEBGUEST
  date_scraped: '2019-05-15'
  date_received: '2025-02-04'
- council_reference: CDP2025/0060
  address: Macquarie Shopping Centre 197-223 Herring Rd MACQUARIE PARK NSW 2113
  description: Internal reconfiguration of existing Big W store layout to create a
    new section for use as merchandising health, beauty and cosmetic products. - 20240418
  info_url: https://ryde-web.t1cloud.com/T1PRDefault/WebApps/eProperty/P1/eTrack/eTrackApplicationDetails.aspx?ApplicationId=CDP2025%2F0060&f=%24P1.ETR.APPDET.VIW&r=COR.P1.WEBGUEST
  date_scraped: '2019-05-15'
  date_received: '2025-02-04'
- council_reference: CDP2025/0061
  address: 835 Victoria Rd RYDE NSW 2112
  description: relocate kitchen, add bedroom and new window to bed 4 - 69/23/B
  info_url: https://ryde-web.t1cloud.com/T1PRDefault/WebApps/eProperty/P1/eTrack/eTrackApplicationDetails.aspx?ApplicationId=CDP2025%2F0061&f=%24P1.ETR.APPDET.VIW&r=COR.P1.WEBGUEST
  date_scraped: '2019-05-15'
  date_received: '2025-02-04'
- council_reference: CDP2025/0062
  address: 80 Waring St MARSFIELD NSW 2122
  description: Demolition of existing structures and construction of 2-storey attached
    dual occupancy – Modification – Change in structure - CDC 10123-02
  info_url: https://ryde-web.t1cloud.com/T1PRDefault/WebApps/eProperty/P1/eTrack/eTrackApplicationDetails.aspx?ApplicationId=CDP2025%2F0062&f=%24P1.ETR.APPDET.VIW&r=COR.P1.WEBGUEST
  date_scraped: '2019-05-15'
  date_received: '2025-02-05'
- council_reference: CDP2025/0063
  address: 39 Conrad St NORTH RYDE NSW 2113
  description: Demolition of existing buildings, construction of a two-storey duplex.
    - CDC2024-150
  info_url: https://ryde-web.t1cloud.com/T1PRDefault/WebApps/eProperty/P1/eTrack/eTrackApplicationDetails.aspx?ApplicationId=CDP2025%2F0063&f=%24P1.ETR.APPDET.VIW&r=COR.P1.WEBGUEST
  date_scraped: '2019-05-15'
  date_received: '2025-02-05'
- council_reference: CDP2025/0064
  address: 6 Eden Park Dr MACQUARIE PARK NSW 2113
  description: Internal alterations to existing office premises - 24000580/1
  info_url: https://ryde-web.t1cloud.com/T1PRDefault/WebApps/eProperty/P1/eTrack/eTrackApplicationDetails.aspx?ApplicationId=CDP2025%2F0064&f=%24P1.ETR.APPDET.VIW&r=COR.P1.WEBGUEST
  date_scraped: '2019-05-15'
  date_received: '2025-02-07'
- council_reference: CDP2025/0065
  address: 66 Trevitt Rd NORTH RYDE NSW 2113
  description: Two Lot Torrens Complying Development Certificate for Dual Occupancy
    (attached) - CDC23237_01
  info_url: https://ryde-web.t1cloud.com/T1PRDefault/WebApps/eProperty/P1/eTrack/eTrackApplicationDetails.aspx?ApplicationId=CDP2025%2F0065&f=%24P1.ETR.APPDET.VIW&r=COR.P1.WEBGUEST
  date_scraped: '2019-05-15'
  date_received: '2025-02-07'
- council_reference: CDP2025/0066
  address: 298 Pittwater Rd EAST RYDE NSW 2113
  description: "• Construction of a double storey dual occupancy (Attached), and •
    Swimming pool (Per dwelling). Notes -Demolition will be reserved at a later date
    at post issuance of the Part 3B permit. -A draft subdivision plan has been prepared
    to aid the subdivision requirements at post issuance of the Part 3B permit. -
    CDC124/2024"
  info_url: https://ryde-web.t1cloud.com/T1PRDefault/WebApps/eProperty/P1/eTrack/eTrackApplicationDetails.aspx?ApplicationId=CDP2025%2F0066&f=%24P1.ETR.APPDET.VIW&r=COR.P1.WEBGUEST
  date_scraped: '2019-05-15'
  date_received: '2025-02-07'
- council_reference: CDP2025/0067
  address: 14 Clarke St WEST RYDE NSW 2114
  description: Demolition of the Existing Dwelling, Rear Timber Sheds and Awnings
    and Construction of a Dual Occupancy and Retaining Wall Structures within approved
    CDC documentation Section 4.30 Modifications to CDC2022-1052. The Modification
    seeks to modify the consent by changing the Stormwater OSD System - CDC2022-1052
  info_url: https://ryde-web.t1cloud.com/T1PRDefault/WebApps/eProperty/P1/eTrack/eTrackApplicationDetails.aspx?ApplicationId=CDP2025%2F0067&f=%24P1.ETR.APPDET.VIW&r=COR.P1.WEBGUEST
  date_scraped: '2019-05-15'
  date_received: '2025-02-10'
- council_reference: CDP2025/0068
  address: 74 Winbourne St East WEST RYDE NSW 2114
  description: 2 Lot Torrens Title Subdivision under LRHDC - 240304
  info_url: https://ryde-web.t1cloud.com/T1PRDefault/WebApps/eProperty/P1/eTrack/eTrackApplicationDetails.aspx?ApplicationId=CDP2025%2F0068&f=%24P1.ETR.APPDET.VIW&r=COR.P1.WEBGUEST
  date_scraped: '2019-05-15'
  date_received: '2025-02-07'
- council_reference: CDP2025/0069
  address: 4 Warner St GLADESVILLE NSW 2111
  description: Demolition of Existing Structures - CDC25058
  info_url: https://ryde-web.t1cloud.com/T1PRDefault/WebApps/eProperty/P1/eTrack/eTrackApplicationDetails.aspx?ApplicationId=CDP2025%2F0069&f=%24P1.ETR.APPDET.VIW&r=COR.P1.WEBGUEST
  date_scraped: '2019-05-15'
  date_received: '2025-02-07'
- council_reference: CDP2025/0070
  address: 22 Birdwood St DENISTONE EAST NSW 2112
  description: Demolition of existing swimming pool - 762/24/01
  info_url: https://ryde-web.t1cloud.com/T1PRDefault/WebApps/eProperty/P1/eTrack/eTrackApplicationDetails.aspx?ApplicationId=CDP2025%2F0070&f=%24P1.ETR.APPDET.VIW&r=COR.P1.WEBGUEST
  date_scraped: '2019-05-15'
  date_received: '2025-02-07'
- council_reference: CDP2025/0071
  address: 2 Bright St RYDE NSW 2112
  description: Two Story Dwelling - 8068095
  info_url: https://ryde-web.t1cloud.com/T1PRDefault/WebApps/eProperty/P1/eTrack/eTrackApplicationDetails.aspx?ApplicationId=CDP2025%2F0071&f=%24P1.ETR.APPDET.VIW&r=COR.P1.WEBGUEST
  date_scraped: '2019-05-15'
  date_received: '2025-02-10'
- council_reference: CDP2025/0072
  address: 1 Fawcett St RYDE NSW 2112
  description: Demolition of all existing structures. Proposed dual occupancy with
    swimming pools - SWC24251
  info_url: https://ryde-web.t1cloud.com/T1PRDefault/WebApps/eProperty/P1/eTrack/eTrackApplicationDetails.aspx?ApplicationId=CDP2025%2F0072&f=%24P1.ETR.APPDET.VIW&r=COR.P1.WEBGUEST
  date_scraped: '2019-05-15'
  date_received: '2025-02-10'
- council_reference: CDP2025/0073
  address: 61-65 Epping Rd MACQUARIE PARK NSW 2113
  description: Alterations to existing monitoring system - N2772
  info_url: https://ryde-web.t1cloud.com/T1PRDefault/WebApps/eProperty/P1/eTrack/eTrackApplicationDetails.aspx?ApplicationId=CDP2025%2F0073&f=%24P1.ETR.APPDET.VIW&r=COR.P1.WEBGUEST
  date_scraped: '2019-05-15'
  date_received: '2025-02-11'
- council_reference: CDP2025/0074
  address: 22 Grand Ave WEST RYDE NSW 2114
  description: 2 lot Torrens Title Subdivision under LRHDC. - 250086
  info_url: https://ryde-web.t1cloud.com/T1PRDefault/WebApps/eProperty/P1/eTrack/eTrackApplicationDetails.aspx?ApplicationId=CDP2025%2F0074&f=%24P1.ETR.APPDET.VIW&r=COR.P1.WEBGUEST
  date_scraped: '2019-05-15'
  date_received: '2025-02-10'
- council_reference: CDP2025/0075
  address: 47 Dickson Ave WEST RYDE NSW 2114
  description: 2 lot torrens title subdivision under LRHDC - 250026
  info_url: https://ryde-web.t1cloud.com/T1PRDefault/WebApps/eProperty/P1/eTrack/eTrackApplicationDetails.aspx?ApplicationId=CDP2025%2F0075&f=%24P1.ETR.APPDET.VIW&r=COR.P1.WEBGUEST
  date_scraped: '2019-05-15'
  date_received: '2025-02-10'
- council_reference: CDP2025/0076
  address: 23 Banksia St EASTWOOD NSW 2122
  description: Demolition of existing buildings, construction of a dual occupancy
    with swimming pool and related landscaping. - 091224
  info_url: https://ryde-web.t1cloud.com/T1PRDefault/WebApps/eProperty/P1/eTrack/eTrackApplicationDetails.aspx?ApplicationId=CDP2025%2F0076&f=%24P1.ETR.APPDET.VIW&r=COR.P1.WEBGUEST
  date_scraped: '2019-05-15'
  date_received: '2025-02-10'
- council_reference: CDP2025/0077
  address: 28 Raymond St EASTWOOD NSW 2122
  description: Dual Occupancy, Retaining Walls including Demolition of Existing Structures
    - CDC/4637242
  info_url: https://ryde-web.t1cloud.com/T1PRDefault/WebApps/eProperty/P1/eTrack/eTrackApplicationDetails.aspx?ApplicationId=CDP2025%2F0077&f=%24P1.ETR.APPDET.VIW&r=COR.P1.WEBGUEST
  date_scraped: '2019-05-15'
  date_received: '2025-02-10'
- council_reference: CDP2025/0078
  address: 46 Cobham Ave MELROSE PARK NSW 2114
  description: Internal Alterations and Additions including new bathroom and laundry.
    Modification to an existing window. - CDC012-2025
  info_url: https://ryde-web.t1cloud.com/T1PRDefault/WebApps/eProperty/P1/eTrack/eTrackApplicationDetails.aspx?ApplicationId=CDP2025%2F0078&f=%24P1.ETR.APPDET.VIW&r=COR.P1.WEBGUEST
  date_scraped: '2019-05-15'
  date_received: '2025-02-10'
- council_reference: CDP2025/0079
  address: 111 North Rd RYDE NSW 2112
  description: Demolition of existing dwelling & construction of a two storey attached
    dual occupancy (This modified approval relates to the update driveway design only)
    - MOD-CDC23/3250.1
  info_url: https://ryde-web.t1cloud.com/T1PRDefault/WebApps/eProperty/P1/eTrack/eTrackApplicationDetails.aspx?ApplicationId=CDP2025%2F0079&f=%24P1.ETR.APPDET.VIW&r=COR.P1.WEBGUEST
  date_scraped: '2019-05-15'
  date_received: '2025-02-10'
- council_reference: CDP2025/0080
  address: 4 Avon Rd NORTH RYDE NSW 2113
  description: Demolition of a house - only - 250050
  info_url: https://ryde-web.t1cloud.com/T1PRDefault/WebApps/eProperty/P1/eTrack/eTrackApplicationDetails.aspx?ApplicationId=CDP2025%2F0080&f=%24P1.ETR.APPDET.VIW&r=COR.P1.WEBGUEST
  date_scraped: '2019-05-15'
  date_received: '2025-02-10'
- council_reference: CDP2025/0081
  address: 16 Elizabeth St RYDE NSW 2112
  description: Demolition a house & outbuildings only - 250039
  info_url: https://ryde-web.t1cloud.com/T1PRDefault/WebApps/eProperty/P1/eTrack/eTrackApplicationDetails.aspx?ApplicationId=CDP2025%2F0081&f=%24P1.ETR.APPDET.VIW&r=COR.P1.WEBGUEST
  date_scraped: '2019-05-15'
  date_received: '2025-02-10'
- council_reference: CDP2025/0082
  address: 39 Flinders Rd NORTH RYDE NSW 2113
  description: Demolition of existing dwelling , garage and ancillary structures -
    240123/01
  info_url: https://ryde-web.t1cloud.com/T1PRDefault/WebApps/eProperty/P1/eTrack/eTrackApplicationDetails.aspx?ApplicationId=CDP2025%2F0082&f=%24P1.ETR.APPDET.VIW&r=COR.P1.WEBGUEST
  date_scraped: '2019-05-15'
  date_received: '2025-02-10'
- council_reference: CDP2025/0083
  address: 14 Lansdowne St EASTWOOD NSW 2122
  description: Demolition of existing dwelling house and structure, construction of
    a duplex with basement - 125SL055
  info_url: https://ryde-web.t1cloud.com/T1PRDefault/WebApps/eProperty/P1/eTrack/eTrackApplicationDetails.aspx?ApplicationId=CDP2025%2F0083&f=%24P1.ETR.APPDET.VIW&r=COR.P1.WEBGUEST
  date_scraped: '2019-05-15'
  date_received: '2025-02-11'
- council_reference: CDP2025/0084
  address: 12-38 Talavera Rd MACQUARIE PARK NSW 2113
  description: Internal office fitout - Level 5 - Total cost of works - $188,177.00
    - CF25013CD01
  info_url: https://ryde-web.t1cloud.com/T1PRDefault/WebApps/eProperty/P1/eTrack/eTrackApplicationDetails.aspx?ApplicationId=CDP2025%2F0084&f=%24P1.ETR.APPDET.VIW&r=COR.P1.WEBGUEST
  date_scraped: '2019-05-15'
  date_received: '2025-02-11'
- council_reference: CDP2025/0085
  address: 47 Lavarack St RYDE NSW 2112
  description: Dual Occupancy & Retaining Walls - CDC/4602292
  info_url: https://ryde-web.t1cloud.com/T1PRDefault/WebApps/eProperty/P1/eTrack/eTrackApplicationDetails.aspx?ApplicationId=CDP2025%2F0085&f=%24P1.ETR.APPDET.VIW&r=COR.P1.WEBGUEST
  date_scraped: '2019-05-15'
  date_received: '2025-02-12'
- council_reference: CDP2025/0086
  address: 6 Banksia St EASTWOOD NSW 2122
  description: Demolition of existing house to construction of dual occupancy. Modification
    to ground floor ceiling height. Change of location of rainwater tank. - CDC1052/22
  info_url: https://ryde-web.t1cloud.com/T1PRDefault/WebApps/eProperty/P1/eTrack/eTrackApplicationDetails.aspx?ApplicationId=CDP2025%2F0086&f=%24P1.ETR.APPDET.VIW&r=COR.P1.WEBGUEST
  date_scraped: '2019-05-15'
  date_received: '2025-02-12'
- council_reference: CDP2025/0087
  address: 5 Talavera Rd MACQUARIE PARK NSW 2113
  description: Alterations to existing monitoring system - N2773
  info_url: https://ryde-web.t1cloud.com/T1PRDefault/WebApps/eProperty/P1/eTrack/eTrackApplicationDetails.aspx?ApplicationId=CDP2025%2F0087&f=%24P1.ETR.APPDET.VIW&r=COR.P1.WEBGUEST
  date_scraped: '2019-05-15'
  date_received: '2025-02-12'
- council_reference: CDP2025/0088
  address: 5 Macleay St RYDE NSW 2112
  description: Dwelling - CDC/4641672
  info_url: https://ryde-web.t1cloud.com/T1PRDefault/WebApps/eProperty/P1/eTrack/eTrackApplicationDetails.aspx?ApplicationId=CDP2025%2F0088&f=%24P1.ETR.APPDET.VIW&r=COR.P1.WEBGUEST
  date_scraped: '2019-05-15'
  date_received: '2025-02-12'
- council_reference: CDP2025/0089
  address: 3 Campbell St EASTWOOD NSW 2122
  description: 2 Lot Torrens Title Subdivision under LRHDC. - 250021
  info_url: https://ryde-web.t1cloud.com/T1PRDefault/WebApps/eProperty/P1/eTrack/eTrackApplicationDetails.aspx?ApplicationId=CDP2025%2F0089&f=%24P1.ETR.APPDET.VIW&r=COR.P1.WEBGUEST
  date_scraped: '2019-05-15'
  date_received: '2025-02-12'
- council_reference: CDP2025/0090
  address: 41 Oakes Ave EASTWOOD NSW 2122
  description: Construction of two storey attached dual occupancy and retaining walls
    - CDC/2025/016
  info_url: https://ryde-web.t1cloud.com/T1PRDefault/WebApps/eProperty/P1/eTrack/eTrackApplicationDetails.aspx?ApplicationId=CDP2025%2F0090&f=%24P1.ETR.APPDET.VIW&r=COR.P1.WEBGUEST
  date_scraped: '2019-05-15'
  date_received: '2025-02-12'
- council_reference: CDP2025/0091
  address: 1 Pindari St NORTH RYDE NSW 2113
  description: Proposed Construction of new (two) storey Dwelling with Pool - CDC24/3636
  info_url: https://ryde-web.t1cloud.com/T1PRDefault/WebApps/eProperty/P1/eTrack/eTrackApplicationDetails.aspx?ApplicationId=CDP2025%2F0091&f=%24P1.ETR.APPDET.VIW&r=COR.P1.WEBGUEST
  date_scraped: '2019-05-15'
  date_received: '2025-02-14'
- council_reference: CDP2025/0092
  address: 34 Western Cr GLADESVILLE NSW 2111
  description: Construction of a swimming pool - 24343-1
  info_url: https://ryde-web.t1cloud.com/T1PRDefault/WebApps/eProperty/P1/eTrack/eTrackApplicationDetails.aspx?ApplicationId=CDP2025%2F0092&f=%24P1.ETR.APPDET.VIW&r=COR.P1.WEBGUEST
  date_scraped: '2019-05-15'
  date_received: '2025-02-14'
- council_reference: CDP2025/0093
  address: 9 Payten St PUTNEY NSW 2112
  description: Demolition of existing structure and the construction of 2 storey dual
    occupancy development with associated storm water and landscape works. - 125SL059
  info_url: https://ryde-web.t1cloud.com/T1PRDefault/WebApps/eProperty/P1/eTrack/eTrackApplicationDetails.aspx?ApplicationId=CDP2025%2F0093&f=%24P1.ETR.APPDET.VIW&r=COR.P1.WEBGUEST
  date_scraped: '2019-05-15'
  date_received: '2025-02-14'
- council_reference: CDP2025/0094
  address: 49 Boyce St RYDE NSW 2112
  description: Demolition of the Existing Structures and Construction of an Attached
    Dual Occupancy - CDC2024-1065
  info_url: https://ryde-web.t1cloud.com/T1PRDefault/WebApps/eProperty/P1/eTrack/eTrackApplicationDetails.aspx?ApplicationId=CDP2025%2F0094&f=%24P1.ETR.APPDET.VIW&r=COR.P1.WEBGUEST
  date_scraped: '2019-05-15'
  date_received: '2025-02-14'
- council_reference: CDP2025/0095
  address: 50 Gordon St EASTWOOD NSW 2122
  description: Demolition of existing structure and propose attached dual occupancy
    - 50 Gordon
  info_url: https://ryde-web.t1cloud.com/T1PRDefault/WebApps/eProperty/P1/eTrack/eTrackApplicationDetails.aspx?ApplicationId=CDP2025%2F0095&f=%24P1.ETR.APPDET.VIW&r=COR.P1.WEBGUEST
  date_scraped: '2019-05-15'
  date_received: '2025-02-14'
- council_reference: CDP2025/0096
  address: 22 Farnell St WEST RYDE NSW 2114
  description: Demolition of existing structures and construction of an attached dual
    occupancy over basement carparking. - 250001
  info_url: https://ryde-web.t1cloud.com/T1PRDefault/WebApps/eProperty/P1/eTrack/eTrackApplicationDetails.aspx?ApplicationId=CDP2025%2F0096&f=%24P1.ETR.APPDET.VIW&r=COR.P1.WEBGUEST
  date_scraped: '2019-05-15'
  date_received: '2025-02-14'
- council_reference: CDP2025/0097
  address: 41 Oakes Ave EASTWOOD NSW 2122
  description: 2 lot torrens title subdivision under LRHDC - 250103
  info_url: https://ryde-web.t1cloud.com/T1PRDefault/WebApps/eProperty/P1/eTrack/eTrackApplicationDetails.aspx?ApplicationId=CDP2025%2F0097&f=%24P1.ETR.APPDET.VIW&r=COR.P1.WEBGUEST
  date_scraped: '2019-05-15'
  date_received: '2025-02-14'
- council_reference: CDP2025/0098
  address: 126 Cobham Ave MELROSE PARK NSW 2114
  description: Demolition of a house, part garage - only - 250053
  info_url: https://ryde-web.t1cloud.com/T1PRDefault/WebApps/eProperty/P1/eTrack/eTrackApplicationDetails.aspx?ApplicationId=CDP2025%2F0098&f=%24P1.ETR.APPDET.VIW&r=COR.P1.WEBGUEST
  date_scraped: '2019-05-15'
  date_received: '2025-02-14'
- council_reference: CDP2025/0099
  address: 1/85 Monash Rd GLADESVILLE NSW 2111
  description: Subdivision of CP and part lot - 240342
  info_url: https://ryde-web.t1cloud.com/T1PRDefault/WebApps/eProperty/P1/eTrack/eTrackApplicationDetails.aspx?ApplicationId=CDP2025%2F0099&f=%24P1.ETR.APPDET.VIW&r=COR.P1.WEBGUEST
  date_scraped: '2019-05-15'
  date_received: '2025-02-14'
- council_reference: CDP2025/0100
  address: 197-223 Herring Rd MACQUARIE PARK NSW 2113
  description: Retail fit out of Kookai inside Macquarie Centre (Tenancy 2230) Internal
    fitout of an existing retail premises for "Kookai " (Excluding base build works
    & services) - CBS250000769
  info_url: https://ryde-web.t1cloud.com/T1PRDefault/WebApps/eProperty/P1/eTrack/eTrackApplicationDetails.aspx?ApplicationId=CDP2025%2F0100&f=%24P1.ETR.APPDET.VIW&r=COR.P1.WEBGUEST
  date_scraped: '2019-05-15'
  date_received: '2025-02-14'
- council_reference: CDP2025/0101
  address: 4 Buffalo Rd GLADESVILLE NSW 2111
  description: Construction of a 2 storey residential dwelling - CDC240816
  info_url: https://ryde-web.t1cloud.com/T1PRDefault/WebApps/eProperty/P1/eTrack/eTrackApplicationDetails.aspx?ApplicationId=CDP2025%2F0101&f=%24P1.ETR.APPDET.VIW&r=COR.P1.WEBGUEST
  date_scraped: '2019-05-15'
  date_received: '2025-02-14'
- council_reference: CDP2025/0102
  address: Shop 3/43-49 Blaxland Rd RYDE NSW 2112
  description: Fitout of Beauty Salon - 2025/019
  info_url: https://ryde-web.t1cloud.com/T1PRDefault/WebApps/eProperty/P1/eTrack/eTrackApplicationDetails.aspx?ApplicationId=CDP2025%2F0102&f=%24P1.ETR.APPDET.VIW&r=COR.P1.WEBGUEST
  date_scraped: '2019-05-15'
  date_received: '2025-02-14'
- council_reference: CDP2025/0103
  address: 1 Keppel Rd RYDE NSW 2112
  description: Demolition of existing building and construction of double storey attached
    duplex residence. - CDC2024-037
  info_url: https://ryde-web.t1cloud.com/T1PRDefault/WebApps/eProperty/P1/eTrack/eTrackApplicationDetails.aspx?ApplicationId=CDP2025%2F0103&f=%24P1.ETR.APPDET.VIW&r=COR.P1.WEBGUEST
  date_scraped: '2019-05-15'
  date_received: '2025-02-17'
- council_reference: CDP2025/0104
  address: 75 Epping Rd MACQUARIE PARK NSW 2113
  description: Alterations to existing monitoring system - N2781
  info_url: https://ryde-web.t1cloud.com/T1PRDefault/WebApps/eProperty/P1/eTrack/eTrackApplicationDetails.aspx?ApplicationId=CDP2025%2F0104&f=%24P1.ETR.APPDET.VIW&r=COR.P1.WEBGUEST
  date_scraped: '2019-05-15'
  date_received: '2025-02-17'
- council_reference: CDP2025/0105
  address: 7-11 Talavera Rd MACQUARIE PARK NSW 2113
  description: Strip out and make good of an existing office fitout - 250039-01
  info_url: https://ryde-web.t1cloud.com/T1PRDefault/WebApps/eProperty/P1/eTrack/eTrackApplicationDetails.aspx?ApplicationId=CDP2025%2F0105&f=%24P1.ETR.APPDET.VIW&r=COR.P1.WEBGUEST
  date_scraped: '2019-05-15'
  date_received: '2025-02-17'
- council_reference: CDP2025/0106
  address: 106 Bridge Rd RYDE NSW 2112
  description: Demolition of existing dwelling and Construction of a two-storey attached
    Dual Occupancy Development with Torrens Title Subdivision into two lots. - 230158
  info_url: https://ryde-web.t1cloud.com/T1PRDefault/WebApps/eProperty/P1/eTrack/eTrackApplicationDetails.aspx?ApplicationId=CDP2025%2F0106&f=%24P1.ETR.APPDET.VIW&r=COR.P1.WEBGUEST
  date_scraped: '2019-05-15'
  date_received: '2025-02-17'
- council_reference: CDP2025/0107
  address: 396R Lane Cove Rd MACQUARIE PARK NSW 2113
  description: Change of use of existing warehouse to indoor recreational facility
    (badmington courts) and associated fit out - BPB2376/2025-0026-0
  info_url: https://ryde-web.t1cloud.com/T1PRDefault/WebApps/eProperty/P1/eTrack/eTrackApplicationDetails.aspx?ApplicationId=CDP2025%2F0107&f=%24P1.ETR.APPDET.VIW&r=COR.P1.WEBGUEST
  date_scraped: '2019-05-15'
  date_received: '2025-02-17'
- council_reference: CDP2025/0108
  address: 151 Blaxland Rd RYDE NSW 2112
  description: internal alterations to existing food and drink premises - 250000051/1
  info_url: https://ryde-web.t1cloud.com/T1PRDefault/WebApps/eProperty/P1/eTrack/eTrackApplicationDetails.aspx?ApplicationId=CDP2025%2F0108&f=%24P1.ETR.APPDET.VIW&r=COR.P1.WEBGUEST
  date_scraped: '2019-05-15'
  date_received: '2025-02-17'
- council_reference: LDA2025/0011
  address: 155-157 Church St RYDE NSW 2112
  description: Change of use of the existing building, proposed fitout work of the
    premises for 24 hrs indoor recreation facility.
  info_url: https://ryde-web.t1cloud.com/T1PRDefault/WebApps/eProperty/P1/eTrack/eTrackApplicationDetails.aspx?ApplicationId=LDA2025%2F0011&f=%24P1.ETR.APPDET.VIW&r=COR.P1.WEBGUEST
  date_scraped: '2019-05-15'
  date_received: '2025-02-04'
- council_reference: LDA2025/0013
  address: 22 Vimiera Rd EASTWOOD NSW 2122
  description: Torrens title subdivision of one lot into two lots, utility and tree
    works.
  info_url: https://ryde-web.t1cloud.com/T1PRDefault/WebApps/eProperty/P1/eTrack/eTrackApplicationDetails.aspx?ApplicationId=LDA2025%2F0013&f=%24P1.ETR.APPDET.VIW&r=COR.P1.WEBGUEST
  date_scraped: '2019-05-15'
  date_received: '2025-02-06'
- council_reference: LDA2025/0014
  address: 25 Myra Ave RYDE NSW 2112
  description: Torrens title subdivision of an existing dual occupancy (attached).
  info_url: https://ryde-web.t1cloud.com/T1PRDefault/WebApps/eProperty/P1/eTrack/eTrackApplicationDetails.aspx?ApplicationId=LDA2025%2F0014&f=%24P1.ETR.APPDET.VIW&r=COR.P1.WEBGUEST
  date_scraped: '2019-05-15'
  date_received: '2025-02-07'
- council_reference: LDA2025/0015
  address: 150 Lancaster Ave MELROSE PARK NSW 2114
  description: Demolition of existing structures, removal of trees and proposed construction
    of a two storey dwelling.
  info_url: https://ryde-web.t1cloud.com/T1PRDefault/WebApps/eProperty/P1/eTrack/eTrackApplicationDetails.aspx?ApplicationId=LDA2025%2F0015&f=%24P1.ETR.APPDET.VIW&r=COR.P1.WEBGUEST
  date_scraped: '2019-05-15'
  date_received: '2025-02-13'
- council_reference: LDA2025/0016
  address: 84-92 Talavera Rd MACQUARIE PARK NSW 2113
  description: Replacement of two approved/existing illuminated business identification
    signs on Buildings A and D of the Meriton Suites.
  info_url: https://ryde-web.t1cloud.com/T1PRDefault/WebApps/eProperty/P1/eTrack/eTrackApplicationDetails.aspx?ApplicationId=LDA2025%2F0016&f=%24P1.ETR.APPDET.VIW&r=COR.P1.WEBGUEST
  date_scraped: '2019-05-15'
  date_received: '2025-02-13'
- council_reference: LDA2025/0017
  address: 190 Shaftsbury Rd EASTWOOD NSW 2122
  description: Demolition of existing building, Proposed new two storey house
  info_url: https://ryde-web.t1cloud.com/T1PRDefault/WebApps/eProperty/P1/eTrack/eTrackApplicationDetails.aspx?ApplicationId=LDA2025%2F0017&f=%24P1.ETR.APPDET.VIW&r=COR.P1.WEBGUEST
  date_scraped: '2019-05-15'
  date_received: '2025-02-17'
- council_reference: LDA2025/0018
  address: 10 Flinders Rd NORTH RYDE NSW 2113
  description: Construction of a 2-storey dwelling.
  info_url: https://ryde-web.t1cloud.com/T1PRDefault/WebApps/eProperty/P1/eTrack/eTrackApplicationDetails.aspx?ApplicationId=LDA2025%2F0018&f=%24P1.ETR.APPDET.VIW&r=COR.P1.WEBGUEST
  date_scraped: '2019-05-15'
  date_received: '2025-02-14'
- council_reference: MOD2025/0005
  address: 169 Herring Rd MACQUARIE PARK NSW 2113
  description: S4.56 modification to LDA2023/0320, to reconfigure the internal and
    external design of the approved co-living and student accommodation development.
  info_url: https://ryde-web.t1cloud.com/T1PRDefault/WebApps/eProperty/P1/eTrack/eTrackApplicationDetails.aspx?ApplicationId=MOD2025%2F0005&f=%24P1.ETR.APPDET.VIW&r=COR.P1.WEBGUEST
  date_scraped: '2019-05-15'
  date_received: '2025-02-05'
- council_reference: MOD2025/0006
  address: 169 Herring Rd MACQUARIE PARK NSW 2113
  description: S4.56 modification to LDA2023/0320, to amend wording of conditions
    to allow for staged construction and the issuing of relevant CCs, commensurate
    to the timing of the construction program of the approved co-living and student
    accommodation development.
  info_url: https://ryde-web.t1cloud.com/T1PRDefault/WebApps/eProperty/P1/eTrack/eTrackApplicationDetails.aspx?ApplicationId=MOD2025%2F0006&f=%24P1.ETR.APPDET.VIW&r=COR.P1.WEBGUEST
  date_scraped: '2019-05-15'
  date_received: '2025-02-05'
- council_reference: MOD2025/0007
  address: 126 Cobham Ave MELROSE PARK NSW 2114
  description: S4.55(1) modification to LDA2024/0201, proposed to correct a minor
    error on the Notice of Determination letter related to the property legal description.
  info_url: https://ryde-web.t1cloud.com/T1PRDefault/WebApps/eProperty/P1/eTrack/eTrackApplicationDetails.aspx?ApplicationId=MOD2025%2F0007&f=%24P1.ETR.APPDET.VIW&r=COR.P1.WEBGUEST
  date_scraped: '2019-05-15'
  date_received: '2025-02-10'
