---
- council_reference: BLD\21277
  address: 108 Coochie Road DALVEEN QLD 4374
  description: Building Works - Private Certification - New Unroofed Deck - 108 Coochie
    Road, Dalveen Q 4374 - Lot 2 SP268864
  info_url: https://sdrc-web.t1cloud.com/T1PRDefault/WebApps/eProperty/P1/eTrack/eTrackApplicationDetails.aspx?ApplicationId=BLD%5C%5C21277&f=%24P1.ETR.APPDET.VIW&r=P1.WEBGUEST
  date_scraped: '2019-05-15'
  date_received: '2025-01-23'
- council_reference: BLD\21278
  address: Warwick - Allora Road ROSEHILL QLD 4370
  description: Building Works - Private Certification - NEW DWELLING (Including Roofed
    Deck) & CARPORT - 590 Warwick-Allora Road, Rosehill Q 4370 - Lot4 SP192881
  info_url: https://sdrc-web.t1cloud.com/T1PRDefault/WebApps/eProperty/P1/eTrack/eTrackApplicationDetails.aspx?ApplicationId=BLD%5C%5C21278&f=%24P1.ETR.APPDET.VIW&r=P1.WEBGUEST
  date_scraped: '2019-05-15'
  date_received: '2025-01-23'
- council_reference: BLD\21279
  address: 44 Amosfield Road STANTHORPE QLD 4380
  description: Building Works - Private Certification - Shed - 44 Amosfield Road STANTHORPE
    - Lot 5 SP267328
  info_url: https://sdrc-web.t1cloud.com/T1PRDefault/WebApps/eProperty/P1/eTrack/eTrackApplicationDetails.aspx?ApplicationId=BLD%5C%5C21279&f=%24P1.ETR.APPDET.VIW&r=P1.WEBGUEST
  date_scraped: '2019-05-15'
  date_received: '2025-01-23'
- council_reference: BLD\21280
  address: 14 Lavena Court STANTHORPE QLD 4380
  description: Building Works - Private Certification - New Construction of Car Port
    - 14 Lavena Court, Stanthorpe - Lot 7 SP187799
  info_url: https://sdrc-web.t1cloud.com/T1PRDefault/WebApps/eProperty/P1/eTrack/eTrackApplicationDetails.aspx?ApplicationId=BLD%5C%5C21280&f=%24P1.ETR.APPDET.VIW&r=P1.WEBGUEST
  date_scraped: '2019-05-15'
  date_received: '2025-01-23'
- council_reference: BLD\21282
  address: 10 Batterham Street WARWICK QLD 4370
  description: Building Works - Private Certification - Replacement of ROOF CLADDING
    - 10 Batterham Street WARWICK - LOT 20 RP 36436
  info_url: https://sdrc-web.t1cloud.com/T1PRDefault/WebApps/eProperty/P1/eTrack/eTrackApplicationDetails.aspx?ApplicationId=BLD%5C%5C21282&f=%24P1.ETR.APPDET.VIW&r=P1.WEBGUEST
  date_scraped: '2019-05-15'
  date_received: '2025-01-24'
- council_reference: BLD\21283
  address: 7 Britannia Street STANTHORPE QLD 4380
  description: Building Works new application (Council Certified) - Demolition 2 x
    Shed - 7 Brittania Street Stanthorpe - Lot 2 SP 346520
  info_url: https://sdrc-web.t1cloud.com/T1PRDefault/WebApps/eProperty/P1/eTrack/eTrackApplicationDetails.aspx?ApplicationId=BLD%5C%5C21283&f=%24P1.ETR.APPDET.VIW&r=P1.WEBGUEST
  date_scraped: '2019-05-15'
  date_received: '2025-01-24'
- council_reference: BLD\21284
  address: 225 Pratten Street WARWICK QLD 4370
  description: Building Works - Private Certification - IG Pool - 225 Pratten Street,
    Warwick - Lot 4 RP910003
  info_url: https://sdrc-web.t1cloud.com/T1PRDefault/WebApps/eProperty/P1/eTrack/eTrackApplicationDetails.aspx?ApplicationId=BLD%5C%5C21284&f=%24P1.ETR.APPDET.VIW&r=P1.WEBGUEST
  date_scraped: '2019-05-15'
  date_received: '2025-01-24'
- council_reference: BLD\21285
  address: 393 Nundubbermere Road NUNDUBBERMERE QLD 4380
  description: Building Works - Private Certification - Proposed Relocation of Existing
    Building and New Shed - 157 Elks Lane, Greenlands - Lot 2 on RP27119
  info_url: https://sdrc-web.t1cloud.com/T1PRDefault/WebApps/eProperty/P1/eTrack/eTrackApplicationDetails.aspx?ApplicationId=BLD%5C%5C21285&f=%24P1.ETR.APPDET.VIW&r=P1.WEBGUEST
  date_scraped: '2019-05-15'
  date_received: '2025-01-24'
- council_reference: BLD\21286
  address: 7-13 Jacob Drive ROSENTHAL HEIGHTS QLD 4370
  description: Building Works - Private Certification - IG Pool - 7 to 13 Jacob Drive,
    Rosenthal Heights - Lot 2 SP192863
  info_url: https://sdrc-web.t1cloud.com/T1PRDefault/WebApps/eProperty/P1/eTrack/eTrackApplicationDetails.aspx?ApplicationId=BLD%5C%5C21286&f=%24P1.ETR.APPDET.VIW&r=P1.WEBGUEST
  date_scraped: '2019-05-15'
  date_received: '2025-01-24'
- council_reference: BLD\21287
  address: 1 Lomandra Court WOMINA QLD 4370
  description: Building Works - Private Certification - New Carport - 1 Lomandra Court,
    Warwick - Lot 33 SP186615
  info_url: https://sdrc-web.t1cloud.com/T1PRDefault/WebApps/eProperty/P1/eTrack/eTrackApplicationDetails.aspx?ApplicationId=BLD%5C%5C21287&f=%24P1.ETR.APPDET.VIW&r=P1.WEBGUEST
  date_scraped: '2019-05-15'
  date_received: '2025-01-29'
- council_reference: BLD\21288
  address: 152 Winterflood Road KILLARNEY QLD 4373
  description: Building Works - Private Certification - New Store Room - 152 Winterflood
    Road, Killarney - Lot 31 RP803288
  info_url: https://sdrc-web.t1cloud.com/T1PRDefault/WebApps/eProperty/P1/eTrack/eTrackApplicationDetails.aspx?ApplicationId=BLD%5C%5C21288&f=%24P1.ETR.APPDET.VIW&r=P1.WEBGUEST
  date_scraped: '2019-05-15'
  date_received: '2025-01-29'
- council_reference: BLD\21289
  address: 2082 Leyburn - Cunningham Road OLD TALGAI QLD 4362
  description: Building Works - Private Certification - Private/Domestic Storage Shed
    - 2082 Leyburn Cunningham Road Talgai - Lot 5 RP 869191
  info_url: https://sdrc-web.t1cloud.com/T1PRDefault/WebApps/eProperty/P1/eTrack/eTrackApplicationDetails.aspx?ApplicationId=BLD%5C%5C21289&f=%24P1.ETR.APPDET.VIW&r=P1.WEBGUEST
  date_scraped: '2019-05-15'
  date_received: '2025-01-29'
- council_reference: BLD\21290
  address: Cummerford Road GLEN APLIN QLD 4381
  description: Building Works - Private Certification - New Construction of a Dwelling
    - 142 Cummerford Road GLEN APLIN - Lot 142 on SP346518
  info_url: https://sdrc-web.t1cloud.com/T1PRDefault/WebApps/eProperty/P1/eTrack/eTrackApplicationDetails.aspx?ApplicationId=BLD%5C%5C21290&f=%24P1.ETR.APPDET.VIW&r=P1.WEBGUEST
  date_scraped: '2019-05-15'
  date_received: '2025-01-30'
- council_reference: BLD\21291
  address: 136 Locke Street WARWICK QLD 4370
  description: Building Works - Private Certification - 6m x 3.5m Extension to Existing
    Shed - 136 Locke Street Warwick - Lot 1 RP89305
  info_url: https://sdrc-web.t1cloud.com/T1PRDefault/WebApps/eProperty/P1/eTrack/eTrackApplicationDetails.aspx?ApplicationId=BLD%5C%5C21291&f=%24P1.ETR.APPDET.VIW&r=P1.WEBGUEST
  date_scraped: '2019-05-15'
  date_received: '2025-01-30'
- council_reference: BLD\21292
  address: 24 Serisier Road TOOLBURRA QLD 4370
  description: Building Works - Private Certification - Repair Damaged Dwelling House
    - 24 Serisier Road Toolburra QLD - Lot 239 ML945
  info_url: https://sdrc-web.t1cloud.com/T1PRDefault/WebApps/eProperty/P1/eTrack/eTrackApplicationDetails.aspx?ApplicationId=BLD%5C%5C21292&f=%24P1.ETR.APPDET.VIW&r=P1.WEBGUEST
  date_scraped: '2019-05-15'
  date_received: '2025-01-30'
- council_reference: BLD\21294
  address: 37-39A Guy Street WARWICK QLD 4370
  description: Building Works - Private Certification - 10 Dwelling Units, 2 Carports,
    Storage Shed & Community Shelter - 37-39a Guy Street WARWICK - Lot 1 on SP 109118
  info_url: https://sdrc-web.t1cloud.com/T1PRDefault/WebApps/eProperty/P1/eTrack/eTrackApplicationDetails.aspx?ApplicationId=BLD%5C%5C21294&f=%24P1.ETR.APPDET.VIW&r=P1.WEBGUEST
  date_scraped: '2019-05-15'
  date_received: '2025-01-30'
- council_reference: BLD\21295
  address: 99A Guy Street WARWICK QLD 4370
  description: Building Works - Private Certification - Replacement of Roof Cladding
    House - 99A Guy Street, Warwick - Lot 4 RP65872
  info_url: https://sdrc-web.t1cloud.com/T1PRDefault/WebApps/eProperty/P1/eTrack/eTrackApplicationDetails.aspx?ApplicationId=BLD%5C%5C21295&f=%24P1.ETR.APPDET.VIW&r=P1.WEBGUEST
  date_scraped: '2019-05-15'
  date_received: '2025-01-31'
- council_reference: BLD\21296
  address: 157 Top Swanfels Road YANGAN QLD 4371
  description: Building Works - Private Certification - Replacement of roof cladding
    house - 157 Top Swanfels Road, YANGAN - Lot 415 on SP 262740
  info_url: https://sdrc-web.t1cloud.com/T1PRDefault/WebApps/eProperty/P1/eTrack/eTrackApplicationDetails.aspx?ApplicationId=BLD%5C%5C21296&f=%24P1.ETR.APPDET.VIW&r=P1.WEBGUEST
  date_scraped: '2019-05-15'
  date_received: '2025-01-31'
- council_reference: BLD\21297
  address: 23 Washpool Road ROSENTHAL HEIGHTS QLD 4370
  description: Building Works - Private Certification - New Dwelling Incuding Roofed
    Verandah - 23 Washpool Road, Rosenthal Heights Q 4370 - Lot 665 M341179
  info_url: https://sdrc-web.t1cloud.com/T1PRDefault/WebApps/eProperty/P1/eTrack/eTrackApplicationDetails.aspx?ApplicationId=BLD%5C%5C21297&f=%24P1.ETR.APPDET.VIW&r=P1.WEBGUEST
  date_scraped: '2019-05-15'
  date_received: '2025-02-03'
- council_reference: BLD\21298
  address: 52 Gows Lane BROADWATER QLD 4380
  description: Building Works new application (Council Certified) - Gable Carport
    - 52 Gows Lane Broadwater - Lot 5 RP27115
  info_url: https://sdrc-web.t1cloud.com/T1PRDefault/WebApps/eProperty/P1/eTrack/eTrackApplicationDetails.aspx?ApplicationId=BLD%5C%5C21298&f=%24P1.ETR.APPDET.VIW&r=P1.WEBGUEST
  date_scraped: '2019-05-15'
  date_received: '2025-02-07'
- council_reference: BLD\21299
  address: 310 Jimmy Mann Road BROADWATER QLD 4380
  description: Building Works new application (Council Certified) - New Shed - 310
    Jimmy Mann Road Broadwater - Lot 114 B34211
  info_url: https://sdrc-web.t1cloud.com/T1PRDefault/WebApps/eProperty/P1/eTrack/eTrackApplicationDetails.aspx?ApplicationId=BLD%5C%5C21299&f=%24P1.ETR.APPDET.VIW&r=P1.WEBGUEST
  date_scraped: '2019-05-15'
  date_received: '2025-02-03'
- council_reference: BLD\21300
  address: 126 Pratten Street WARWICK QLD 4370
  description: Building Works - Private Certification - Demolition of Detached Class
    1a Dwelling House - 126 Pratten Street Warwick QLD 4370 - Lot 4 RP 69271
  info_url: https://sdrc-web.t1cloud.com/T1PRDefault/WebApps/eProperty/P1/eTrack/eTrackApplicationDetails.aspx?ApplicationId=BLD%5C%5C21300&f=%24P1.ETR.APPDET.VIW&r=P1.WEBGUEST
  date_scraped: '2019-05-15'
  date_received: '2025-02-03'
- council_reference: BLD\21301
  address: 18 Diery Street ROSENTHAL HEIGHTS QLD 4370
  description: Building Works - Private Certification - Additions to Dwelling, Including
    Roofed Patio - 18 Diery Street, Warwick - Lot 12 RP197768
  info_url: https://sdrc-web.t1cloud.com/T1PRDefault/WebApps/eProperty/P1/eTrack/eTrackApplicationDetails.aspx?ApplicationId=BLD%5C%5C21301&f=%24P1.ETR.APPDET.VIW&r=P1.WEBGUEST
  date_scraped: '2019-05-15'
  date_received: '2025-02-04'
- council_reference: BLD\21302
  address: 38 Allora Street HENDON QLD 4362
  description: Building Works - Private Certification - Existing Shed - 38 Allora
    Street HENDON - Lot 11 RP189335
  info_url: https://sdrc-web.t1cloud.com/T1PRDefault/WebApps/eProperty/P1/eTrack/eTrackApplicationDetails.aspx?ApplicationId=BLD%5C%5C21302&f=%24P1.ETR.APPDET.VIW&r=P1.WEBGUEST
  date_scraped: '2019-05-15'
  date_received: '2025-02-03'
- council_reference: BLD\21303
  address: 2 Hogan Drive WARWICK QLD 4370
  description: Building Works - Private Certification - New Carport - 2 Hogan Drive
    WARWICK QLD 4370 - Lot 46 on RP 852218
  info_url: https://sdrc-web.t1cloud.com/T1PRDefault/WebApps/eProperty/P1/eTrack/eTrackApplicationDetails.aspx?ApplicationId=BLD%5C%5C21303&f=%24P1.ETR.APPDET.VIW&r=P1.WEBGUEST
  date_scraped: '2019-05-15'
  date_received: '2025-02-04'
- council_reference: BLD\21304
  address: 11 Furness Crescent WARWICK QLD 4370
  description: Building Works - Private Certification - Repair Damaged Dwelling House
    - 11 Furness Crescent Warwick QLD - Lot 64 RP 93316
  info_url: https://sdrc-web.t1cloud.com/T1PRDefault/WebApps/eProperty/P1/eTrack/eTrackApplicationDetails.aspx?ApplicationId=BLD%5C%5C21304&f=%24P1.ETR.APPDET.VIW&r=P1.WEBGUEST
  date_scraped: '2019-05-15'
  date_received: '2025-02-05'
- council_reference: BLD\21305
  address: Clematis Street EMU VALE QLD 4371
  description: Building Works - Private Certification - New Private Shed - Clematis
    Street EMU VALE QLD 4371 - Lot 11 RP15626
  info_url: https://sdrc-web.t1cloud.com/T1PRDefault/WebApps/eProperty/P1/eTrack/eTrackApplicationDetails.aspx?ApplicationId=BLD%5C%5C21305&f=%24P1.ETR.APPDET.VIW&r=P1.WEBGUEST
  date_scraped: '2019-05-15'
  date_received: '2025-02-04'
- council_reference: BLD\21306
  address: 158 Wood Street WARWICK QLD 4370
  description: Building Works - Private Certification - Repairs, Repair Damaged Dwelling
    House - 158 Wood Street, Warwick - Lot 1 RP70209
  info_url: https://sdrc-web.t1cloud.com/T1PRDefault/WebApps/eProperty/P1/eTrack/eTrackApplicationDetails.aspx?ApplicationId=BLD%5C%5C21306&f=%24P1.ETR.APPDET.VIW&r=P1.WEBGUEST
  date_scraped: '2019-05-15'
  date_received: '2025-02-05'
- council_reference: BLD\21307
  address: 6 Garden Street STANTHORPE QLD 4380
  description: Building Works - Private Certification - New Construction of Shed and
    Car Port - 6 Garden Street, Stanthorpe - Lot 1 RP218112
  info_url: https://sdrc-web.t1cloud.com/T1PRDefault/WebApps/eProperty/P1/eTrack/eTrackApplicationDetails.aspx?ApplicationId=BLD%5C%5C21307&f=%24P1.ETR.APPDET.VIW&r=P1.WEBGUEST
  date_scraped: '2019-05-15'
  date_received: '2025-02-06'
- council_reference: BLD\21308
  address: 3 Reyburn Street WARWICK QLD 4370
  description: Building Works - Private Certification - Replacement of Existing Roof
    Cladding - 3 Reyburn Street Warwick QLD 4370 - Lot 6 RP892062
  info_url: https://sdrc-web.t1cloud.com/T1PRDefault/WebApps/eProperty/P1/eTrack/eTrackApplicationDetails.aspx?ApplicationId=BLD%5C%5C21308&f=%24P1.ETR.APPDET.VIW&r=P1.WEBGUEST
  date_scraped: '2019-05-15'
  date_received: '2025-02-06'
- council_reference: BLD\21309
  address: 4096 Texas Road PIKES CREEK QLD 4380
  description: Building Works - Private Certification - New Construction of Shed -
    4096 Texas Road PIKES CREEK - Lot 4 on BNT 1402
  info_url: https://sdrc-web.t1cloud.com/T1PRDefault/WebApps/eProperty/P1/eTrack/eTrackApplicationDetails.aspx?ApplicationId=BLD%5C%5C21309&f=%24P1.ETR.APPDET.VIW&r=P1.WEBGUEST
  date_scraped: '2019-05-15'
  date_received: '2025-02-06'
- council_reference: BLD\21310
  address: 5-7 Margetts Street WALLANGARRA QLD 4383
  description: Building Works new application (Council Certified) - New Shed - 5-7
    Margetts Street Wallangarra - Lot 337 BNT 1725
  info_url: https://sdrc-web.t1cloud.com/T1PRDefault/WebApps/eProperty/P1/eTrack/eTrackApplicationDetails.aspx?ApplicationId=BLD%5C%5C21310&f=%24P1.ETR.APPDET.VIW&r=P1.WEBGUEST
  date_scraped: '2019-05-15'
  date_received: '2025-02-07'
- council_reference: BLD\21311
  address: 38 Wilga Avenue WARWICK QLD 4370
  description: Building Works - Private Certification - Patio 7m x 3.7m - 38 Wilga
    Avenue WARWICK - Lot on RP 58838
  info_url: https://sdrc-web.t1cloud.com/T1PRDefault/WebApps/eProperty/P1/eTrack/eTrackApplicationDetails.aspx?ApplicationId=BLD%5C%5C21311&f=%24P1.ETR.APPDET.VIW&r=P1.WEBGUEST
  date_scraped: '2019-05-15'
  date_received: '2025-02-07'
- council_reference: BLD\21312
  address: 17 Elizabeth Street WARWICK QLD 4370
  description: Building Works - Private Certification - Replacement of ROOF CLADDING,
    HOUSE & SHED - 17 ELIZABETH STREET - LOT 17 RP 90310
  info_url: https://sdrc-web.t1cloud.com/T1PRDefault/WebApps/eProperty/P1/eTrack/eTrackApplicationDetails.aspx?ApplicationId=BLD%5C%5C21312&f=%24P1.ETR.APPDET.VIW&r=P1.WEBGUEST
  date_scraped: '2019-05-15'
  date_received: '2025-02-07'
- council_reference: BLD\21313
  address: 42 Gilchrist Road ROSEHILL QLD 4370
  description: Building Works - Private Certification - 18M X 9M Shed - 42 Gilchrest
    Road Rosehill - Lot 8 SP167943
  info_url: https://sdrc-web.t1cloud.com/T1PRDefault/WebApps/eProperty/P1/eTrack/eTrackApplicationDetails.aspx?ApplicationId=BLD%5C%5C21313&f=%24P1.ETR.APPDET.VIW&r=P1.WEBGUEST
  date_scraped: '2019-05-15'
  date_received: '2025-02-07'
- council_reference: BLD\21314
  address: 81 Palmerin Street WARWICK QLD 4370
  description: Building Works - Private Certification - T45 Fit Out Kaow Thai Restaurant
    - T45 81 Palmerin Street Warwick QLD 4370 - Lot 60 SP305432
  info_url: https://sdrc-web.t1cloud.com/T1PRDefault/WebApps/eProperty/P1/eTrack/eTrackApplicationDetails.aspx?ApplicationId=BLD%5C%5C21314&f=%24P1.ETR.APPDET.VIW&r=P1.WEBGUEST
  date_scraped: '2019-05-15'
  date_received: '2025-02-07'
- council_reference: BLD\21315
  address: 41A Anemone Street KILLARNEY QLD 4373
  description: Building Works - Private Certification - New construction of deck and
    car port - 41a Anemone Street KILLARNEY - Lot 1 on SP 196276
  info_url: https://sdrc-web.t1cloud.com/T1PRDefault/WebApps/eProperty/P1/eTrack/eTrackApplicationDetails.aspx?ApplicationId=BLD%5C%5C21315&f=%24P1.ETR.APPDET.VIW&r=P1.WEBGUEST
  date_scraped: '2019-05-15'
  date_received: '2025-02-07'
- council_reference: BLD\21316
  address: 2 Freestone Road WARWICK QLD 4370
  description: Building Works - Private Certification - New Construction of Shed -
    2 Freestone Road, Warwick - Lot 3 RP210023
  info_url: https://sdrc-web.t1cloud.com/T1PRDefault/WebApps/eProperty/P1/eTrack/eTrackApplicationDetails.aspx?ApplicationId=BLD%5C%5C21316&f=%24P1.ETR.APPDET.VIW&r=P1.WEBGUEST
  date_scraped: '2019-05-15'
  date_received: '2025-02-07'
- council_reference: BLD\21317
  address: 54 Warwick Street ALLORA QLD 4362
  description: Building Works - Private Certification - 6.5m x 4m Shed with attached
    6.5m x 7m Carport - 54 Warwick Street Allora - Lot 1 RP42488
  info_url: https://sdrc-web.t1cloud.com/T1PRDefault/WebApps/eProperty/P1/eTrack/eTrackApplicationDetails.aspx?ApplicationId=BLD%5C%5C21317&f=%24P1.ETR.APPDET.VIW&r=P1.WEBGUEST
  date_scraped: '2019-05-15'
  date_received: '2025-02-07'
- council_reference: BLD\21318
  address: 12 Tooth Street WARWICK QLD 4370
  description: Building Works - Private Certification - 3m x 7m Carport and 3m x 7m
    Patio - 12 Tooth Street Warwick QLD 4370 - Lot 7 RP78236
  info_url: https://sdrc-web.t1cloud.com/T1PRDefault/WebApps/eProperty/P1/eTrack/eTrackApplicationDetails.aspx?ApplicationId=BLD%5C%5C21318&f=%24P1.ETR.APPDET.VIW&r=P1.WEBGUEST
  date_scraped: '2019-05-15'
  date_received: '2025-02-07'
- council_reference: BLD\21319
  address: 14 Chapel Court WARWICK QLD 4370
  description: Building Works - Private Certification - Patio & Carport - 14 Chapel
    Court Warwick - Lot 2 on SP174737
  info_url: https://sdrc-web.t1cloud.com/T1PRDefault/WebApps/eProperty/P1/eTrack/eTrackApplicationDetails.aspx?ApplicationId=BLD%5C%5C21319&f=%24P1.ETR.APPDET.VIW&r=P1.WEBGUEST
  date_scraped: '2019-05-15'
  date_received: '2025-02-07'
- council_reference: BLD\21320
  address: 5 High Street STANTHORPE QLD 4380
  description: Building Works - Private Certification - 6m x 9m Shed - 5 High Street
    STANTHORPE QLD 4380 - Lot 1 RP216343
  info_url: https://sdrc-web.t1cloud.com/T1PRDefault/WebApps/eProperty/P1/eTrack/eTrackApplicationDetails.aspx?ApplicationId=BLD%5C%5C21320&f=%24P1.ETR.APPDET.VIW&r=P1.WEBGUEST
  date_scraped: '2019-05-15'
  date_received: '2025-02-10'
- council_reference: BLD\21321
  address: 191 Canningvale Road CANNINGVALE QLD 4370
  description: Building Works - Private Certification - 12m x 7.5m Gable Garage with
    attached 4m x 7.5m Gable Carport - 191 Canningvale Road Canningvale - Lot 5 RP
    805190
  info_url: https://sdrc-web.t1cloud.com/T1PRDefault/WebApps/eProperty/P1/eTrack/eTrackApplicationDetails.aspx?ApplicationId=BLD%5C%5C21321&f=%24P1.ETR.APPDET.VIW&r=P1.WEBGUEST
  date_scraped: '2019-05-15'
  date_received: '2025-02-10'
- council_reference: BLD\21322
  address: 1116 Springdale Road PIKEDALE QLD 4380
  description: Building Works - Private Certification - New Carport & Coolroom - 1116
    Springdale Road PIKEDALE QLD 4380 - Lot 19 SP342989
  info_url: https://sdrc-web.t1cloud.com/T1PRDefault/WebApps/eProperty/P1/eTrack/eTrackApplicationDetails.aspx?ApplicationId=BLD%5C%5C21322&f=%24P1.ETR.APPDET.VIW&r=P1.WEBGUEST
  date_scraped: '2019-05-15'
  date_received: '2025-02-11'
- council_reference: BLD\21323
  address: 28 Murray Street MARYVALE QLD 4370
  description: Building Works - Private Certification - New Construction of Dwelling
    and New Construction of Attached Patio - 28 Murray Street Maryvale Q 4370 - Lot
    306 ML2303
  info_url: https://sdrc-web.t1cloud.com/T1PRDefault/WebApps/eProperty/P1/eTrack/eTrackApplicationDetails.aspx?ApplicationId=BLD%5C%5C21323&f=%24P1.ETR.APPDET.VIW&r=P1.WEBGUEST
  date_scraped: '2019-05-15'
  date_received: '2025-02-10'
- council_reference: BLD\21324
  address: 18 Leslie Parade STANTHORPE QLD 4380
  description: Building Works new application (Council Certified) - New Shed - 18
    Leslie Parade Stanthorpe - Lot 90 SP327059
  info_url: https://sdrc-web.t1cloud.com/T1PRDefault/WebApps/eProperty/P1/eTrack/eTrackApplicationDetails.aspx?ApplicationId=BLD%5C%5C21324&f=%24P1.ETR.APPDET.VIW&r=P1.WEBGUEST
  date_scraped: '2019-05-15'
  date_received: '2025-02-11'
- council_reference: BLD\21325
  address: 22 Cavallaro Lane GLEN APLIN QLD 4381
  description: Building Works - Private Certification - Roof Replacement of Dwelling
    and Shed - 22 Cavallaro Lane, Glen Aplin - Lot 5 SP252614
  info_url: https://sdrc-web.t1cloud.com/T1PRDefault/WebApps/eProperty/P1/eTrack/eTrackApplicationDetails.aspx?ApplicationId=BLD%5C%5C21325&f=%24P1.ETR.APPDET.VIW&r=P1.WEBGUEST
  date_scraped: '2019-05-15'
  date_received: '2025-02-11'
- council_reference: BLD\21326
  address: 40 Canning Street WARWICK QLD 4370
  description: Building Works - Private Certification - Replacement of Roof Cladding
    - House, Garage, Shed & Patio - 40 Canning Street, WARWICK Q 4370 - Lot 2 RP 72766
  info_url: https://sdrc-web.t1cloud.com/T1PRDefault/WebApps/eProperty/P1/eTrack/eTrackApplicationDetails.aspx?ApplicationId=BLD%5C%5C21326&f=%24P1.ETR.APPDET.VIW&r=P1.WEBGUEST
  date_scraped: '2019-05-15'
  date_received: '2025-02-12'
- council_reference: BLD\21327
  address: 83 College Road STANTHORPE QLD 4380
  description: Building Works - Private Certification - New Storeroom - 83 College
    Road STANTHORPE QLD 4380 - Lot 7 RP849249
  info_url: https://sdrc-web.t1cloud.com/T1PRDefault/WebApps/eProperty/P1/eTrack/eTrackApplicationDetails.aspx?ApplicationId=BLD%5C%5C21327&f=%24P1.ETR.APPDET.VIW&r=P1.WEBGUEST
  date_scraped: '2019-05-15'
  date_received: '2025-02-12'
- council_reference: BLD\21328
  address: 59 Flitcroft Street WARWICK QLD 4370
  description: Building Works - Private Certification - 15m x 13m Skillion Carport
    (1 Wall Partly Sheeted) - 59 Flitcroft Street Warwick Qld 4370 - Lot 6 RP36414
  info_url: https://sdrc-web.t1cloud.com/T1PRDefault/WebApps/eProperty/P1/eTrack/eTrackApplicationDetails.aspx?ApplicationId=BLD%5C%5C21328&f=%24P1.ETR.APPDET.VIW&r=P1.WEBGUEST
  date_scraped: '2019-05-15'
  date_received: '2025-02-13'
- council_reference: BLD\21329
  address: 6 Sterne Street WARWICK QLD 4370
  description: Building Works - Private Certification - Replacement of Existing Roof
    Cladding - 6 Sterne Street, Warwick - Lot 1 RP157246
  info_url: https://sdrc-web.t1cloud.com/T1PRDefault/WebApps/eProperty/P1/eTrack/eTrackApplicationDetails.aspx?ApplicationId=BLD%5C%5C21329&f=%24P1.ETR.APPDET.VIW&r=P1.WEBGUEST
  date_scraped: '2019-05-15'
  date_received: '2025-02-13'
- council_reference: BLD\21330
  address: 2-6 Henry Evans Drive ROSEHILL QLD 4370
  description: Building Works - Private Certification - IG Pool - 2-6 Henry Evans
    Drive ROSEHILL - Lot 1 on RP 862162
  info_url: https://sdrc-web.t1cloud.com/T1PRDefault/WebApps/eProperty/P1/eTrack/eTrackApplicationDetails.aspx?ApplicationId=BLD%5C%5C21330&f=%24P1.ETR.APPDET.VIW&r=P1.WEBGUEST
  date_scraped: '2019-05-15'
  date_received: '2025-02-14'
- council_reference: BLD\21331
  address: 27466 New England Highway GLEN APLIN QLD 4381
  description: Building Works - Private Certification - New Staff Training & Lunch
    Rooms - 27466 New England Highway GLEN APLIN QLD 4381 - Lot 1 RP46513
  info_url: https://sdrc-web.t1cloud.com/T1PRDefault/WebApps/eProperty/P1/eTrack/eTrackApplicationDetails.aspx?ApplicationId=BLD%5C%5C21331&f=%24P1.ETR.APPDET.VIW&r=P1.WEBGUEST
  date_scraped: '2019-05-15'
  date_received: '2025-02-13'
- council_reference: BLD\21332
  address: 194 Palmerin Street WARWICK QLD 4370
  description: Building Works - Private Certification - Class 1A & 10A ReRoof (like
    for like) to existing Dwelling House and Ancillary Structures - 194 Palmerin Street
    WARWICK - Lot 2 on RP 49467
  info_url: https://sdrc-web.t1cloud.com/T1PRDefault/WebApps/eProperty/P1/eTrack/eTrackApplicationDetails.aspx?ApplicationId=BLD%5C%5C21332&f=%24P1.ETR.APPDET.VIW&r=P1.WEBGUEST
  date_scraped: '2019-05-15'
  date_received: '2025-02-14'
- council_reference: BLD\21333
  address: 97 Albion Street WARWICK QLD 4370
  description: Building Works new application (Council Certified) - New Deck and Demolish
    Tank Stand and Small Structure - 97 Albion Street Warwick - Lot 2 RP 78182
  info_url: https://sdrc-web.t1cloud.com/T1PRDefault/WebApps/eProperty/P1/eTrack/eTrackApplicationDetails.aspx?ApplicationId=BLD%5C%5C21333&f=%24P1.ETR.APPDET.VIW&r=P1.WEBGUEST
  date_scraped: '2019-05-15'
  date_received: '2025-02-12'
- council_reference: BLD\21335
  address: 525 Charleys Gully Road FREESTONE QLD 4370
  description: Building Works - Private Certification - New Construction of Shed -
    525 Charleys Gully Road FREESTONE - Lot 86 D 361077
  info_url: https://sdrc-web.t1cloud.com/T1PRDefault/WebApps/eProperty/P1/eTrack/eTrackApplicationDetails.aspx?ApplicationId=BLD%5C%5C21335&f=%24P1.ETR.APPDET.VIW&r=P1.WEBGUEST
  date_scraped: '2019-05-15'
  date_received: '2025-02-17'
- council_reference: BLD\21336
  address: 171 South Street ALLORA QLD 4362
  description: Building Works - Private Certification - New Construction of Shed -
    171 South Street Allora - Lot 5 SP 287039
  info_url: https://sdrc-web.t1cloud.com/T1PRDefault/WebApps/eProperty/P1/eTrack/eTrackApplicationDetails.aspx?ApplicationId=BLD%5C%5C21336&f=%24P1.ETR.APPDET.VIW&r=P1.WEBGUEST
  date_scraped: '2019-05-15'
  date_received: '2025-02-17'
- council_reference: BLD\21337
  address: 412 Spring Creek Road THE FALLS QLD 4373
  description: Building Works - Private Certification - New Construction of Shed with
    Mezzanine - 412 Spring Creek Road, Killarney - Lot 6 on SP 274047
  info_url: https://sdrc-web.t1cloud.com/T1PRDefault/WebApps/eProperty/P1/eTrack/eTrackApplicationDetails.aspx?ApplicationId=BLD%5C%5C21337&f=%24P1.ETR.APPDET.VIW&r=P1.WEBGUEST
  date_scraped: '2019-05-15'
  date_received: '2025-02-17'
- council_reference: BLD\21338
  address: 56 Canning Street WARWICK QLD 4370
  description: Building Works - Private Certification - Repair Damaged Dwelling House
    - 56 Canning Street Warwick - Lot 2 SP 181085
  info_url: https://sdrc-web.t1cloud.com/T1PRDefault/WebApps/eProperty/P1/eTrack/eTrackApplicationDetails.aspx?ApplicationId=BLD%5C%5C21338&f=%24P1.ETR.APPDET.VIW&r=P1.WEBGUEST
  date_scraped: '2019-05-15'
  date_received: '2025-02-17'
- council_reference: BLD\21339
  address: 30 Archibald Street STANTHORPE QLD 4380
  description: Building Works new application (Council Certified) - New Shed - 30
    Archibald Street Stanthorpe - Lot 1 RP 64816
  info_url: https://sdrc-web.t1cloud.com/T1PRDefault/WebApps/eProperty/P1/eTrack/eTrackApplicationDetails.aspx?ApplicationId=BLD%5C%5C21339&f=%24P1.ETR.APPDET.VIW&r=P1.WEBGUEST
  date_scraped: '2019-05-15'
  date_received: '2025-02-13'
- council_reference: BLD\21341
  address: 87-89 Jacob Drive ROSENTHAL HEIGHTS QLD 4370
  description: Building Works - Private Certification - New Construction of Dwelling
    - 87 to 89 Jacob Drive ROSENTHAL HEIGHTS QLD 4370 - Lot 21 SP344015
  info_url: https://sdrc-web.t1cloud.com/T1PRDefault/WebApps/eProperty/P1/eTrack/eTrackApplicationDetails.aspx?ApplicationId=BLD%5C%5C21341&f=%24P1.ETR.APPDET.VIW&r=P1.WEBGUEST
  date_scraped: '2019-05-15'
  date_received: '2025-02-17'
- council_reference: BLD\21342
  address: 3 Yarrawonga Street WARWICK QLD 4370
  description: Building Works new application (Council Certified) - New Shed - 3 Yarrawonga
    Street Warwick - Lot 29 RP 36319
  info_url: https://sdrc-web.t1cloud.com/T1PRDefault/WebApps/eProperty/P1/eTrack/eTrackApplicationDetails.aspx?ApplicationId=BLD%5C%5C21342&f=%24P1.ETR.APPDET.VIW&r=P1.WEBGUEST
  date_scraped: '2019-05-15'
  date_received: '2025-02-17'
- council_reference: BLD\21343
  address: 5 Palmer Avenue WARWICK QLD 4370
  description: Building Works new application (Council Certified) - Demolition of
    Shed - 5 Palmer Avenue WARWICK - Lot 1 RP138673
  info_url: https://sdrc-web.t1cloud.com/T1PRDefault/WebApps/eProperty/P1/eTrack/eTrackApplicationDetails.aspx?ApplicationId=BLD%5C%5C21343&f=%24P1.ETR.APPDET.VIW&r=P1.WEBGUEST
  date_scraped: '2019-05-15'
  date_received: '2025-02-17'
- council_reference: BLD\21344
  address: 16B Mcevoy Street WARWICK QLD 4370
  description: Building Works - Private Certification - New Construction of Shed -
    16B McEvoy Street, Warwick - Lot 2 RP73399
  info_url: https://sdrc-web.t1cloud.com/T1PRDefault/WebApps/eProperty/P1/eTrack/eTrackApplicationDetails.aspx?ApplicationId=BLD%5C%5C21344&f=%24P1.ETR.APPDET.VIW&r=P1.WEBGUEST
  date_scraped: '2019-05-15'
  date_received: '2025-02-16'
- council_reference: BLD\21345
  address: 274 Spring Creek Road GREENLANDS QLD 4380
  description: Building Works - Private Certification - New Private Garage - 274 Spring
    Creek Road GREENLANDS 4380 - Lot 212 on BNT 524
  info_url: https://sdrc-web.t1cloud.com/T1PRDefault/WebApps/eProperty/P1/eTrack/eTrackApplicationDetails.aspx?ApplicationId=BLD%5C%5C21345&f=%24P1.ETR.APPDET.VIW&r=P1.WEBGUEST
  date_scraped: '2019-05-15'
  date_received: '2025-02-17'
- council_reference: BLD\21346
  address: 241 Caves Road STANTHORPE QLD 4380
  description: Building Works new application (Council Certified) - New Dwelling including
    attached carport and shed - 241 Caves Road Stanthorpe - Lot 11 RP31832
  info_url: https://sdrc-web.t1cloud.com/T1PRDefault/WebApps/eProperty/P1/eTrack/eTrackApplicationDetails.aspx?ApplicationId=BLD%5C%5C21346&f=%24P1.ETR.APPDET.VIW&r=P1.WEBGUEST
  date_scraped: '2019-05-15'
  date_received: '2025-02-18'
- council_reference: BLD\21347
  address: 16-18 Mimma Court ROSENTHAL HEIGHTS QLD 4370
  description: Building Works - Private Certification - New Construction of Dwelling
    - 16 to 18 Mimma Court, Rosenthal Heights - Lot 35 SP192863
  info_url: https://sdrc-web.t1cloud.com/T1PRDefault/WebApps/eProperty/P1/eTrack/eTrackApplicationDetails.aspx?ApplicationId=BLD%5C%5C21347&f=%24P1.ETR.APPDET.VIW&r=P1.WEBGUEST
  date_scraped: '2019-05-15'
  date_received: '2025-02-18'
- council_reference: BLD\21348
  address: 242 Wood Street WARWICK QLD 4370
  description: Building Works - Private Certification - Replacement of Roof Cladding,
    House - 242 Wood Street, Warwick - Lot 3 RP 85249
  info_url: https://sdrc-web.t1cloud.com/T1PRDefault/WebApps/eProperty/P1/eTrack/eTrackApplicationDetails.aspx?ApplicationId=BLD%5C%5C21348&f=%24P1.ETR.APPDET.VIW&r=P1.WEBGUEST
  date_scraped: '2019-05-15'
  date_received: '2025-02-18'
- council_reference: MCU\00850.01
  address: 28 Crystal Mountain Road DALVEEN QLD 4374
  description: Other Change for Extension to Existing Use - Short-term accommodation
    (Two (2) Cabins and conversion of existing building to Manager's residence) -
    28 Crystal Mountain Road, Dalveen - Lot 1 RP193305
  info_url: https://sdrc-web.t1cloud.com/T1PRDefault/WebApps/eProperty/P1/eTrack/eTrackApplicationDetails.aspx?ApplicationId=MCU%5C%5C00850.01&f=%24P1.ETR.APPDET.VIW&r=P1.WEBGUEST
  date_scraped: '2019-05-15'
  date_received: '2025-02-12'
- council_reference: MCU\01996.03
  address: Pink Gum Lane LESLIE DAM QLD 4370
  description: Minor Change - Change to building layout and amendment of condition
    28 - Pink Gum Lane, Leslie Dam - 8 SP315342
  info_url: https://sdrc-web.t1cloud.com/T1PRDefault/WebApps/eProperty/P1/eTrack/eTrackApplicationDetails.aspx?ApplicationId=MCU%5C%5C01996.03&f=%24P1.ETR.APPDET.VIW&r=P1.WEBGUEST
  date_scraped: '2019-05-15'
  date_received: '2025-01-29'
- council_reference: MCU\02458.01
  address: 70 Horsman Road WARWICK QLD 4370
  description: Minor Change - Relocation of gravity sewer - 70 Horsman Road, Warwick
    - Lots 60-66 RP36319, Lot 1 RP36321 and Lot 1 RP36322
  info_url: https://sdrc-web.t1cloud.com/T1PRDefault/WebApps/eProperty/P1/eTrack/eTrackApplicationDetails.aspx?ApplicationId=MCU%5C%5C02458.01&f=%24P1.ETR.APPDET.VIW&r=P1.WEBGUEST
  date_scraped: '2019-05-15'
  date_received: '2025-01-24'
- council_reference: MCU\02540.01
  address: 75 Wallace Street WARWICK QLD 4370
  description: Minor Change to Condition 19 - 75 Wallace Street, Warwick - Lot 22
    SP335453
  info_url: https://sdrc-web.t1cloud.com/T1PRDefault/WebApps/eProperty/P1/eTrack/eTrackApplicationDetails.aspx?ApplicationId=MCU%5C%5C02540.01&f=%24P1.ETR.APPDET.VIW&r=P1.WEBGUEST
  date_scraped: '2019-05-15'
  date_received: '2025-01-31'
- council_reference: MCU\02542.01
  address: 77 Wallace Street WARWICK QLD 4370
  description: Minor Change - Amendment to Condition 19 - 77 Wallace Street, Warwick
    - Lot 23 SP335453
  info_url: https://sdrc-web.t1cloud.com/T1PRDefault/WebApps/eProperty/P1/eTrack/eTrackApplicationDetails.aspx?ApplicationId=MCU%5C%5C02542.01&f=%24P1.ETR.APPDET.VIW&r=P1.WEBGUEST
  date_scraped: '2019-05-15'
  date_received: '2025-01-31'
- council_reference: MCU\02652
  address: 14 Emu Creek Road EMU CREEK QLD 4371
  description: Dwelling house & ancillary sheds (Within flood hazard overlay) - Emu
    Creek Road, Emu Vale - Lot 4 SP318927
  info_url: https://sdrc-web.t1cloud.com/T1PRDefault/WebApps/eProperty/P1/eTrack/eTrackApplicationDetails.aspx?ApplicationId=MCU%5C%5C02652&f=%24P1.ETR.APPDET.VIW&r=P1.WEBGUEST
  date_scraped: '2019-05-15'
  date_received: '2025-02-05'
- council_reference: OPW\000208.01
  address: Homestead Road ROSENTHAL HEIGHTS QLD 4370
  description: Extension application under sec 86 of PA - Operational Works - Undertaken
    works in/on/over/under premises (Roadworks, Earthworks, Stormwater Drainage, Sewerage
    and Water infrastructure associated with RC\01356 - Stage 2 Subdivision - 77 lots)
    - One (1) year extension
  info_url: https://sdrc-web.t1cloud.com/T1PRDefault/WebApps/eProperty/P1/eTrack/eTrackApplicationDetails.aspx?ApplicationId=OPW%5C%5C000208.01&f=%24P1.ETR.APPDET.VIW&r=P1.WEBGUEST
  date_scraped: '2019-05-15'
  date_received: '2025-01-28'
- council_reference: OPW\000287
  address: 6/109 Palmerin Street WARWICK QLD 4370
  description: Operational Works - Advertising device (not ancillary to and associated
    with a lawful use on the same land) - 109 Palmerin Street, Warwick - Lot 6 SP141542
  info_url: https://sdrc-web.t1cloud.com/T1PRDefault/WebApps/eProperty/P1/eTrack/eTrackApplicationDetails.aspx?ApplicationId=OPW%5C%5C000287&f=%24P1.ETR.APPDET.VIW&r=P1.WEBGUEST
  date_scraped: '2019-05-15'
  date_received: '2025-02-11'
- council_reference: RC\01663.03
  address: 163 Warner Street ROSENTHAL HEIGHTS QLD 4370
  description: Minor Change to Subdivision - 163 and 183 Warner Street, Rosenthal
    Heights - Lot 1 RP815363 and Lot 2 SP286820
  info_url: https://sdrc-web.t1cloud.com/T1PRDefault/WebApps/eProperty/P1/eTrack/eTrackApplicationDetails.aspx?ApplicationId=RC%5C%5C01663.03&f=%24P1.ETR.APPDET.VIW&r=P1.WEBGUEST
  date_scraped: '2019-05-15'
  date_received: '2025-01-24'
- council_reference: RC\01833.01
  address: 183 Warner Street ROSENTHAL HEIGHTS QLD 4370
  description: Minor Change - Subdivision of 1 lot into 16 lots - Increased lot size
    for proposed lot 16 to 1.53ha - Subject to approval of RC\01663.02- 183 Warner
    Street, Rosenthal Heights - Lot 2 SP286820
  info_url: https://sdrc-web.t1cloud.com/T1PRDefault/WebApps/eProperty/P1/eTrack/eTrackApplicationDetails.aspx?ApplicationId=RC%5C%5C01833.01&f=%24P1.ETR.APPDET.VIW&r=P1.WEBGUEST
  date_scraped: '2019-05-15'
  date_received: '2025-01-24'
- council_reference: RC\02061
  address: 3 Ivory Avenue WARWICK QLD 4370
  description: Subdivision of one (1) lot into two (2) lots - 3 Ivory Avenue, Warwick
    - Lot 33 SP182009
  info_url: https://sdrc-web.t1cloud.com/T1PRDefault/WebApps/eProperty/P1/eTrack/eTrackApplicationDetails.aspx?ApplicationId=RC%5C%5C02061&f=%24P1.ETR.APPDET.VIW&r=P1.WEBGUEST
  date_scraped: '2019-05-15'
  date_received: '2025-01-28'
- council_reference: RC\02062
  address: 1-7 St George Street WARWICK QLD 4370
  description: Subdivision of one (1) lot into 17 lots - 1-7 St George Street, Warwick
    - Lot 300 SP221856
  info_url: https://sdrc-web.t1cloud.com/T1PRDefault/WebApps/eProperty/P1/eTrack/eTrackApplicationDetails.aspx?ApplicationId=RC%5C%5C02062&f=%24P1.ETR.APPDET.VIW&r=P1.WEBGUEST
  date_scraped: '2019-05-15'
  date_received: '2025-02-11'
