---
- council_reference: PlnApp24/194
  address: 195 Murdoch Road WANGARATTA VIC 3677
  description: Buildings and works for the construction of 6 dwellings and access
    to a Transport Zone 2
  info_url: https://rcow-web.t1cloud.com/T1PRDefault/WebApps/eProperty/P1/eTrack/eTrackApplicationDetails.aspx?ApplicationId=PlnApp24%2F194&f=%24P1.ETR.APPDET.VIW&r=P1.WEBGUEST
  date_scraped: '2019-05-15'
  date_received: '2025-02-12'
- council_reference: PlnApp24/195
  address: 188 Diffey Road EVERTON VIC 3678
  description: Buildings and works for the construction of an agricultural building
  info_url: https://rcow-web.t1cloud.com/T1PRDefault/WebApps/eProperty/P1/eTrack/eTrackApplicationDetails.aspx?ApplicationId=PlnApp24%2F195&f=%24P1.ETR.APPDET.VIW&r=P1.WEBGUEST
  date_scraped: '2019-05-15'
  date_received: '2025-02-04'
- council_reference: PlnApp24/198
  address: 49 Blackboy Lane GLENROWAN VIC 3675
  description: Use and development of land for a dwelling and outbuilding (domestic
    shed)
  info_url: https://rcow-web.t1cloud.com/T1PRDefault/WebApps/eProperty/P1/eTrack/eTrackApplicationDetails.aspx?ApplicationId=PlnApp24%2F198&f=%24P1.ETR.APPDET.VIW&r=P1.WEBGUEST
  date_scraped: '2019-05-15'
  date_received: '2025-01-24'
- council_reference: PlnApp25/001
  address: 5 Newman Street WANGARATTA VIC 3677
  description: Buildings and works for the construction of a replacement warehouse
    and extensions to an existing warehouse
  info_url: https://rcow-web.t1cloud.com/T1PRDefault/WebApps/eProperty/P1/eTrack/eTrackApplicationDetails.aspx?ApplicationId=PlnApp25%2F001&f=%24P1.ETR.APPDET.VIW&r=P1.WEBGUEST
  date_scraped: '2019-05-15'
  date_received: '2025-01-23'
- council_reference: PlnApp25/003
  address: 315 Kerrs Road MILAWA VIC 3678
  description: Buildings and works for the construction of an agricultural outbuilding
  info_url: https://rcow-web.t1cloud.com/T1PRDefault/WebApps/eProperty/P1/eTrack/eTrackApplicationDetails.aspx?ApplicationId=PlnApp25%2F003&f=%24P1.ETR.APPDET.VIW&r=P1.WEBGUEST
  date_scraped: '2019-05-15'
  date_received: '2025-01-24'
- council_reference: PlnApp25/005
  address: Kenley Park 469 Lindner Road WANGANDARY VIC 3678
  description: Buildings and works for the construction of a replacement domestic
    outbuilding
  info_url: https://rcow-web.t1cloud.com/T1PRDefault/WebApps/eProperty/P1/eTrack/eTrackApplicationDetails.aspx?ApplicationId=PlnApp25%2F005&f=%24P1.ETR.APPDET.VIW&r=P1.WEBGUEST
  date_scraped: '2019-05-15'
  date_received: '2025-01-23'
- council_reference: PlnApp25/006
  address: Panorama Park 254 Warby Tower Road KILLAWARRA VIC 3678
  description: Use and development of the land for a second dwelling
  info_url: https://rcow-web.t1cloud.com/T1PRDefault/WebApps/eProperty/P1/eTrack/eTrackApplicationDetails.aspx?ApplicationId=PlnApp25%2F006&f=%24P1.ETR.APPDET.VIW&r=P1.WEBGUEST
  date_scraped: '2019-05-15'
  date_received: '2025-01-29'
- council_reference: PlnApp25/007
  address: 1018 Wangaratta-Whitfield Road OXLEY VIC 3678
  description: Buildings and works for the construction of a carport
  info_url: https://rcow-web.t1cloud.com/T1PRDefault/WebApps/eProperty/P1/eTrack/eTrackApplicationDetails.aspx?ApplicationId=PlnApp25%2F007&f=%24P1.ETR.APPDET.VIW&r=P1.WEBGUEST
  date_scraped: '2019-05-15'
  date_received: '2025-01-23'
- council_reference: PlnApp25/008
  address: Firbank Drive WALDARA VIC 3678
  description: Buildings and works for the construction of a domestic outbuilding
  info_url: https://rcow-web.t1cloud.com/T1PRDefault/WebApps/eProperty/P1/eTrack/eTrackApplicationDetails.aspx?ApplicationId=PlnApp25%2F008&f=%24P1.ETR.APPDET.VIW&r=P1.WEBGUEST
  date_scraped: '2019-05-15'
  date_received: '2025-01-29'
- council_reference: PlnApp25/009
  address: 39 Gladstone Street GLENROWAN VIC 3675
  description: Use of the land for a liquor licence (general licence)
  info_url: https://rcow-web.t1cloud.com/T1PRDefault/WebApps/eProperty/P1/eTrack/eTrackApplicationDetails.aspx?ApplicationId=PlnApp25%2F009&f=%24P1.ETR.APPDET.VIW&r=P1.WEBGUEST
  date_scraped: '2019-05-15'
  date_received: '2025-01-29'
- council_reference: PlnApp25/010
  address: 117 Wangandary Road WANGANDARY VIC 3678
  description: Development Plan - Precinct 8 (NWGA)
  info_url: https://rcow-web.t1cloud.com/T1PRDefault/WebApps/eProperty/P1/eTrack/eTrackApplicationDetails.aspx?ApplicationId=PlnApp25%2F010&f=%24P1.ETR.APPDET.VIW&r=P1.WEBGUEST
  date_scraped: '2019-05-15'
  date_received: '2025-02-07'
- council_reference: PlnApp25/011
  address: 183 Wilson Road WANGANDARY VIC 3678
  description: Use of the land for a liquor licence (producerâ€™s licence)
  info_url: https://rcow-web.t1cloud.com/T1PRDefault/WebApps/eProperty/P1/eTrack/eTrackApplicationDetails.aspx?ApplicationId=PlnApp25%2F011&f=%24P1.ETR.APPDET.VIW&r=P1.WEBGUEST
  date_scraped: '2019-05-15'
  date_received: '2025-02-05'
- council_reference: PlnApp25/012
  address: 22 Browning Street WANGARATTA VIC 3677
  description: Buildings and works for the construction of an extension to an existing
    warehouse
  info_url: https://rcow-web.t1cloud.com/T1PRDefault/WebApps/eProperty/P1/eTrack/eTrackApplicationDetails.aspx?ApplicationId=PlnApp25%2F012&f=%24P1.ETR.APPDET.VIW&r=P1.WEBGUEST
  date_scraped: '2019-05-15'
  date_received: '2025-01-30'
- council_reference: PlnApp25/013
  address: Lendamm Terrace WALDARA VIC 3678
  description: Buildings and works for the construction of a domestic outbuilding
  info_url: https://rcow-web.t1cloud.com/T1PRDefault/WebApps/eProperty/P1/eTrack/eTrackApplicationDetails.aspx?ApplicationId=PlnApp25%2F013&f=%24P1.ETR.APPDET.VIW&r=P1.WEBGUEST
  date_scraped: '2019-05-15'
  date_received: '2025-02-07'
- council_reference: PlnApp25/014
  address: 19 Warrawong Lane GLENROWAN VIC 3675
  description: Buildings and works for the construction of a domestic outbuilding
  info_url: https://rcow-web.t1cloud.com/T1PRDefault/WebApps/eProperty/P1/eTrack/eTrackApplicationDetails.aspx?ApplicationId=PlnApp25%2F014&f=%24P1.ETR.APPDET.VIW&r=P1.WEBGUEST
  date_scraped: '2019-05-15'
  date_received: '2025-02-10'
- council_reference: PlnApp25/015
  address: 4 Hay Avenue WANGARATTA VIC 3677
  description: Buildings and works for the construction of a warehouse and reduction
    of car parking requirements
  info_url: https://rcow-web.t1cloud.com/T1PRDefault/WebApps/eProperty/P1/eTrack/eTrackApplicationDetails.aspx?ApplicationId=PlnApp25%2F015&f=%24P1.ETR.APPDET.VIW&r=P1.WEBGUEST
  date_scraped: '2019-05-15'
  date_received: '2025-02-12'
