---
- council_reference: WYP0629/06.11
  address: 7 Cinnamon Grove POINT COOK VIC 3030
  description: Section 72 Amendment – Amendments to the preamble, conditions and endorsed
    plans to allow for additional practitioners and alterations to the development
  info_url: https://wyndham-web.t1cloud.com/T1PRDefault/WebApps/eProperty/P1/eTrack/eTrackApplicationDetails.aspx?ApplicationId=WYP0629%2F06.11&f=%24P1.ETR.APPDET.VIW&r=P1.WEBGUEST
  date_scraped: '2019-05-15'
  date_received: '2025-02-17'
- council_reference: WYP12274/20.06
  address: 155 Kenning Road TARNEIT VIC 3029
  description: "Section 72 Amendment to the Planning Permit and Plans\r\n37.07-10
    - Subdivide land \r\n32.07-3 - Subdivide Land"
  info_url: https://wyndham-web.t1cloud.com/T1PRDefault/WebApps/eProperty/P1/eTrack/eTrackApplicationDetails.aspx?ApplicationId=WYP12274%2F20.06&f=%24P1.ETR.APPDET.VIW&r=P1.WEBGUEST
  date_scraped: '2019-05-15'
  date_received: '2025-02-11'
- council_reference: WYP12953/21.05
  address: 16 Wallace Avenue POINT COOK VIC 3030
  description: "Section 72 Amendment – Amendment of the endorsed plans, permit conditions,
    and a reduction in the car parking requirement.\r\n\r\n52.06-3 – Reduce the number
    of car parking spaces required under Clause 52.06-5 or in a schedule to the Parking
    Overlay."
  info_url: https://wyndham-web.t1cloud.com/T1PRDefault/WebApps/eProperty/P1/eTrack/eTrackApplicationDetails.aspx?ApplicationId=WYP12953%2F21.05&f=%24P1.ETR.APPDET.VIW&r=P1.WEBGUEST
  date_scraped: '2019-05-15'
  date_received: '2025-02-05'
- council_reference: WYP13171/21.06
  address: 127-145 Cherry Lane LAVERTON NORTH VIC 3026
  description: "Section 72 Amendment – Amendment to the permit to introduce industry
    use (amendment to preamble, conditions and plans and introduce new trigger)\r\n33.02-1
    Use of land for industry \r\n\r\nOriginal preamble: \r\nUse and development of
    the land for the purpose of warehouses, the display of signs and a reduction to
    the number of car parking spaces required under Clause 52.06."
  info_url: https://wyndham-web.t1cloud.com/T1PRDefault/WebApps/eProperty/P1/eTrack/eTrackApplicationDetails.aspx?ApplicationId=WYP13171%2F21.06&f=%24P1.ETR.APPDET.VIW&r=P1.WEBGUEST
  date_scraped: '2019-05-15'
  date_received: '2025-02-14'
- council_reference: WYP13625/22.08
  address: 840 Sayers Road TARNEIT VIC 3029
  description: "Section 72 Amendment – Amendment to Plans to remove staging boundaries,
    Amend Conditions 3, 6 6e) 6f) 6g), 7, 24 and 58a) and 58b), Delete condition 6d)
    and 58b). \r\nClause 32.08-3\tSubdivide Land\r\nClause 52.02\tCreate an easement
    under Section 23 of the Subdivision Act 1988\r\nClause 52.02\tCreate a restriction
    under Section 23 of the Subdivision Act 1988"
  info_url: https://wyndham-web.t1cloud.com/T1PRDefault/WebApps/eProperty/P1/eTrack/eTrackApplicationDetails.aspx?ApplicationId=WYP13625%2F22.08&f=%24P1.ETR.APPDET.VIW&r=P1.WEBGUEST
  date_scraped: '2019-05-15'
  date_received: '2025-01-23'
- council_reference: WYP13902/22.07
  address: 860 Derrimut Road TARNEIT VIC 3029
  description: "Section 72 Amendment to the Planning Permit - addition of condition\r\n37.07-10
    - Subdivide Land\r\n32.07-3 - Subdivide Land"
  info_url: https://wyndham-web.t1cloud.com/T1PRDefault/WebApps/eProperty/P1/eTrack/eTrackApplicationDetails.aspx?ApplicationId=WYP13902%2F22.07&f=%24P1.ETR.APPDET.VIW&r=P1.WEBGUEST
  date_scraped: '2019-05-15'
  date_received: '2025-02-11'
- council_reference: WYP14522/24.03
  address: 369 Palmers Road TRUGANINA VIC 3029
  description: "Section 72 Amendment – Amendment to the permit address and changes
    to the development approved\r\n33.03-1 use of land for a utility installation\r\n33.03-4
    construct a building or construct or carry out works for a utility installation\r\n52.29-2
    to create or alter access to land in a public acquisition overlay if the purpose
    of acquisition is for the purpose of a road"
  info_url: https://wyndham-web.t1cloud.com/T1PRDefault/WebApps/eProperty/P1/eTrack/eTrackApplicationDetails.aspx?ApplicationId=WYP14522%2F24.03&f=%24P1.ETR.APPDET.VIW&r=P1.WEBGUEST
  date_scraped: '2019-05-15'
  date_received: '2025-01-30'
- council_reference: WYP14943/25
  address: 10/150 Palmers Road TRUGANINA VIC 3029
  description: "37.07-9 - Part B Schedule 2 Item 2.3 - Use of land for shop \r\n34.02-1
    - Use of land for shop"
  info_url: https://wyndham-web.t1cloud.com/T1PRDefault/WebApps/eProperty/P1/eTrack/eTrackApplicationDetails.aspx?ApplicationId=WYP14943%2F25&f=%24P1.ETR.APPDET.VIW&r=P1.WEBGUEST
  date_scraped: '2019-05-15'
  date_received: '2025-01-23'
- council_reference: WYP14944/25
  address: 244 Hogans Road HOPPERS CROSSING VIC 3029
  description: "32.08-2 - Use of land for an education centre\r\n32.08-10 - Construct
    a building or construct or carry out works for an education centre"
  info_url: https://wyndham-web.t1cloud.com/T1PRDefault/WebApps/eProperty/P1/eTrack/eTrackApplicationDetails.aspx?ApplicationId=WYP14944%2F25&f=%24P1.ETR.APPDET.VIW&r=P1.WEBGUEST
  date_scraped: '2019-05-15'
  date_received: '2025-01-23'
- council_reference: WYP14945/25
  address: 668 Leakes Road TARNEIT VIC 3029
  description: 52.05-2 – Construct or put up for display an internally illuminated
    sign and business identification sign.
  info_url: https://wyndham-web.t1cloud.com/T1PRDefault/WebApps/eProperty/P1/eTrack/eTrackApplicationDetails.aspx?ApplicationId=WYP14945%2F25&f=%24P1.ETR.APPDET.VIW&r=P1.WEBGUEST
  date_scraped: '2019-05-15'
  date_received: '2025-01-23'
- council_reference: WYP14946/25
  address: 148 Derrimut Road HOPPERS CROSSING VIC 3029
  description: 52.05-2 - Construct or put up for display business identification sign
    (4 external non-illuminated signs and 1 external illuminated sign) - not sure
    if required JH
  info_url: https://wyndham-web.t1cloud.com/T1PRDefault/WebApps/eProperty/P1/eTrack/eTrackApplicationDetails.aspx?ApplicationId=WYP14946%2F25&f=%24P1.ETR.APPDET.VIW&r=P1.WEBGUEST
  date_scraped: '2019-05-15'
  date_received: '2025-01-23'
- council_reference: WYP14947/25
  address: 16 Bentley Crescent HOPPERS CROSSING VIC 3029
  description: 52.02 - To create, vary or remove an easement or restriction or vary
    or remove a condition in the nature of an easement in a Crown grant under Section
    23 of the Subdivision Act 1988
  info_url: https://wyndham-web.t1cloud.com/T1PRDefault/WebApps/eProperty/P1/eTrack/eTrackApplicationDetails.aspx?ApplicationId=WYP14947%2F25&f=%24P1.ETR.APPDET.VIW&r=P1.WEBGUEST
  date_scraped: '2019-05-15'
  date_received: '2025-01-27'
- council_reference: WYP14948/25
  address: 1455 Dohertys Road MOUNT COTTRELL VIC 3024
  description: "37.07-1 – Use of land for vehicle store \r\n37.07-4 – Construct or
    carry out a. building or works associated with a use in Section 2 of Clause 37.07-1.\r\n35.07-1
    - Use of land for vehicle store\r\n35.07-4 – Construct or carry out a. building
    or works associated with a use in Section 2 of Clause 37.07-1."
  info_url: https://wyndham-web.t1cloud.com/T1PRDefault/WebApps/eProperty/P1/eTrack/eTrackApplicationDetails.aspx?ApplicationId=WYP14948%2F25&f=%24P1.ETR.APPDET.VIW&r=P1.WEBGUEST
  date_scraped: '2019-05-15'
  date_received: '2025-01-24'
- council_reference: WYP14949/25
  address: 17 Brushtail Street MAMBOURIN VIC 3024
  description: 43.02-2 - Construct a building or construct or carry out works for
    a dwelling
  info_url: https://wyndham-web.t1cloud.com/T1PRDefault/WebApps/eProperty/P1/eTrack/eTrackApplicationDetails.aspx?ApplicationId=WYP14949%2F25&f=%24P1.ETR.APPDET.VIW&r=P1.WEBGUEST
  date_scraped: '2019-05-15'
  date_received: '2025-01-28'
- council_reference: WYP14950/25
  address: 23 Leakes Road LAVERTON NORTH VIC 3026
  description: 33.03-4 - Construct a building or construct or carry out works for
    a temporary structure
  info_url: https://wyndham-web.t1cloud.com/T1PRDefault/WebApps/eProperty/P1/eTrack/eTrackApplicationDetails.aspx?ApplicationId=WYP14950%2F25&f=%24P1.ETR.APPDET.VIW&r=P1.WEBGUEST
  date_scraped: '2019-05-15'
  date_received: '2025-01-28'
- council_reference: WYP14951/25
  address: 2-4 Raymond Road LAVERTON NORTH VIC 3026
  description: "33.02-1 – Use of the land for Materials Recycling, Warehouse, and
    Office\r\n33.02-4 – Construct a building or construct or carry out works associated
    with office buildings, light standards, and the use of the land"
  info_url: https://wyndham-web.t1cloud.com/T1PRDefault/WebApps/eProperty/P1/eTrack/eTrackApplicationDetails.aspx?ApplicationId=WYP14951%2F25&f=%24P1.ETR.APPDET.VIW&r=P1.WEBGUEST
  date_scraped: '2019-05-15'
  date_received: '2025-01-28'
- council_reference: WYP14952/25
  address: 561 Tarneit Road HOPPERS CROSSING VIC 3029
  description: "32.08-2 – Use of land for a swim school\r\n32.08-10 – Construct a
    building or construct or carry out works for a swim school\r\n52.05-13 - Construct
    or put up for display a business \r\n52.06-3 - Reduce the number of car parking
    spaces required under Clause 52.06-5\r\n52.34-2 - To vary, reduce or waive any
    requirement of Clause 52.34-5 and Clause 52.34-6"
  info_url: https://wyndham-web.t1cloud.com/T1PRDefault/WebApps/eProperty/P1/eTrack/eTrackApplicationDetails.aspx?ApplicationId=WYP14952%2F25&f=%24P1.ETR.APPDET.VIW&r=P1.WEBGUEST
  date_scraped: '2019-05-15'
  date_received: '2025-01-28'
- council_reference: WYP14953/25
  address: 50 Galvin Road WERRIBEE VIC 3030
  description: "37.07-10 - Subdivide land\r\n32.08-3 - Subdivide land\r\n52.02 - To
    remove an easement or remove a condition in the nature of an easement in a Crown
    grant under Section 23 of the Subdivision Act 1988"
  info_url: https://wyndham-web.t1cloud.com/T1PRDefault/WebApps/eProperty/P1/eTrack/eTrackApplicationDetails.aspx?ApplicationId=WYP14953%2F25&f=%24P1.ETR.APPDET.VIW&r=P1.WEBGUEST
  date_scraped: '2019-05-15'
  date_received: '2025-01-29'
- council_reference: WYP14954/25
  address: 2 Etosha Street TARNEIT VIC 3029
  description: "32.07-2 – Use of land for a childcare centre\r\n32.07-9 - Construct
    a building or construct or carry out works for a childcare centre"
  info_url: https://wyndham-web.t1cloud.com/T1PRDefault/WebApps/eProperty/P1/eTrack/eTrackApplicationDetails.aspx?ApplicationId=WYP14954%2F25&f=%24P1.ETR.APPDET.VIW&r=P1.WEBGUEST
  date_scraped: '2019-05-15'
  date_received: '2025-01-29'
- council_reference: WYP14955/25
  address: 30 Droomer Way TARNEIT VIC 3029
  description: "33.03-1 Use of the land for a Warehouse\r\n33.03-4 Construct a building
    or construct or carry out works for a Warehouse \r\n52.06-3 Reduce the number
    of car parking spaces required under Clause 52.06-5"
  info_url: https://wyndham-web.t1cloud.com/T1PRDefault/WebApps/eProperty/P1/eTrack/eTrackApplicationDetails.aspx?ApplicationId=WYP14955%2F25&f=%24P1.ETR.APPDET.VIW&r=P1.WEBGUEST
  date_scraped: '2019-05-15'
  date_received: '2025-01-29'
- council_reference: WYP14956/25
  address: 192 Featherbrook Drive POINT COOK VIC 3030
  description: 52.02 - To create an easement under Section 23 of the Subdivision Act
    1988 - On a Council Reserve
  info_url: https://wyndham-web.t1cloud.com/T1PRDefault/WebApps/eProperty/P1/eTrack/eTrackApplicationDetails.aspx?ApplicationId=WYP14956%2F25&f=%24P1.ETR.APPDET.VIW&r=P1.WEBGUEST
  date_scraped: '2019-05-15'
  date_received: '2025-01-30'
- council_reference: WYP14957/25
  address: 12/150 Palmers Road TRUGANINA VIC 3029
  description: "34.02-1 Use of land for a Shop \r\n37.07-9 Schedule 2 Item 2.3"
  info_url: https://wyndham-web.t1cloud.com/T1PRDefault/WebApps/eProperty/P1/eTrack/eTrackApplicationDetails.aspx?ApplicationId=WYP14957%2F25&f=%24P1.ETR.APPDET.VIW&r=P1.WEBGUEST
  date_scraped: '2019-05-15'
  date_received: '2025-01-30'
- council_reference: WYP14958/25
  address: 370 Black Forest Road MAMBOURIN VIC 3024
  description: "34.01-1 Use of land for Child care centre, Restricted recreation facility
    and Motor repairs \r\n34.01-3 Subdivide land\r\n34.01-4 Construct a building or
    construct or cary out works \r\n52.05-2 Construct or put up for display business
    identification signage \r\n52.06 Reduce the number of car parking spaces required
    under Clause 52.06-5\r\n52.27 Use land to sell or consume liquor \r\n52.34-2 Reduce
    or waive the requirements of Clause 52.34-5 and Clause 52.34-6"
  info_url: https://wyndham-web.t1cloud.com/T1PRDefault/WebApps/eProperty/P1/eTrack/eTrackApplicationDetails.aspx?ApplicationId=WYP14958%2F25&f=%24P1.ETR.APPDET.VIW&r=P1.WEBGUEST
  date_scraped: '2019-05-15'
  date_received: '2025-01-30'
- council_reference: WYP14959/25
  address: 613/101 Overton Road WILLIAMS LANDING VIC 3027
  description: 52.06 -3 Reduce the number of car parking spaces required under Clause
    52.06-5 or in a schedule to the Parking Overlay
  info_url: https://wyndham-web.t1cloud.com/T1PRDefault/WebApps/eProperty/P1/eTrack/eTrackApplicationDetails.aspx?ApplicationId=WYP14959%2F25&f=%24P1.ETR.APPDET.VIW&r=P1.WEBGUEST
  date_scraped: '2019-05-15'
  date_received: '2025-01-29'
- council_reference: WYP14960/25
  address: 4 Prana Way WERRIBEE VIC 3030
  description: 32.08-5 - Construct one dwelling one on lot less than 300 square metres
  info_url: https://wyndham-web.t1cloud.com/T1PRDefault/WebApps/eProperty/P1/eTrack/eTrackApplicationDetails.aspx?ApplicationId=WYP14960%2F25&f=%24P1.ETR.APPDET.VIW&r=P1.WEBGUEST
  date_scraped: '2019-05-15'
  date_received: '2025-02-03'
- council_reference: WYP14961/25
  address: 98 K Road WERRIBEE SOUTH VIC 3030
  description: 52.05-13 - Construct or put up for display a business identification
    sign
  info_url: https://wyndham-web.t1cloud.com/T1PRDefault/WebApps/eProperty/P1/eTrack/eTrackApplicationDetails.aspx?ApplicationId=WYP14961%2F25&f=%24P1.ETR.APPDET.VIW&r=P1.WEBGUEST
  date_scraped: '2019-05-15'
  date_received: '2025-02-03'
- council_reference: WYP14962/25
  address: 22/150 Palmers Road TRUGANINA VIC 3029
  description: "37.07-9 - Part B Schedule 2 Item 2.3 - Use of land for Take away food
    premises \r\n34.02-1 - Use of land for Take away food premises"
  info_url: https://wyndham-web.t1cloud.com/T1PRDefault/WebApps/eProperty/P1/eTrack/eTrackApplicationDetails.aspx?ApplicationId=WYP14962%2F25&f=%24P1.ETR.APPDET.VIW&r=P1.WEBGUEST
  date_scraped: '2019-05-15'
  date_received: '2025-02-04'
- council_reference: WYP14963/25
  address: 102 Sycamore Street HOPPERS CROSSING VIC 3029
  description: 32.08-7 - Construct two or more dwellings on a lot
  info_url: https://wyndham-web.t1cloud.com/T1PRDefault/WebApps/eProperty/P1/eTrack/eTrackApplicationDetails.aspx?ApplicationId=WYP14963%2F25&f=%24P1.ETR.APPDET.VIW&r=P1.WEBGUEST
  date_scraped: '2019-05-15'
  date_received: '2025-02-04'
- council_reference: WYP14964/25
  address: 19 Wallace Avenue POINT COOK VIC 3030
  description: 33.-3-4 - Construct a building or construct or carry out works
  info_url: https://wyndham-web.t1cloud.com/T1PRDefault/WebApps/eProperty/P1/eTrack/eTrackApplicationDetails.aspx?ApplicationId=WYP14964%2F25&f=%24P1.ETR.APPDET.VIW&r=P1.WEBGUEST
  date_scraped: '2019-05-15'
  date_received: '2025-02-04'
- council_reference: WYP14965/25
  address: 22 College Road WERRIBEE VIC 3030
  description: 43.01-1 Construct a building or construct or carry out works
  info_url: https://wyndham-web.t1cloud.com/T1PRDefault/WebApps/eProperty/P1/eTrack/eTrackApplicationDetails.aspx?ApplicationId=WYP14965%2F25&f=%24P1.ETR.APPDET.VIW&r=P1.WEBGUEST
  date_scraped: '2019-05-15'
  date_received: '2025-02-05'
- council_reference: WYP14966/25
  address: 174 Duncans Road WERRIBEE VIC 3030
  description: "32.08-3 - Subdivide Land\r\n52.29-2 - Subdivide land adjacent to a
    road in a Transport Zone 2."
  info_url: https://wyndham-web.t1cloud.com/T1PRDefault/WebApps/eProperty/P1/eTrack/eTrackApplicationDetails.aspx?ApplicationId=WYP14966%2F25&f=%24P1.ETR.APPDET.VIW&r=P1.WEBGUEST
  date_scraped: '2019-05-15'
  date_received: '2025-02-06'
- council_reference: WYP14967/25
  address: 281 Princes Highway WERRIBEE VIC 3030
  description: "32.08-2 Use of land for a Medical Centre\r\n32.08-10 Construct a building
    or construct or carry out works for a Medical Centre\r\n52.05-2 Construct or put
    up for display a Business identification sign\r\n52.06-3 Reduce the number of
    car parking spaces required under Clause 52.06-5\r\n52.29-2 Create or alter access
    to a road in a Transport Zone 2"
  info_url: https://wyndham-web.t1cloud.com/T1PRDefault/WebApps/eProperty/P1/eTrack/eTrackApplicationDetails.aspx?ApplicationId=WYP14967%2F25&f=%24P1.ETR.APPDET.VIW&r=P1.WEBGUEST
  date_scraped: '2019-05-15'
  date_received: '2025-02-06'
- council_reference: WYP14968/25
  address: 56 Old Geelong Road HOPPERS CROSSING VIC 3029
  description: 32.04-3 - To subdivide land
  info_url: https://wyndham-web.t1cloud.com/T1PRDefault/WebApps/eProperty/P1/eTrack/eTrackApplicationDetails.aspx?ApplicationId=WYP14968%2F25&f=%24P1.ETR.APPDET.VIW&r=P1.WEBGUEST
  date_scraped: '2019-05-15'
  date_received: '2025-02-07'
- council_reference: WYP14969/25
  address: 323 Greens Road MAMBOURIN VIC 3024
  description: "34.01-1 Use of land for restricted recreation facility, sales office
    and food & drinks premises\r\n34.01-3 Subdivide land\r\n34.01-4 Construct a building
    or construct or carry out works\r\n44.04-3 Subdivide land\r\n52.05 Construct or
    put up for display for business identification signs"
  info_url: https://wyndham-web.t1cloud.com/T1PRDefault/WebApps/eProperty/P1/eTrack/eTrackApplicationDetails.aspx?ApplicationId=WYP14969%2F25&f=%24P1.ETR.APPDET.VIW&r=P1.WEBGUEST
  date_scraped: '2019-05-15'
  date_received: '2025-02-06'
- council_reference: WYP14970/25
  address: 30 Bolton Road WYNDHAM VALE VIC 3024
  description: "52.05-2 - Construct or put up for display a business identification
    sign\r\n52.29-2 - Create or alter access to a road in a Transport Zone 2"
  info_url: https://wyndham-web.t1cloud.com/T1PRDefault/WebApps/eProperty/P1/eTrack/eTrackApplicationDetails.aspx?ApplicationId=WYP14970%2F25&f=%24P1.ETR.APPDET.VIW&r=P1.WEBGUEST
  date_scraped: '2019-05-15'
  date_received: '2025-02-07'
- council_reference: WYP14971/25
  address: 16 Hobbs Road WYNDHAM VALE VIC 3024
  description: 32.08-2 – Use of the land for Crop Raising (hay making)
  info_url: https://wyndham-web.t1cloud.com/T1PRDefault/WebApps/eProperty/P1/eTrack/eTrackApplicationDetails.aspx?ApplicationId=WYP14971%2F25&f=%24P1.ETR.APPDET.VIW&r=P1.WEBGUEST
  date_scraped: '2019-05-15'
  date_received: '2025-02-09'
- council_reference: WYP14972/25
  address: 370 Black Forest Road MAMBOURIN VIC 3024
  description: 52.27 Use land to sell or consume liquor
  info_url: https://wyndham-web.t1cloud.com/T1PRDefault/WebApps/eProperty/P1/eTrack/eTrackApplicationDetails.aspx?ApplicationId=WYP14972%2F25&f=%24P1.ETR.APPDET.VIW&r=P1.WEBGUEST
  date_scraped: '2019-05-15'
  date_received: '2025-02-10'
- council_reference: WYP14973/25
  address: 1 Magpie Court WERRIBEE VIC 3030
  description: 32.08-7 - Construct a dwelling where there is at least one dwelling
    existing on the lot
  info_url: https://wyndham-web.t1cloud.com/T1PRDefault/WebApps/eProperty/P1/eTrack/eTrackApplicationDetails.aspx?ApplicationId=WYP14973%2F25&f=%24P1.ETR.APPDET.VIW&r=P1.WEBGUEST
  date_scraped: '2019-05-15'
  date_received: '2025-02-10'
- council_reference: WYP14974/25
  address: 235-237 Princes Highway WERRIBEE VIC 3030
  description: "32.08-2 Use of land for a medical centre\r\n32.08-10 Construct a building
    or construct or carry out works for a medical centre\r\n43.02-2 Construct a building\r\n52.06-3
    Reduce the number of car parking spaces required under Clause 52.06-5 or in a
    schedule to the Parking Overlay"
  info_url: https://wyndham-web.t1cloud.com/T1PRDefault/WebApps/eProperty/P1/eTrack/eTrackApplicationDetails.aspx?ApplicationId=WYP14974%2F25&f=%24P1.ETR.APPDET.VIW&r=P1.WEBGUEST
  date_scraped: '2019-05-15'
  date_received: '2025-02-10'
- council_reference: WYP14975/25
  address: 17/20 Prosperity Street TRUGANINA VIC 3029
  description: 33.03-4 - Construct a building or construct or carry out works in association
    with an existing warehouse
  info_url: https://wyndham-web.t1cloud.com/T1PRDefault/WebApps/eProperty/P1/eTrack/eTrackApplicationDetails.aspx?ApplicationId=WYP14975%2F25&f=%24P1.ETR.APPDET.VIW&r=P1.WEBGUEST
  date_scraped: '2019-05-15'
  date_received: '2025-02-11'
- council_reference: WYP14976/25
  address: 15 Delancey Street TARNEIT VIC 3029
  description: 32.08-5 - to construct or extend one dwelling on a lot less than 300
    square metres
  info_url: https://wyndham-web.t1cloud.com/T1PRDefault/WebApps/eProperty/P1/eTrack/eTrackApplicationDetails.aspx?ApplicationId=WYP14976%2F25&f=%24P1.ETR.APPDET.VIW&r=P1.WEBGUEST
  date_scraped: '2019-05-15'
  date_received: '2025-02-11'
- council_reference: WYP14977/25
  address: 10 K Avenue WERRIBEE SOUTH VIC 3030
  description: "35.04-3 Subdivide Land \r\n35.04 Use of a land for a dwelling"
  info_url: https://wyndham-web.t1cloud.com/T1PRDefault/WebApps/eProperty/P1/eTrack/eTrackApplicationDetails.aspx?ApplicationId=WYP14977%2F25&f=%24P1.ETR.APPDET.VIW&r=P1.WEBGUEST
  date_scraped: '2019-05-15'
  date_received: '2025-02-12'
- council_reference: WYP14978/25
  address: 57 Yearling Promenade WERRIBEE VIC 3030
  description: "36.02-2 – Construct a building or construct or carry out works for
    a Garage associated with an existing Dwelling on a lot partially within the Public
    Park and Recreation Zone due to a zoning anomaly.\r\n43.03-2 – Construct a building
    or construct or carry out works for a Garage associated with an existing Dwelling
    on a lot partially within the Significant Landscape Overlay due to a zoning anomaly."
  info_url: https://wyndham-web.t1cloud.com/T1PRDefault/WebApps/eProperty/P1/eTrack/eTrackApplicationDetails.aspx?ApplicationId=WYP14978%2F25&f=%24P1.ETR.APPDET.VIW&r=P1.WEBGUEST
  date_scraped: '2019-05-15'
  date_received: '2025-02-11'
- council_reference: WYP14979/25
  address: 46-52 Dohertys Road LAVERTON NORTH VIC 3026
  description: 33.02-4 - Construct a building or construct or carry out works for
    a shed
  info_url: https://wyndham-web.t1cloud.com/T1PRDefault/WebApps/eProperty/P1/eTrack/eTrackApplicationDetails.aspx?ApplicationId=WYP14979%2F25&f=%24P1.ETR.APPDET.VIW&r=P1.WEBGUEST
  date_scraped: '2019-05-15'
  date_received: '2025-02-11'
- council_reference: WYP14980/25
  address: 38 Terracotta Avenue TARNEIT VIC 3029
  description: "32.07-6 Construct two or more dwellings on a lot\r\n52.06-3 - Reduce
    the number of car parking spaces required under Clause 52.06-5 or in a schedule
    to the Parking Overlay"
  info_url: https://wyndham-web.t1cloud.com/T1PRDefault/WebApps/eProperty/P1/eTrack/eTrackApplicationDetails.aspx?ApplicationId=WYP14980%2F25&f=%24P1.ETR.APPDET.VIW&r=P1.WEBGUEST
  date_scraped: '2019-05-15'
  date_received: '2025-02-13'
- council_reference: WYP14981/25
  address: 57 Patch Circuit LAVERTON NORTH VIC 3026
  description: "33.02-1 Use of land for a Warehouse\r\n33.03-4 Construct a building
    or construct or carry out works for a Warehouse"
  info_url: https://wyndham-web.t1cloud.com/T1PRDefault/WebApps/eProperty/P1/eTrack/eTrackApplicationDetails.aspx?ApplicationId=WYP14981%2F25&f=%24P1.ETR.APPDET.VIW&r=P1.WEBGUEST
  date_scraped: '2019-05-15'
  date_received: '2025-02-17'
- council_reference: WYP14982/25
  address: 370 Black Forest Road MAMBOURIN VIC 3024
  description: "34.01-4 Construct a building or construct or carry out works for a
    Indoor Recreation facility\r\n52.05-2 Construct or put up for display internally
    illuminated business identification signage"
  info_url: https://wyndham-web.t1cloud.com/T1PRDefault/WebApps/eProperty/P1/eTrack/eTrackApplicationDetails.aspx?ApplicationId=WYP14982%2F25&f=%24P1.ETR.APPDET.VIW&r=P1.WEBGUEST
  date_scraped: '2019-05-15'
  date_received: '2025-02-17'
- council_reference: WYP14983/25
  address: Whse 2/162-164 Fitzgerald Road LAVERTON NORTH VIC 3026
  description: 33.02-4 Construct a building or construct or carry out works for internal
    alterations and a mezzanine floor.
  info_url: https://wyndham-web.t1cloud.com/T1PRDefault/WebApps/eProperty/P1/eTrack/eTrackApplicationDetails.aspx?ApplicationId=WYP14983%2F25&f=%24P1.ETR.APPDET.VIW&r=P1.WEBGUEST
  date_scraped: '2019-05-15'
  date_received: '2025-02-17'
- council_reference: WYP14984/25
  address: 90 Malcolm Road LITTLE RIVER VIC 3211
  description: 35.04-5 Construct a building or construct or carry out works for a
    dwelling
  info_url: https://wyndham-web.t1cloud.com/T1PRDefault/WebApps/eProperty/P1/eTrack/eTrackApplicationDetails.aspx?ApplicationId=WYP14984%2F25&f=%24P1.ETR.APPDET.VIW&r=P1.WEBGUEST
  date_scraped: '2019-05-15'
  date_received: '2025-02-17'
- council_reference: WYP14985/25
  address: 1 Hume Road LAVERTON NORTH VIC 3026
  description: 33.02-4 - Construct a building or construct or carry out works for
    an existing freezing and cold storage facility
  info_url: https://wyndham-web.t1cloud.com/T1PRDefault/WebApps/eProperty/P1/eTrack/eTrackApplicationDetails.aspx?ApplicationId=WYP14985%2F25&f=%24P1.ETR.APPDET.VIW&r=P1.WEBGUEST
  date_scraped: '2019-05-15'
  date_received: '2025-02-17'
- council_reference: WYP14986/25
  address: 5 Wilmington Avenue HOPPERS CROSSING VIC 3029
  description: 52.02 Variation of a restrictive covenant
  info_url: https://wyndham-web.t1cloud.com/T1PRDefault/WebApps/eProperty/P1/eTrack/eTrackApplicationDetails.aspx?ApplicationId=WYP14986%2F25&f=%24P1.ETR.APPDET.VIW&r=P1.WEBGUEST
  date_scraped: '2019-05-15'
  date_received: '2025-02-17'
- council_reference: WYP7885/14.40
  address: 211 Leakes Road TRUGANINA VIC 3029
  description: Section 72 Amendment – to alter what the permit allows to include use
    of land for unit 158 for a Indoor Recreation Facility and amend the plans
  info_url: https://wyndham-web.t1cloud.com/T1PRDefault/WebApps/eProperty/P1/eTrack/eTrackApplicationDetails.aspx?ApplicationId=WYP7885%2F14.40&f=%24P1.ETR.APPDET.VIW&r=P1.WEBGUEST
  date_scraped: '2019-05-15'
  date_received: '2025-02-14'
